07-25 11:44:59.664  3493  3493 E ActivityThread: Failed to find provider info for com.google.android.setupwizard.partner
07-25 11:44:59.665  3493  3493 E ActivityThread: Failed to find provider info for com.google.android.setupwizard.partner
07-25 11:44:59.667  3493  3493 E ActivityThread: Failed to find provider info for com.google.android.setupwizard.partner
07-25 11:44:59.667  3493  3493 E ActivityThread: Failed to find provider info for com.google.android.setupwizard.partner
07-25 11:44:59.669  3493  3493 E ActivityThread: Failed to find provider info for com.google.android.setupwizard.partner
07-25 11:44:59.670  3493  3493 E ActivityThread: Failed to find provider info for com.google.android.setupwizard.partner
07-25 11:44:59.678  3493  3493 E ActivityThread: Failed to find provider info for com.google.android.setupwizard.partner
07-25 11:44:59.681  3493  3493 E ActivityThread: Failed to find provider info for com.google.android.setupwizard.partner
07-25 11:44:59.683  3493  3493 E ActivityThread: Failed to find provider info for com.google.android.setupwizard.partner
07-25 11:44:59.688  3493  3493 E ActivityThread: Failed to find provider info for com.google.android.setupwizard.partner
07-25 11:44:59.692  3493  3493 E ActivityThread: Failed to find provider info for com.google.android.setupwizard.partner
07-25 11:44:59.694  3493  3493 E ActivityThread: Failed to find provider info for com.google.android.setupwizard.partner
07-25 11:44:59.695  3493  3493 E ActivityThread: Failed to find provider info for com.google.android.setupwizard.partner
07-25 11:44:59.699  3493  3493 E ActivityThread: Failed to find provider info for com.google.android.setupwizard.partner
07-25 11:44:59.702  3493  3493 E ActivityThread: Failed to find provider info for com.google.android.setupwizard.partner
07-25 11:44:59.703  3493  3493 E ActivityThread: Failed to find provider info for com.google.android.setupwizard.partner
07-25 11:44:59.706  3493  3493 E ActivityThread: Failed to find provider info for com.google.android.setupwizard.partner
07-25 11:44:59.709  3493  3493 E ActivityThread: Failed to find provider info for com.google.android.setupwizard.partner
07-25 11:44:59.711  3493  3493 E ActivityThread: Failed to find provider info for com.google.android.setupwizard.partner
07-25 11:44:59.715  3493  3493 E ActivityThread: Failed to find provider info for com.google.android.setupwizard.partner
07-25 11:44:59.716  3493  3493 E ActivityThread: Failed to find provider info for com.google.android.setupwizard.partner
07-25 11:44:59.717  3493  3493 E ActivityThread: Failed to find provider info for com.google.android.setupwizard.partner
07-25 11:44:59.718  3493  3493 E ActivityThread: Failed to find provider info for com.google.android.setupwizard.partner
07-25 11:44:59.724  3493  3493 E ActivityThread: Failed to find provider info for com.google.android.setupwizard.partner
07-25 11:44:59.726  3493  3493 E ActivityThread: Failed to find provider info for com.google.android.setupwizard.partner
07-25 11:44:59.731  3493  3493 E ActivityThread: Failed to find provider info for com.google.android.setupwizard.partner
07-25 11:44:59.733  3493  3493 E ActivityThread: Failed to find provider info for com.google.android.setupwizard.partner
07-25 11:44:59.734  3493  3493 E ActivityThread: Failed to find provider info for com.google.android.setupwizard.partner
07-25 11:44:59.737  3493  3493 E ActivityThread: Failed to find provider info for com.google.android.setupwizard.partner
07-25 11:44:59.741  3493  3493 E ActivityThread: Failed to find provider info for com.google.android.setupwizard.partner
07-25 11:44:59.743  3493  3493 E ActivityThread: Failed to find provider info for com.google.android.setupwizard.partner
07-25 11:44:59.744  3493  3493 E ActivityThread: Failed to find provider info for com.google.android.setupwizard.partner
07-25 11:44:59.745  3493  3493 E ActivityThread: Failed to find provider info for com.google.android.setupwizard.partner
07-25 11:44:59.745  3493  3493 E ActivityThread: Failed to find provider info for com.google.android.setupwizard.partner
07-25 11:44:59.747  3493  3493 E ActivityThread: Failed to find provider info for com.google.android.setupwizard.partner
07-25 11:44:59.748  3493  3493 E ActivityThread: Failed to find provider info for com.google.android.setupwizard.partner
07-25 11:44:59.749  3493  3493 E ActivityThread: Failed to find provider info for com.google.android.setupwizard.partner
07-25 11:44:59.749  3493  3493 E ActivityThread: Failed to find provider info for com.google.android.setupwizard.partner
07-25 11:44:59.750  3493  3493 E ActivityThread: Failed to find provider info for com.google.android.setupwizard.partner
07-25 11:44:59.750  3493  3493 E ActivityThread: Failed to find provider info for com.google.android.setupwizard.partner
07-25 11:44:59.751  3493  3493 E ActivityThread: Failed to find provider info for com.google.android.setupwizard.partner
07-25 11:44:59.751  3493  3493 E ActivityThread: Failed to find provider info for com.google.android.setupwizard.partner
07-25 11:44:59.752  3493  3493 E ActivityThread: Failed to find provider info for com.google.android.setupwizard.partner
07-25 11:44:59.755  3493  3493 E ActivityThread: Failed to find provider info for com.google.android.setupwizard.partner
07-25 11:44:59.757  3493  3493 E ActivityThread: Failed to find provider info for com.google.android.setupwizard.partner
07-25 11:44:59.759  3493  3493 E ActivityThread: Failed to find provider info for com.google.android.setupwizard.partner
07-25 11:44:59.760  3493  3493 E ActivityThread: Failed to find provider info for com.google.android.setupwizard.partner
07-25 11:44:59.761  3493  3493 E ActivityThread: Failed to find provider info for com.google.android.setupwizard.partner
07-25 11:44:59.762  3493  3493 E ActivityThread: Failed to find provider info for com.google.android.setupwizard.partner
07-25 11:44:59.763  3493  3493 E ActivityThread: Failed to find provider info for com.google.android.setupwizard.partner
07-25 11:44:59.763  3493  3493 E ActivityThread: Failed to find provider info for com.google.android.setupwizard.partner
07-25 11:44:59.764  3493  3493 E ActivityThread: Failed to find provider info for com.google.android.setupwizard.partner
07-25 11:44:59.764  3493  3493 E ActivityThread: Failed to find provider info for com.google.android.setupwizard.partner
07-25 11:44:59.765  3493  3493 E ActivityThread: Failed to find provider info for com.google.android.setupwizard.partner
07-25 11:44:59.766  3493  3493 E ActivityThread: Failed to find provider info for com.google.android.setupwizard.partner
07-25 11:44:59.767  3493  3493 E ActivityThread: Failed to find provider info for com.google.android.setupwizard.partner
07-25 11:44:59.768  3493  3493 E ActivityThread: Failed to find provider info for com.google.android.setupwizard.partner
07-25 11:44:59.769  3493  3493 E ActivityThread: Failed to find provider info for com.google.android.setupwizard.partner
07-25 11:44:59.771  3493  3493 E ActivityThread: Failed to find provider info for com.google.android.setupwizard.partner
07-25 11:44:59.773  3493  3493 E ActivityThread: Failed to find provider info for com.google.android.setupwizard.partner
07-25 11:44:59.776  3493  3493 E ActivityThread: Failed to find provider info for com.google.android.setupwizard.partner
07-25 11:44:59.778  3493  3493 E ActivityThread: Failed to find provider info for com.google.android.setupwizard.partner
07-25 11:44:59.779  3493  3493 E ActivityThread: Failed to find provider info for com.google.android.setupwizard.partner
07-25 11:44:59.781  3493  3493 E ActivityThread: Failed to find provider info for com.google.android.setupwizard.partner
07-25 11:44:59.783  3493  3493 E ActivityThread: Failed to find provider info for com.google.android.setupwizard.partner
07-25 11:44:59.784  3493  3493 E ActivityThread: Failed to find provider info for com.google.android.setupwizard.partner
07-25 11:44:59.785  3493  3493 E ActivityThread: Failed to find provider info for com.google.android.setupwizard.partner
07-25 11:44:59.786  3493  3493 E ActivityThread: Failed to find provider info for com.google.android.setupwizard.partner
07-25 11:44:59.790  3493  3493 E ActivityThread: Failed to find provider info for com.google.android.setupwizard.partner
07-25 11:44:59.791  3493  3493 E ActivityThread: Failed to find provider info for com.google.android.setupwizard.partner
07-25 11:44:59.793  3493  3493 E ActivityThread: Failed to find provider info for com.google.android.setupwizard.partner
07-25 11:44:59.794  3493  3493 E ActivityThread: Failed to find provider info for com.google.android.setupwizard.partner
07-25 11:44:59.795  3493  3493 E ActivityThread: Failed to find provider info for com.google.android.setupwizard.partner
07-25 11:44:59.796  3493  3493 E ActivityThread: Failed to find provider info for com.google.android.setupwizard.partner
07-25 11:44:59.796  3493  3493 E ActivityThread: Failed to find provider info for com.google.android.setupwizard.partner
07-25 11:44:59.797  3493  3493 E ActivityThread: Failed to find provider info for com.google.android.setupwizard.partner
07-25 11:44:59.798  3493  3493 E ActivityThread: Failed to find provider info for com.google.android.setupwizard.partner
07-25 11:44:59.798  3493  3493 E ActivityThread: Failed to find provider info for com.google.android.setupwizard.partner
07-25 11:44:59.799  3493  3493 E ActivityThread: Failed to find provider info for com.google.android.setupwizard.partner
07-25 11:44:59.800  3493  3493 E ActivityThread: Failed to find provider info for com.google.android.setupwizard.partner
07-25 11:44:59.800  3493  3493 E ActivityThread: Failed to find provider info for com.google.android.setupwizard.partner
07-25 11:44:59.802  3493  3493 E ActivityThread: Failed to find provider info for com.google.android.setupwizard.partner
07-25 11:44:59.803  3493  3493 E ActivityThread: Failed to find provider info for com.google.android.setupwizard.partner
07-25 11:44:59.804  3493  3493 E ActivityThread: Failed to find provider info for com.google.android.setupwizard.partner
07-25 11:44:59.806  3493  3493 E ActivityThread: Failed to find provider info for com.google.android.setupwizard.partner
07-25 11:44:59.809  3493  3493 E ActivityThread: Failed to find provider info for com.google.android.setupwizard.partner
07-25 11:44:59.810  3493  3493 E ActivityThread: Failed to find provider info for com.google.android.setupwizard.partner
07-25 11:44:59.811  3493  3493 E ActivityThread: Failed to find provider info for com.google.android.setupwizard.partner
07-25 11:44:59.811  3493  3493 E ActivityThread: Failed to find provider info for com.google.android.setupwizard.partner
07-25 11:44:59.812  3493  3493 E ActivityThread: Failed to find provider info for com.google.android.setupwizard.partner
07-25 11:44:59.998  3493  3493 E ActivityThread: Failed to find provider info for com.google.android.setupwizard.partner
07-25 11:44:59.999  3493  3493 E ActivityThread: Failed to find provider info for com.google.android.setupwizard.partner
07-25 11:45:00.002  3493  3493 E ActivityThread: Failed to find provider info for com.google.android.setupwizard.partner
07-25 11:45:00.018  3493  3493 E ActivityThread: Failed to find provider info for com.google.android.setupwizard.partner
07-25 11:45:00.021  3493  3493 E ActivityThread: Failed to find provider info for com.google.android.setupwizard.partner
07-25 11:45:00.025  3493  3493 E ActivityThread: Failed to find provider info for com.google.android.setupwizard.partner
07-25 11:45:00.028  3493  3493 E ActivityThread: Failed to find provider info for com.google.android.setupwizard.partner
07-25 11:45:00.255   773  1705 E TaskPersister: File error accessing recents directory (directory doesn't exist?).
07-25 11:45:00.396  3493  3493 E ActivityThread: Failed to find provider info for com.google.android.setupwizard.partner
07-25 11:45:00.397  3493  3493 E ActivityThread: Failed to find provider info for com.google.android.setupwizard.partner
07-25 11:45:00.399  3493  3493 E ActivityThread: Failed to find provider info for com.google.android.setupwizard.partner
07-25 11:45:00.481  3493  4096 E SetupLibrary: [SetupCompatServiceProvider] Context#bindService did not succeed.
07-25 11:45:01.171  3493  3510 E FrameEvents: addRelease: Did not find frame.
07-25 11:45:01.189   589   589 E SurfaceFlinger: Out of order buffers detected for RequestedLayerState{com.google.android.gms/com.google.android.gms.auth.uiflows.addaccount.WrapperControlledActivity#150 parentId=149} producedId=2 frameNumber=58 -> producedId=2 frameNumber=2
07-25 11:45:01.201   589   589 E SurfaceFlinger: Out of order buffers detected for RequestedLayerState{com.google.android.gms/com.google.android.gms.auth.uiflows.addaccount.WrapperControlledActivity#150 parentId=149} producedId=2 frameNumber=58 -> producedId=2 frameNumber=3
07-25 11:45:01.217   589   589 E SurfaceFlinger: Out of order buffers detected for RequestedLayerState{com.google.android.gms/com.google.android.gms.auth.uiflows.addaccount.WrapperControlledActivity#150 parentId=149} producedId=2 frameNumber=58 -> producedId=2 frameNumber=4
07-25 11:45:01.231  3493  3493 E ActivityThread: Failed to find provider info for com.google.android.setupwizard.partner
07-25 11:45:01.233   589   589 E SurfaceFlinger: Out of order buffers detected for RequestedLayerState{com.google.android.gms/com.google.android.gms.auth.uiflows.addaccount.WrapperControlledActivity#150 parentId=149} producedId=2 frameNumber=58 -> producedId=2 frameNumber=5
07-25 11:45:01.235  3493  3493 E ActivityThread: Failed to find provider info for com.google.android.setupwizard.partner
07-25 11:45:01.250   589   589 E SurfaceFlinger: Out of order buffers detected for RequestedLayerState{com.google.android.gms/com.google.android.gms.auth.uiflows.addaccount.WrapperControlledActivity#150 parentId=149} producedId=2 frameNumber=58 -> producedId=2 frameNumber=6
07-25 11:45:01.257  3493  3493 E ActivityThread: Failed to find provider info for com.google.android.setupwizard.partner
07-25 11:45:01.259  3493  3493 E ActivityThread: Failed to find provider info for com.google.android.setupwizard.partner
07-25 11:45:01.260  3493  3493 E ActivityThread: Failed to find provider info for com.google.android.setupwizard.partner
07-25 11:45:01.260  3493  3493 E ActivityThread: Failed to find provider info for com.google.android.setupwizard.partner
07-25 11:45:01.262  3493  3493 E ActivityThread: Failed to find provider info for com.google.android.setupwizard.partner
07-25 11:45:01.267   589   589 E SurfaceFlinger: Out of order buffers detected for RequestedLayerState{com.google.android.gms/com.google.android.gms.auth.uiflows.addaccount.WrapperControlledActivity#150 parentId=149} producedId=2 frameNumber=58 -> producedId=2 frameNumber=7
07-25 11:45:01.278  3493  3493 E ActivityThread: Failed to find provider info for com.google.android.setupwizard.partner
07-25 11:45:01.278  3493  3493 E ActivityThread: Failed to find provider info for com.google.android.setupwizard.partner
07-25 11:45:01.280  3493  3493 E ActivityThread: Failed to find provider info for com.google.android.setupwizard.partner
07-25 11:45:01.282  3493  3493 E ActivityThread: Failed to find provider info for com.google.android.setupwizard.partner
07-25 11:45:01.284   589   589 E SurfaceFlinger: Out of order buffers detected for RequestedLayerState{com.google.android.gms/com.google.android.gms.auth.uiflows.addaccount.WrapperControlledActivity#150 parentId=149} producedId=2 frameNumber=58 -> producedId=2 frameNumber=8
07-25 11:45:01.284  3493  3493 E ActivityThread: Failed to find provider info for com.google.android.setupwizard.partner
07-25 11:45:01.287  3493  3493 E ActivityThread: Failed to find provider info for com.google.android.setupwizard.partner
07-25 11:45:01.288  3493  3493 E ActivityThread: Failed to find provider info for com.google.android.setupwizard.partner
07-25 11:45:01.289  3493  3493 E ActivityThread: Failed to find provider info for com.google.android.setupwizard.partner
07-25 11:45:01.291  3493  3493 E ActivityThread: Failed to find provider info for com.google.android.setupwizard.partner
07-25 11:45:01.292  3493  3493 E ActivityThread: Failed to find provider info for com.google.android.setupwizard.partner
07-25 11:45:01.295  3493  3493 E ActivityThread: Failed to find provider info for com.google.android.setupwizard.partner
07-25 11:45:01.296  3493  3493 E ActivityThread: Failed to find provider info for com.google.android.setupwizard.partner
07-25 11:45:01.296  3493  3493 E ActivityThread: Failed to find provider info for com.google.android.setupwizard.partner
07-25 11:45:01.300   589   589 E SurfaceFlinger: Out of order buffers detected for RequestedLayerState{com.google.android.gms/com.google.android.gms.auth.uiflows.addaccount.WrapperControlledActivity#150 parentId=149} producedId=2 frameNumber=58 -> producedId=2 frameNumber=9
07-25 11:45:01.300  3493  3493 E ActivityThread: Failed to find provider info for com.google.android.setupwizard.partner
07-25 11:45:01.303  3493  3493 E ActivityThread: Failed to find provider info for com.google.android.setupwizard.partner
07-25 11:45:01.306  3493  3493 E ActivityThread: Failed to find provider info for com.google.android.setupwizard.partner
07-25 11:45:01.308  3493  3493 E ActivityThread: Failed to find provider info for com.google.android.setupwizard.partner
07-25 11:45:01.309  3493  3493 E ActivityThread: Failed to find provider info for com.google.android.setupwizard.partner
07-25 11:45:01.310  3493  3493 E ActivityThread: Failed to find provider info for com.google.android.setupwizard.partner
07-25 11:45:01.311  3493  3493 E ActivityThread: Failed to find provider info for com.google.android.setupwizard.partner
07-25 11:45:01.313  3493  3493 E ActivityThread: Failed to find provider info for com.google.android.setupwizard.partner
07-25 11:45:01.315  3493  3493 E ActivityThread: Failed to find provider info for com.google.android.setupwizard.partner
07-25 11:45:01.317   589   589 E SurfaceFlinger: Out of order buffers detected for RequestedLayerState{com.google.android.gms/com.google.android.gms.auth.uiflows.addaccount.WrapperControlledActivity#150 parentId=149} producedId=2 frameNumber=58 -> producedId=2 frameNumber=10
07-25 11:45:01.317  3493  3493 E ActivityThread: Failed to find provider info for com.google.android.setupwizard.partner
07-25 11:45:01.318  3493  3493 E ActivityThread: Failed to find provider info for com.google.android.setupwizard.partner
07-25 11:45:01.320  3493  3493 E ActivityThread: Failed to find provider info for com.google.android.setupwizard.partner
07-25 11:45:01.321  3493  3493 E ActivityThread: Failed to find provider info for com.google.android.setupwizard.partner
07-25 11:45:01.323  3493  3493 E ActivityThread: Failed to find provider info for com.google.android.setupwizard.partner
07-25 11:45:01.324  3493  3493 E ActivityThread: Failed to find provider info for com.google.android.setupwizard.partner
07-25 11:45:01.326  3493  3493 E ActivityThread: Failed to find provider info for com.google.android.setupwizard.partner
07-25 11:45:01.327  3493  3493 E ActivityThread: Failed to find provider info for com.google.android.setupwizard.partner
07-25 11:45:01.329  3493  3493 E ActivityThread: Failed to find provider info for com.google.android.setupwizard.partner
07-25 11:45:01.333  3493  3493 E ActivityThread: Failed to find provider info for com.google.android.setupwizard.partner
07-25 11:45:01.334   589   589 E SurfaceFlinger: Out of order buffers detected for RequestedLayerState{com.google.android.gms/com.google.android.gms.auth.uiflows.addaccount.WrapperControlledActivity#150 parentId=149} producedId=2 frameNumber=58 -> producedId=2 frameNumber=11
07-25 11:45:01.335  3493  3493 E ActivityThread: Failed to find provider info for com.google.android.setupwizard.partner
07-25 11:45:01.337  3493  3493 E ActivityThread: Failed to find provider info for com.google.android.setupwizard.partner
07-25 11:45:01.338  3493  3493 E ActivityThread: Failed to find provider info for com.google.android.setupwizard.partner
07-25 11:45:01.339  3493  3493 E ActivityThread: Failed to find provider info for com.google.android.setupwizard.partner
07-25 11:45:01.340  3493  3493 E ActivityThread: Failed to find provider info for com.google.android.setupwizard.partner
07-25 11:45:01.342  3493  3493 E ActivityThread: Failed to find provider info for com.google.android.setupwizard.partner
07-25 11:45:01.343  3493  3493 E ActivityThread: Failed to find provider info for com.google.android.setupwizard.partner
07-25 11:45:01.344  3493  3493 E ActivityThread: Failed to find provider info for com.google.android.setupwizard.partner
07-25 11:45:01.344  3493  3493 E ActivityThread: Failed to find provider info for com.google.android.setupwizard.partner
07-25 11:45:01.346  3493  3493 E ActivityThread: Failed to find provider info for com.google.android.setupwizard.partner
07-25 11:45:01.348  3493  3493 E ActivityThread: Failed to find provider info for com.google.android.setupwizard.partner
07-25 11:45:01.350   589   589 E SurfaceFlinger: Out of order buffers detected for RequestedLayerState{com.google.android.gms/com.google.android.gms.auth.uiflows.addaccount.WrapperControlledActivity#150 parentId=149} producedId=2 frameNumber=58 -> producedId=2 frameNumber=12
07-25 11:45:01.351  3493  3493 E ActivityThread: Failed to find provider info for com.google.android.setupwizard.partner
07-25 11:45:01.352  3493  3493 E ActivityThread: Failed to find provider info for com.google.android.setupwizard.partner
07-25 11:45:01.354  3493  3493 E ActivityThread: Failed to find provider info for com.google.android.setupwizard.partner
07-25 11:45:01.356  3493  3493 E ActivityThread: Failed to find provider info for com.google.android.setupwizard.partner
07-25 11:45:01.357  3493  3493 E ActivityThread: Failed to find provider info for com.google.android.setupwizard.partner
07-25 11:45:01.357  3493  3493 E ActivityThread: Failed to find provider info for com.google.android.setupwizard.partner
07-25 11:45:01.359  3493  3493 E ActivityThread: Failed to find provider info for com.google.android.setupwizard.partner
07-25 11:45:01.360  3493  3493 E ActivityThread: Failed to find provider info for com.google.android.setupwizard.partner
07-25 11:45:01.361  3493  3493 E ActivityThread: Failed to find provider info for com.google.android.setupwizard.partner
07-25 11:45:01.362  3493  3493 E ActivityThread: Failed to find provider info for com.google.android.setupwizard.partner
07-25 11:45:01.363  3493  3493 E ActivityThread: Failed to find provider info for com.google.android.setupwizard.partner
07-25 11:45:01.367   589   589 E SurfaceFlinger: Out of order buffers detected for RequestedLayerState{com.google.android.gms/com.google.android.gms.auth.uiflows.addaccount.WrapperControlledActivity#150 parentId=149} producedId=2 frameNumber=58 -> producedId=2 frameNumber=13
07-25 11:45:01.368  3493  3493 E ActivityThread: Failed to find provider info for com.google.android.setupwizard.partner
07-25 11:45:01.370  3493  3493 E ActivityThread: Failed to find provider info for com.google.android.setupwizard.partner
07-25 11:45:01.371  3493  3493 E ActivityThread: Failed to find provider info for com.google.android.setupwizard.partner
07-25 11:45:01.372  3493  3493 E ActivityThread: Failed to find provider info for com.google.android.setupwizard.partner
07-25 11:45:01.373  3493  3493 E ActivityThread: Failed to find provider info for com.google.android.setupwizard.partner
07-25 11:45:01.373  3493  3493 E ActivityThread: Failed to find provider info for com.google.android.setupwizard.partner
07-25 11:45:01.374  3493  3493 E ActivityThread: Failed to find provider info for com.google.android.setupwizard.partner
07-25 11:45:01.376  3493  3493 E ActivityThread: Failed to find provider info for com.google.android.setupwizard.partner
07-25 11:45:01.377  3493  3493 E ActivityThread: Failed to find provider info for com.google.android.setupwizard.partner
07-25 11:45:01.378  3493  3493 E ActivityThread: Failed to find provider info for com.google.android.setupwizard.partner
07-25 11:45:01.379  3493  3493 E ActivityThread: Failed to find provider info for com.google.android.setupwizard.partner
07-25 11:45:01.381  3493  3493 E ActivityThread: Failed to find provider info for com.google.android.setupwizard.partner
07-25 11:45:01.382  3493  3493 E ActivityThread: Failed to find provider info for com.google.android.setupwizard.partner
07-25 11:45:01.383  3493  3493 E ActivityThread: Failed to find provider info for com.google.android.setupwizard.partner
07-25 11:45:01.383   589   589 E SurfaceFlinger: Out of order buffers detected for RequestedLayerState{com.google.android.gms/com.google.android.gms.auth.uiflows.addaccount.WrapperControlledActivity#150 parentId=149} producedId=2 frameNumber=58 -> producedId=2 frameNumber=14
07-25 11:45:01.384  3493  3493 E ActivityThread: Failed to find provider info for com.google.android.setupwizard.partner
07-25 11:45:01.386  3493  3493 E ActivityThread: Failed to find provider info for com.google.android.setupwizard.partner
07-25 11:45:01.388  3493  3493 E ActivityThread: Failed to find provider info for com.google.android.setupwizard.partner
07-25 11:45:01.389  3493  3493 E ActivityThread: Failed to find provider info for com.google.android.setupwizard.partner
07-25 11:45:01.390  3493  3493 E ActivityThread: Failed to find provider info for com.google.android.setupwizard.partner
07-25 11:45:01.392  3493  3493 E ActivityThread: Failed to find provider info for com.google.android.setupwizard.partner
07-25 11:45:01.393  3493  3493 E ActivityThread: Failed to find provider info for com.google.android.setupwizard.partner
07-25 11:45:01.394  3493  3493 E ActivityThread: Failed to find provider info for com.google.android.setupwizard.partner
07-25 11:45:01.394  3493  3493 E ActivityThread: Failed to find provider info for com.google.android.setupwizard.partner
07-25 11:45:01.396  3493  3493 E ActivityThread: Failed to find provider info for com.google.android.setupwizard.partner
07-25 11:45:01.398  3493  3493 E ActivityThread: Failed to find provider info for com.google.android.setupwizard.partner
07-25 11:45:01.399  3493  3493 E ActivityThread: Failed to find provider info for com.google.android.setupwizard.partner
07-25 11:45:01.401   589   589 E SurfaceFlinger: Out of order buffers detected for RequestedLayerState{com.google.android.gms/com.google.android.gms.auth.uiflows.addaccount.WrapperControlledActivity#150 parentId=149} producedId=2 frameNumber=58 -> producedId=2 frameNumber=15
07-25 11:45:01.401  3493  3493 E ActivityThread: Failed to find provider info for com.google.android.setupwizard.partner
07-25 11:45:01.402  3493  3493 E ActivityThread: Failed to find provider info for com.google.android.setupwizard.partner
07-25 11:45:01.403  3493  3493 E ActivityThread: Failed to find provider info for com.google.android.setupwizard.partner
07-25 11:45:01.404  3493  3493 E ActivityThread: Failed to find provider info for com.google.android.setupwizard.partner
07-25 11:45:01.404  3493  3493 E ActivityThread: Failed to find provider info for com.google.android.setupwizard.partner
07-25 11:45:01.406  3493  3493 E ActivityThread: Failed to find provider info for com.google.android.setupwizard.partner
07-25 11:45:01.406  3493  3493 E ActivityThread: Failed to find provider info for com.google.android.setupwizard.partner
07-25 11:45:01.408  3493  3493 E ActivityThread: Failed to find provider info for com.google.android.setupwizard.partner
07-25 11:45:01.410  3493  3493 E ActivityThread: Failed to find provider info for com.google.android.setupwizard.partner
07-25 11:45:01.410  3493  3493 E ActivityThread: Failed to find provider info for com.google.android.setupwizard.partner
07-25 11:45:01.411  3493  3493 E ActivityThread: Failed to find provider info for com.google.android.setupwizard.partner
07-25 11:45:01.412  3493  3493 E ActivityThread: Failed to find provider info for com.google.android.setupwizard.partner
07-25 11:45:01.414  3493  3493 E ActivityThread: Failed to find provider info for com.google.android.setupwizard.partner
07-25 11:45:01.417   589   589 E SurfaceFlinger: Out of order buffers detected for RequestedLayerState{com.google.android.gms/com.google.android.gms.auth.uiflows.addaccount.WrapperControlledActivity#150 parentId=149} producedId=2 frameNumber=58 -> producedId=2 frameNumber=16
07-25 11:45:01.418  3493  3493 E ActivityThread: Failed to find provider info for com.google.android.setupwizard.partner
07-25 11:45:01.420  3493  3493 E ActivityThread: Failed to find provider info for com.google.android.setupwizard.partner
07-25 11:45:01.432  3493  3493 E ActivityThread: Failed to find provider info for com.google.android.setupwizard.partner
07-25 11:45:01.433   589   589 E SurfaceFlinger: Out of order buffers detected for RequestedLayerState{com.google.android.gms/com.google.android.gms.auth.uiflows.addaccount.WrapperControlledActivity#150 parentId=149} producedId=2 frameNumber=58 -> producedId=2 frameNumber=17
07-25 11:45:01.435  3493  3493 E ActivityThread: Failed to find provider info for com.google.android.setupwizard.partner
07-25 11:45:01.450   589   589 E SurfaceFlinger: Out of order buffers detected for RequestedLayerState{com.google.android.gms/com.google.android.gms.auth.uiflows.addaccount.WrapperControlledActivity#150 parentId=149} producedId=2 frameNumber=58 -> producedId=2 frameNumber=18
07-25 11:45:01.467   589   589 E SurfaceFlinger: Out of order buffers detected for RequestedLayerState{com.google.android.gms/com.google.android.gms.auth.uiflows.addaccount.WrapperControlledActivity#150 parentId=149} producedId=2 frameNumber=58 -> producedId=2 frameNumber=19
07-25 11:45:01.483   589   589 E SurfaceFlinger: Out of order buffers detected for RequestedLayerState{com.google.android.gms/com.google.android.gms.auth.uiflows.addaccount.WrapperControlledActivity#150 parentId=149} producedId=2 frameNumber=58 -> producedId=2 frameNumber=20
07-25 11:45:01.502   589   589 E SurfaceFlinger: Out of order buffers detected for RequestedLayerState{com.google.android.gms/com.google.android.gms.auth.uiflows.addaccount.WrapperControlledActivity#150 parentId=149} producedId=2 frameNumber=58 -> producedId=2 frameNumber=21
07-25 11:45:01.518   589   589 E SurfaceFlinger: Out of order buffers detected for RequestedLayerState{com.google.android.gms/com.google.android.gms.auth.uiflows.addaccount.WrapperControlledActivity#150 parentId=149} producedId=2 frameNumber=58 -> producedId=2 frameNumber=22
07-25 11:45:01.535   589   589 E SurfaceFlinger: Out of order buffers detected for RequestedLayerState{com.google.android.gms/com.google.android.gms.auth.uiflows.addaccount.WrapperControlledActivity#150 parentId=149} producedId=2 frameNumber=58 -> producedId=2 frameNumber=23
07-25 11:45:01.552   589   589 E SurfaceFlinger: Out of order buffers detected for RequestedLayerState{com.google.android.gms/com.google.android.gms.auth.uiflows.addaccount.WrapperControlledActivity#150 parentId=149} producedId=2 frameNumber=58 -> producedId=2 frameNumber=24
07-25 11:45:01.585   589   589 E SurfaceFlinger: Out of order buffers detected for RequestedLayerState{com.google.android.gms/com.google.android.gms.auth.uiflows.addaccount.WrapperControlledActivity#150 parentId=149} producedId=2 frameNumber=58 -> producedId=2 frameNumber=25
07-25 11:45:01.602   589   589 E SurfaceFlinger: Out of order buffers detected for RequestedLayerState{com.google.android.gms/com.google.android.gms.auth.uiflows.addaccount.WrapperControlledActivity#150 parentId=149} producedId=2 frameNumber=58 -> producedId=2 frameNumber=26
07-25 11:45:01.635   589   589 E SurfaceFlinger: Out of order buffers detected for RequestedLayerState{com.google.android.gms/com.google.android.gms.auth.uiflows.addaccount.WrapperControlledActivity#150 parentId=149} producedId=2 frameNumber=58 -> producedId=2 frameNumber=27
07-25 11:45:01.667   589   589 E SurfaceFlinger: Out of order buffers detected for RequestedLayerState{com.google.android.gms/com.google.android.gms.auth.uiflows.addaccount.WrapperControlledActivity#150 parentId=149} producedId=2 frameNumber=58 -> producedId=2 frameNumber=28
07-25 11:45:01.684   589   589 E SurfaceFlinger: Out of order buffers detected for RequestedLayerState{com.google.android.gms/com.google.android.gms.auth.uiflows.addaccount.WrapperControlledActivity#150 parentId=149} producedId=2 frameNumber=58 -> producedId=2 frameNumber=29
07-25 11:45:01.701   589   589 E SurfaceFlinger: Out of order buffers detected for RequestedLayerState{com.google.android.gms/com.google.android.gms.auth.uiflows.addaccount.WrapperControlledActivity#150 parentId=149} producedId=2 frameNumber=58 -> producedId=2 frameNumber=30
07-25 11:45:01.718   589   589 E SurfaceFlinger: Out of order buffers detected for RequestedLayerState{com.google.android.gms/com.google.android.gms.auth.uiflows.addaccount.WrapperControlledActivity#150 parentId=149} producedId=2 frameNumber=58 -> producedId=2 frameNumber=31
07-25 11:45:01.734   589   589 E SurfaceFlinger: Out of order buffers detected for RequestedLayerState{com.google.android.gms/com.google.android.gms.auth.uiflows.addaccount.WrapperControlledActivity#150 parentId=149} producedId=2 frameNumber=58 -> producedId=2 frameNumber=32
07-25 11:45:01.767   589   589 E SurfaceFlinger: Out of order buffers detected for RequestedLayerState{com.google.android.gms/com.google.android.gms.auth.uiflows.addaccount.WrapperControlledActivity#150 parentId=149} producedId=2 frameNumber=58 -> producedId=2 frameNumber=33
07-25 11:45:01.800   589   589 E SurfaceFlinger: Out of order buffers detected for RequestedLayerState{com.google.android.gms/com.google.android.gms.auth.uiflows.addaccount.WrapperControlledActivity#150 parentId=149} producedId=2 frameNumber=58 -> producedId=2 frameNumber=34
07-25 11:45:01.816   589   589 E SurfaceFlinger: Out of order buffers detected for RequestedLayerState{com.google.android.gms/com.google.android.gms.auth.uiflows.addaccount.WrapperControlledActivity#150 parentId=149} producedId=2 frameNumber=58 -> producedId=2 frameNumber=35
07-25 11:45:01.832   589   589 E SurfaceFlinger: Out of order buffers detected for RequestedLayerState{com.google.android.gms/com.google.android.gms.auth.uiflows.addaccount.WrapperControlledActivity#150 parentId=149} producedId=2 frameNumber=58 -> producedId=2 frameNumber=36
07-25 11:45:01.867   589   589 E SurfaceFlinger: Out of order buffers detected for RequestedLayerState{com.google.android.gms/com.google.android.gms.auth.uiflows.addaccount.WrapperControlledActivity#150 parentId=149} producedId=2 frameNumber=58 -> producedId=2 frameNumber=37
07-25 11:45:01.882   589   589 E SurfaceFlinger: Out of order buffers detected for RequestedLayerState{com.google.android.gms/com.google.android.gms.auth.uiflows.addaccount.WrapperControlledActivity#150 parentId=149} producedId=2 frameNumber=58 -> producedId=2 frameNumber=38
07-25 11:45:01.900   589   589 E SurfaceFlinger: Out of order buffers detected for RequestedLayerState{com.google.android.gms/com.google.android.gms.auth.uiflows.addaccount.WrapperControlledActivity#150 parentId=149} producedId=2 frameNumber=58 -> producedId=2 frameNumber=39
07-25 11:45:01.917   589   589 E SurfaceFlinger: Out of order buffers detected for RequestedLayerState{com.google.android.gms/com.google.android.gms.auth.uiflows.addaccount.WrapperControlledActivity#150 parentId=149} producedId=2 frameNumber=58 -> producedId=2 frameNumber=40
07-25 11:45:01.950   589   589 E SurfaceFlinger: Out of order buffers detected for RequestedLayerState{com.google.android.gms/com.google.android.gms.auth.uiflows.addaccount.WrapperControlledActivity#150 parentId=149} producedId=2 frameNumber=58 -> producedId=2 frameNumber=41
07-25 11:45:01.967   589   589 E SurfaceFlinger: Out of order buffers detected for RequestedLayerState{com.google.android.gms/com.google.android.gms.auth.uiflows.addaccount.WrapperControlledActivity#150 parentId=149} producedId=2 frameNumber=58 -> producedId=2 frameNumber=42
07-25 11:45:01.984   589   589 E SurfaceFlinger: Out of order buffers detected for RequestedLayerState{com.google.android.gms/com.google.android.gms.auth.uiflows.addaccount.WrapperControlledActivity#150 parentId=149} producedId=2 frameNumber=58 -> producedId=2 frameNumber=43
07-25 11:45:02.004   589   589 E SurfaceFlinger: Out of order buffers detected for RequestedLayerState{com.google.android.gms/com.google.android.gms.auth.uiflows.addaccount.WrapperControlledActivity#150 parentId=149} producedId=2 frameNumber=58 -> producedId=2 frameNumber=44
07-25 11:45:02.033   589   589 E SurfaceFlinger: Out of order buffers detected for RequestedLayerState{com.google.android.gms/com.google.android.gms.auth.uiflows.addaccount.WrapperControlledActivity#150 parentId=149} producedId=2 frameNumber=58 -> producedId=2 frameNumber=45
07-25 11:45:02.050   589   589 E SurfaceFlinger: Out of order buffers detected for RequestedLayerState{com.google.android.gms/com.google.android.gms.auth.uiflows.addaccount.WrapperControlledActivity#150 parentId=149} producedId=2 frameNumber=58 -> producedId=2 frameNumber=46
07-25 11:45:02.066   589   589 E SurfaceFlinger: Out of order buffers detected for RequestedLayerState{com.google.android.gms/com.google.android.gms.auth.uiflows.addaccount.WrapperControlledActivity#150 parentId=149} producedId=2 frameNumber=58 -> producedId=2 frameNumber=47
07-25 11:45:02.083   589   589 E SurfaceFlinger: Out of order buffers detected for RequestedLayerState{com.google.android.gms/com.google.android.gms.auth.uiflows.addaccount.WrapperControlledActivity#150 parentId=149} producedId=2 frameNumber=58 -> producedId=2 frameNumber=48
07-25 11:45:02.116   589   589 E SurfaceFlinger: Out of order buffers detected for RequestedLayerState{com.google.android.gms/com.google.android.gms.auth.uiflows.addaccount.WrapperControlledActivity#150 parentId=149} producedId=2 frameNumber=58 -> producedId=2 frameNumber=49
07-25 11:45:02.135   589   589 E SurfaceFlinger: Out of order buffers detected for RequestedLayerState{com.google.android.gms/com.google.android.gms.auth.uiflows.addaccount.WrapperControlledActivity#150 parentId=149} producedId=2 frameNumber=58 -> producedId=2 frameNumber=50
07-25 11:45:02.166   589   589 E SurfaceFlinger: Out of order buffers detected for RequestedLayerState{com.google.android.gms/com.google.android.gms.auth.uiflows.addaccount.WrapperControlledActivity#150 parentId=149} producedId=2 frameNumber=58 -> producedId=2 frameNumber=51
07-25 11:45:02.184   589   589 E SurfaceFlinger: Out of order buffers detected for RequestedLayerState{com.google.android.gms/com.google.android.gms.auth.uiflows.addaccount.WrapperControlledActivity#150 parentId=149} producedId=2 frameNumber=58 -> producedId=2 frameNumber=52
07-25 11:45:02.216   589   589 E SurfaceFlinger: Out of order buffers detected for RequestedLayerState{com.google.android.gms/com.google.android.gms.auth.uiflows.addaccount.WrapperControlledActivity#150 parentId=149} producedId=2 frameNumber=58 -> producedId=2 frameNumber=53
07-25 11:45:02.233   589   589 E SurfaceFlinger: Out of order buffers detected for RequestedLayerState{com.google.android.gms/com.google.android.gms.auth.uiflows.addaccount.WrapperControlledActivity#150 parentId=149} producedId=2 frameNumber=58 -> producedId=2 frameNumber=54
07-25 11:45:02.252   589   589 E SurfaceFlinger: Out of order buffers detected for RequestedLayerState{com.google.android.gms/com.google.android.gms.auth.uiflows.addaccount.WrapperControlledActivity#150 parentId=149} producedId=2 frameNumber=58 -> producedId=2 frameNumber=55
07-25 11:45:02.268   589   589 E SurfaceFlinger: Out of order buffers detected for RequestedLayerState{com.google.android.gms/com.google.android.gms.auth.uiflows.addaccount.WrapperControlledActivity#150 parentId=149} producedId=2 frameNumber=58 -> producedId=2 frameNumber=56
07-25 11:45:02.300   589   589 E SurfaceFlinger: Out of order buffers detected for RequestedLayerState{com.google.android.gms/com.google.android.gms.auth.uiflows.addaccount.WrapperControlledActivity#150 parentId=149} producedId=2 frameNumber=58 -> producedId=2 frameNumber=57
07-25 11:45:03.613  4110  4110 E webview_service: Not starting debugger since process cannot load the jdwp agent.
07-25 11:45:03.665  4113  4113 E ocessService0:0: Not starting debugger since process cannot load the jdwp agent.
07-25 11:45:04.524   773  1705 E TaskPersister: File error accessing recents directory (directory doesn't exist?).
07-25 11:45:04.872  4157  4157 E iew:webview_apk: Not starting debugger since process cannot load the jdwp agent.
07-25 11:45:05.167  3493  3493 E ActivityThread: Failed to find provider info for com.google.android.setupwizard.partner
07-25 11:45:05.169  3493  3493 E ActivityThread: Failed to find provider info for com.google.android.setupwizard.partner
07-25 11:45:05.181  3493  3493 E ActivityThread: Failed to find provider info for com.google.android.setupwizard.partner
07-25 11:45:05.184  3493  3493 E ActivityThread: Failed to find provider info for com.google.android.setupwizard.partner
07-25 11:45:05.191  3493  3493 E ActivityThread: Failed to find provider info for com.google.android.setupwizard.partner
07-25 11:45:05.195  3493  3493 E ActivityThread: Failed to find provider info for com.google.android.setupwizard.partner
07-25 11:45:05.195  3493  3493 E ActivityThread: Failed to find provider info for com.google.android.setupwizard.partner
07-25 11:45:05.196  3493  3493 E ActivityThread: Failed to find provider info for com.google.android.setupwizard.partner
07-25 11:45:05.197  3493  3493 E ActivityThread: Failed to find provider info for com.google.android.setupwizard.partner
07-25 11:45:05.200  3493  3493 E ActivityThread: Failed to find provider info for com.google.android.setupwizard.partner
07-25 11:45:05.203  3493  3493 E ActivityThread: Failed to find provider info for com.google.android.setupwizard.partner
07-25 11:45:05.205  3493  3493 E ActivityThread: Failed to find provider info for com.google.android.setupwizard.partner
07-25 11:45:05.208  3493  3493 E ActivityThread: Failed to find provider info for com.google.android.setupwizard.partner
07-25 11:45:05.210  3493  3493 E ActivityThread: Failed to find provider info for com.google.android.setupwizard.partner
07-25 11:45:05.214  3493  3493 E ActivityThread: Failed to find provider info for com.google.android.setupwizard.partner
07-25 11:45:05.492  3493  3493 E ActivityThread: Failed to find provider info for com.google.android.setupwizard.partner
07-25 11:45:05.585  3493  3493 E ActivityThread: Failed to find provider info for com.google.android.setupwizard.partner
07-25 11:45:05.611  3493  3493 E ActivityThread: Failed to find provider info for com.google.android.setupwizard.partner
07-25 11:45:05.613  3493  3493 E ActivityThread: Failed to find provider info for com.google.android.setupwizard.partner
07-25 11:45:05.623  3493  3493 E ActivityThread: Failed to find provider info for com.google.android.setupwizard.partner
07-25 11:45:05.624  3493  3493 E ActivityThread: Failed to find provider info for com.google.android.setupwizard.partner
07-25 11:45:05.626  3493  3493 E ActivityThread: Failed to find provider info for com.google.android.setupwizard.partner
07-25 11:45:05.628  3493  3493 E ActivityThread: Failed to find provider info for com.google.android.setupwizard.partner
07-25 11:45:05.940  3493  3493 E MESA    : Failed to open rendernode: No such file or directory
07-25 11:45:06.679  3493  4082 E SurfaceSyncGroup: Failed to receive transaction ready in 1000ms. Marking SurfaceSyncGroup(wmsSync-VRI[MinuteMaidActivity]#6) as ready
07-25 11:45:06.680  3493  4082 E SurfaceSyncGroup: Failed to receive transaction ready in 1000ms. Marking SurfaceSyncGroup(VRI[MinuteMaidActivity]#7) as ready
07-25 11:45:06.853  4157  4157 E chromium: [0725/114506.845694:ERROR:aw_component_update_service.cc(285)] No directory found for component cffplpkejcbdpfnfabnjikeicbedmifn
07-25 11:45:06.853  4157  4157 E chromium: [0725/114506.853738:ERROR:aw_component_update_service.cc(285)] No directory found for component llkgjffcdpffmhiakmfcdcblohccpfmo
07-25 11:45:07.358  3493  3493 E ActivityThread: Failed to find provider info for com.google.android.setupwizard.partner
07-25 11:45:07.359  3493  3493 E ActivityThread: Failed to find provider info for com.google.android.setupwizard.partner
07-25 11:45:07.361  3493  3493 E ActivityThread: Failed to find provider info for com.google.android.setupwizard.partner
07-25 11:45:07.369  3493  3493 E ActivityThread: Failed to find provider info for com.google.android.setupwizard.partner
07-25 11:45:07.375  3493  3493 E ActivityThread: Failed to find provider info for com.google.android.setupwizard.partner
07-25 11:45:07.381  3493  3493 E ActivityThread: Failed to find provider info for com.google.android.setupwizard.partner
07-25 11:45:07.871  3493  3493 E ActivityThread: Failed to find provider info for com.google.android.setupwizard.partner
07-25 11:45:07.931  3493  3493 E ActivityThread: Failed to find provider info for com.google.android.setupwizard.partner
07-25 11:45:08.203  3493  3493 E ActivityThread: Failed to find provider info for com.google.android.setupwizard.partner
07-25 11:45:08.204  3493  3493 E ActivityThread: Failed to find provider info for com.google.android.setupwizard.partner
07-25 11:45:08.274  3493  3493 E ActivityThread: Failed to find provider info for com.google.android.setupwizard.partner
07-25 11:45:10.557  3493  3493 E ActivityThread: Failed to find provider info for com.google.android.setupwizard.partner
07-25 11:45:10.702  3493  3493 E ActivityThread: Failed to find provider info for com.google.android.setupwizard.partner
07-25 11:45:10.945  3493  3493 E chromium: [ERROR:aw_browser_terminator.cc(165)] Renderer process (4113) crash detected (code -1).
07-25 11:45:11.461   773  1705 E TaskPersister: File error accessing recents directory (directory doesn't exist?).
07-25 11:45:14.610   589   598 E HwcComposer: getLuts failed Status(-8, EX_SERVICE_SPECIFIC): '8: '
07-25 11:45:14.610   589   598 E HWComposer: getLuts: getLuts failed for display 4619827259835644672: UNSUPPORTED (8)
07-25 11:45:14.742   773   838 E EGL_emulation: eglQueryContext 32c0  EGL_BAD_ATTRIBUTE
07-25 11:45:14.743   773   838 E EGL_emulation: tid 838: eglQueryContext(2159): error 0x3004 (EGL_BAD_ATTRIBUTE)
07-25 11:45:15.315   773   838 E Surface : freeAllBuffers: 1 buffers were freed while being dequeued!
07-25 11:45:15.317   773   838 E Surface : getSlotFromBufferLocked: unknown buffer: 0x0
07-25 11:45:15.321   773   838 E libEGL  : call to OpenGL ES API with no current context (logged once per thread)
07-25 11:45:15.514   294   974 E android.system.suspend-service: error writing zygote_kwl to /sys/power/wake_unlock: Invalid argument
07-25 11:45:15.849  1058  1240 E ServiceManager: error in isDeclared
07-25 11:45:15.849  1058  1240 E ServiceManager: java.lang.SecurityException: SELinux denied for service.
07-25 11:45:15.849  1058  1240 E ServiceManager: 	at android.os.Parcel.createExceptionOrNull(Parcel.java:3340)
07-25 11:45:15.849  1058  1240 E ServiceManager: 	at android.os.Parcel.createException(Parcel.java:3324)
07-25 11:45:15.849  1058  1240 E ServiceManager: 	at android.os.Parcel.readException(Parcel.java:3307)
07-25 11:45:15.849  1058  1240 E ServiceManager: 	at android.os.Parcel.readException(Parcel.java:3249)
07-25 11:45:15.849  1058  1240 E ServiceManager: 	at android.os.IServiceManager$Stub$Proxy.isDeclared(IServiceManager.java:656)
07-25 11:45:15.849  1058  1240 E ServiceManager: 	at android.os.ServiceManagerProxy.isDeclared(ServiceManagerNative.java:104)
07-25 11:45:15.849  1058  1240 E ServiceManager: 	at android.os.ServiceManager.isDeclared(ServiceManager.java:297)
07-25 11:45:15.849  1058  1240 E ServiceManager: 	at android.os.ServiceManager.waitForDeclaredService(ServiceManager.java:353)
07-25 11:45:15.849  1058  1240 E ServiceManager: 	at com.google.android.systemui.googlebattery.GoogleBatteryManager.initHalInterface(go/retraceme 316c53c62461507ee9b40f0e6e2156db24503126c549859fa5c1f90453cee85b:16)
07-25 11:45:15.849  1058  1240 E ServiceManager: 	at com.google.android.systemui.power.batteryevent.repository.SystemEventDataSource$processIntent$2.invokeSuspend(go/retraceme 316c53c62461507ee9b40f0e6e2156db24503126c549859fa5c1f90453cee85b:139)
07-25 11:45:15.849  1058  1240 E ServiceManager: 	at kotlin.coroutines.jvm.internal.BaseContinuationImpl.resumeWith(go/retraceme 316c53c62461507ee9b40f0e6e2156db24503126c549859fa5c1f90453cee85b:8)
07-25 11:45:15.849  1058  1240 E ServiceManager: 	at kotlinx.coroutines.DispatchedTask.run(go/retraceme 316c53c62461507ee9b40f0e6e2156db24503126c549859fa5c1f90453cee85b:112)
07-25 11:45:15.849  1058  1240 E ServiceManager: 	at java.util.concurrent.Executors$RunnableAdapter.call(Executors.java:524)
07-25 11:45:15.849  1058  1240 E ServiceManager: 	at java.util.concurrent.FutureTask.run(FutureTask.java:317)
07-25 11:45:15.849  1058  1240 E ServiceManager: 	at java.util.concurrent.ScheduledThreadPoolExecutor$ScheduledFutureTask.run(ScheduledThreadPoolExecutor.java:348)
07-25 11:45:15.849  1058  1240 E ServiceManager: 	at java.util.concurrent.ThreadPoolExecutor.runWorker(ThreadPoolExecutor.java:1156)
07-25 11:45:15.849  1058  1240 E ServiceManager: 	at java.util.concurrent.ThreadPoolExecutor$Worker.run(ThreadPoolExecutor.java:651)
07-25 11:45:15.849  1058  1240 E ServiceManager: 	at java.lang.Thread.run(Thread.java:1119)
07-25 11:45:16.532  1058  1245 E ServiceManager: error in isDeclared
07-25 11:45:16.532  1058  1245 E ServiceManager: java.lang.SecurityException: SELinux denied for service.
