07-25 11:35:09.855  1496  1496 E AbstractOpenableExtension: 	at android.os.Handler.handleCallback(Handler.java:995)
07-25 11:35:09.855  1496  1496 E AbstractOpenableExtension: 	at android.os.Handler.dispatchMessage(Handler.java:103)
07-25 11:35:09.855  1496  1496 E AbstractOpenableExtension: 	at android.os.Looper.loopOnce(Looper.java:248)
07-25 11:35:09.855  1496  1496 E AbstractOpenableExtension: 	at android.os.Looper.loop(Looper.java:338)
07-25 11:35:09.855  1496  1496 E AbstractOpenableExtension: 	at android.app.ActivityThread.main(ActivityThread.java:9067)
07-25 11:35:09.855  1496  1496 E AbstractOpenableExtension: 	at java.lang.reflect.Method.invoke(Native Method)
07-25 11:35:09.855  1496  1496 E AbstractOpenableExtension: 	at com.android.internal.os.RuntimeInit$MethodAndArgsCaller.run(RuntimeInit.java:593)
07-25 11:35:09.855  1496  1496 E AbstractOpenableExtension: 	at com.android.internal.os.ZygoteInit.main(ZygoteInit.java:932)
07-25 11:35:09.863  1182  1182 E SmsApplication: com.google.android.apps.messaging lost android:read_cell_broadcasts:  (fixing)
07-25 11:35:09.879  1496  1496 E GoogleInputMethodService: GoogleInputMethodService.getAppEditorInfo():1807 App EditorInfo should never be null.
07-25 11:35:10.092   773  1042 E uwb     : uwb_uci_jni_rust::dispatcher: UCI JNI: Dispatcher already exists when trying to create.
07-25 11:35:10.094   773  1042 E uwb     : uwb_uci_jni_rust::helper: Java_com_android_server_uwb_jni_NativeUwbManager_nativeDispatcherNew failed with BadParameters
07-25 11:35:10.095   773  1042 E uwb     : uwb_uci_jni_rust::helper: Java_com_android_server_uwb_jni_NativeUwbManager_nativeDoInitialize failed with BadParameters
07-25 11:35:10.095   773  1042 E UwbServiceCore: Error enabling UWB
07-25 11:35:10.111  1182  1182 E SmsApplication: com.google.android.apps.messaging lost android:read_cell_broadcasts:  (fixing)
07-25 11:35:10.289  1182  1182 E SmsApplication: com.google.android.apps.messaging lost android:read_cell_broadcasts:  (fixing)
07-25 11:35:10.493  1496  2048 E DynamicArtSuperpacksManager: DynamicArtSuperpacksManager$1.onFailure():178 Failed to load dynamic art pack
07-25 11:35:10.493  1496  2048 E DynamicArtSuperpacksManager: java.util.concurrent.CancellationException: Task was cancelled.
07-25 11:35:10.493  1496  2048 E DynamicArtSuperpacksManager: 	at qcq.r(PG:33)
07-25 11:35:10.493  1496  2048 E DynamicArtSuperpacksManager: 	at qcq.get(PG:3)
07-25 11:35:10.493  1496  2048 E DynamicArtSuperpacksManager: 	at a.k(PG:2)
07-25 11:35:10.493  1496  2048 E DynamicArtSuperpacksManager: 	at pqu.E(PG:10)
07-25 11:35:10.493  1496  2048 E DynamicArtSuperpacksManager: 	at qek.run(PG:88)
07-25 11:35:10.493  1496  2048 E DynamicArtSuperpacksManager: 	at jab.run(PG:51)
07-25 11:35:10.493  1496  2048 E DynamicArtSuperpacksManager: 	at java.util.concurrent.ThreadPoolExecutor.runWorker(ThreadPoolExecutor.java:1156)
07-25 11:35:10.493  1496  2048 E DynamicArtSuperpacksManager: 	at java.util.concurrent.ThreadPoolExecutor$Worker.run(ThreadPoolExecutor.java:651)
07-25 11:35:10.493  1496  2048 E DynamicArtSuperpacksManager: 	at java.lang.Thread.run(Thread.java:1119)
07-25 11:35:10.493  1496  2048 E DynamicArtSuperpacksManager: 	at izq.run(PG:8)
07-25 11:35:10.509  2171  2171 E ashmem  : Pinning is deprecated since Android Q. Please use trim or other methods.
07-25 11:35:10.689  1496  2087 E MDDSuperpacks: MDDSuperpacks.parseManifest():476 cannot find metadata for delight_overrides
07-25 11:35:10.845  1496  1496 E GoogleInputMethodService: GoogleInputMethodService.getAppEditorInfo():1807 App EditorInfo should never be null.
07-25 11:35:10.954  1496  1496 E GoogleInputMethodService: GoogleInputMethodService.getAppEditorInfo():1807 App EditorInfo should never be null.
07-25 11:35:11.096  1182  1182 E SmsApplication: com.google.android.apps.messaging lost android:read_cell_broadcasts:  (fixing)
07-25 11:35:11.403  1182  1182 E TelephonyProvider: internal sim-specific settings backup data file does not exist. Aborting restore
07-25 11:35:11.527  2250  2351 E ashmem  : Pinning is deprecated since Android Q. Please use trim or other methods.
07-25 11:35:11.765  2367  2367 E id.gms.unstable: Not starting debugger since process cannot load the jdwp agent.
07-25 11:35:11.812   773   957 E AppOps  : attributionTag VCN not declared in manifest of android
07-25 11:35:11.880  1182  1411 E SmsApplication: com.google.android.apps.messaging lost android:read_cell_broadcasts:  (fixing)
07-25 11:35:11.908   773  2206 E RoleControllerServiceImpl: Default/fallback role holder package doesn't qualify for the role, package: com.google.android.gms, role: android.app.role.WALLET
07-25 11:35:12.369   773  2210 E AppOps  : attributionTag VCN not declared in manifest of android
07-25 11:35:12.461  1182  1397 E TelephonyConfigUpdateInstallReceiver: Failed to read current content : /data/misc/telephonyconfig/valid_telephony_config.pb
07-25 11:35:12.521  1182  1397 E TelephonyConfigUpdateInstallReceiver: Failed to read current content : /data/misc/telephonyconfig/valid_telephony_config.pb
07-25 11:35:12.639  1182  1397 E SatelliteController: registerForSatelliteCommunicationAccessStateChanged: SatelliteManager is null
07-25 11:35:12.648  1182  1397 E SatelliteModemInterface: setSatellitePlmn: Satellite service is unavailable.
07-25 11:35:12.651  1182  1397 E SatelliteController: registerForSatelliteCommunicationAccessStateChanged: SatelliteManager is null
07-25 11:35:12.652  1182  1397 E SatelliteModemInterface: requestIsSatelliteEnabledForCarrier: Satellite service is unavailable.
07-25 11:35:12.652  1182  1397 E SatelliteServiceUtils: handleSetSatellitePlmnInfoCmd SatelliteException: android.telephony.satellite.SatelliteManager$SatelliteException
07-25 11:35:12.659  1182  1397 E SatelliteController: EVENT_GET_SATELLITE_ENABLED_FOR_CARRIER_DONE: result is null
07-25 11:35:12.836  2450  2450 E .android.as.oss: Not starting debugger since process cannot load the jdwp agent.
07-25 11:35:12.979   773  2206 E RoleControllerServiceImpl: Default/fallback role holder package doesn't qualify for the role, package: com.google.android.gms.supervision, role: android.app.role.SYSTEM_SUPERVISION
07-25 11:35:13.358  1829  2009 E Finsky  : [48] setup::PAI: Error prefetching preloads, using account=null, response=null
07-25 11:35:13.358  1829  2009 E Finsky  : com.google.android.finsky.setup.fetchers.RawDocumentsFetchException[reason=pai_config, account=null]
07-25 11:35:13.358  1829  2009 E Finsky  : 	at avea.v(PG:83)
07-25 11:35:13.358  1829  2009 E Finsky  : 	at alih.c(PG:67)
07-25 11:35:13.358  1829  2009 E Finsky  : 	at ahgz.call(PG:484)
07-25 11:35:13.358  1829  2009 E Finsky  : 	at berv.a(PG:3)
07-25 11:35:13.358  1829  2009 E Finsky  : 	at bera.run(PG:19)
07-25 11:35:13.358  1829  2009 E Finsky  : 	at berw.run(PG:5)
07-25 11:35:13.358  1829  2009 E Finsky  : 	at java.util.concurrent.ThreadPoolExecutor.runWorker(ThreadPoolExecutor.java:1156)
07-25 11:35:13.358  1829  2009 E Finsky  : 	at java.util.concurrent.ThreadPoolExecutor$Worker.run(ThreadPoolExecutor.java:651)
07-25 11:35:13.358  1829  2009 E Finsky  : 	at bfns.run(PG:59)
07-25 11:35:13.358  1829  2009 E Finsky  : 	at java.lang.Thread.run(Thread.java:1119)
07-25 11:35:13.492  2171  2471 E ActivityThread: Failed to find provider info for androidx.car.app.connection
07-25 11:35:13.607  1203  1258 E ZeroStateWebSuggestDataLoader: Failed to fetch suggestions from AppSearch
07-25 11:35:13.607  1203  1258 E ZeroStateWebSuggestDataLoader: java.util.NoSuchElementException: No value present
07-25 11:35:13.607  1203  1258 E ZeroStateWebSuggestDataLoader: 	at java.util.Optional.get(Optional.java:143)
07-25 11:35:13.607  1203  1258 E ZeroStateWebSuggestDataLoader: 	at y2.x.onResult(go/retraceme ee19ec8c009da7af1d458e7d1683a6f5bf3b93b44f6674aa108e1a3e78584fe0:33)
07-25 11:35:13.607  1203  1258 E ZeroStateWebSuggestDataLoader: 	at android.app.appsearch.SearchSessionUtil$1.lambda$onResult$0(go/retraceme 9d1b0eb8afe1d0bca7ff6f98d5e450578c137217f678797f24205462b21ce4f6:144)
07-25 11:35:13.607  1203  1258 E ZeroStateWebSuggestDataLoader: 	at android.app.appsearch.SearchSessionUtil$1.$r8$lambda$CEk3q8sDAQVhU3rQwVueB8FAj_M(go/retraceme 9d1b0eb8afe1d0bca7ff6f98d5e450578c137217f678797f24205462b21ce4f6:1)
07-25 11:35:13.607  1203  1258 E ZeroStateWebSuggestDataLoader: 	at android.app.appsearch.SearchSessionUtil$1$$ExternalSyntheticLambda0.run(go/retraceme 9d1b0eb8afe1d0bca7ff6f98d5e450578c137217f678797f24205462b21ce4f6:22)
07-25 11:35:13.607  1203  1258 E ZeroStateWebSuggestDataLoader: 	at android.os.Handler.handleCallback(Handler.java:995)
07-25 11:35:13.607  1203  1258 E ZeroStateWebSuggestDataLoader: 	at android.os.Handler.dispatchMessage(Handler.java:103)
07-25 11:35:13.607  1203  1258 E ZeroStateWebSuggestDataLoader: 	at android.os.Looper.loopOnce(Looper.java:248)
07-25 11:35:13.607  1203  1258 E ZeroStateWebSuggestDataLoader: 	at android.os.Looper.loop(Looper.java:338)
07-25 11:35:13.607  1203  1258 E ZeroStateWebSuggestDataLoader: 	at android.os.HandlerThread.run(HandlerThread.java:85)
07-25 11:35:13.769  1378  1569 E UsageReportingOptionsSt: INTERNAL_ERROR: setOptInOption should not be called while user is locked. [CONTEXT service_id=41 ]
07-25 11:35:13.841  1182  1182 E CarrierKeyDownloadManager [0]: handleAlarmOrConfigChange ActiveSubscriptionInfoList = 1
07-25 11:35:14.123  1182  1182 E SatelliteController: registerForSatelliteModemStateChanged: mSatelliteSessionController is not initialized yet
07-25 11:35:14.127  1182  1182 E SatelliteController: registerForSatelliteModemStateChanged: mSatelliteSessionController is not initialized yet
07-25 11:35:14.186  1182  1397 E SatelliteController: registerForSatelliteCommunicationAccessStateChanged: SatelliteManager is null
07-25 11:35:14.347  1496  2041 E HandwritingSuperpacksUtil: HandwritingSuperpacksUtil.getPackMappingPackName():40 No pack mapping pack found in []
07-25 11:35:14.467   773  2399 E WifiService: Attempt to retrieve passpoint with invalid scanResult List
07-25 11:35:14.674  2171  2372 E PhenotypeFlagCommitter: Retrieving snapshot for com.google.android.dialer failed
07-25 11:35:14.674  2171  2372 E PhenotypeFlagCommitter: java.util.concurrent.TimeoutException: Timed out waiting for Task
07-25 11:35:14.674  2171  2372 E PhenotypeFlagCommitter: 	at ttj.o(PG:48)
07-25 11:35:14.674  2171  2372 E PhenotypeFlagCommitter: 	at uac.c(PG:15)
07-25 11:35:14.674  2171  2372 E PhenotypeFlagCommitter: 	at uac.d(PG:38)
07-25 11:35:14.674  2171  2372 E PhenotypeFlagCommitter: 	at nmf.call(PG:149)
07-25 11:35:14.674  2171  2372 E PhenotypeFlagCommitter: 	at aakn.call(PG:17)
07-25 11:35:14.674  2171  2372 E PhenotypeFlagCommitter: 	at aanf.a(PG:3)
07-25 11:35:14.674  2171  2372 E PhenotypeFlagCommitter: 	at aamh.run(PG:19)
07-25 11:35:14.674  2171  2372 E PhenotypeFlagCommitter: 	at aang.run(PG:5)
07-25 11:35:14.674  2171  2372 E PhenotypeFlagCommitter: 	at umz.run(PG:7)
07-25 11:35:14.674  2171  2372 E PhenotypeFlagCommitter: 	at java.util.concurrent.ThreadPoolExecutor.runWorker(ThreadPoolExecutor.java:1156)
07-25 11:35:14.674  2171  2372 E PhenotypeFlagCommitter: 	at java.util.concurrent.ThreadPoolExecutor$Worker.run(ThreadPoolExecutor.java:651)
07-25 11:35:14.674  2171  2372 E PhenotypeFlagCommitter: 	at tdt.run(PG:78)
07-25 11:35:14.674  2171  2372 E PhenotypeFlagCommitter: 	at ubo.run(PG:476)
07-25 11:35:14.674  2171  2372 E PhenotypeFlagCommitter: 	at java.lang.Thread.run(Thread.java:1119)
07-25 11:35:14.674  2171  2372 E PhenotypeFlagCommitter: 	at uoe.run(PG:61)
07-25 11:35:14.684  1378  2255 E ctxmgr  : [FencePendingIntentCache]Expected to find a PendingIntent for pendingIntentKey=ea54d1d6-6e80-476d-8927-c3c440e7589e [CONTEXT service_id=47 ]
07-25 11:35:14.695  1378  2255 E ctxmgr  : [FencePendingIntentCache]Expected to find a PendingIntent for pendingIntentKey=ea54d1d6-6e80-476d-8927-c3c440e7589e [CONTEXT service_id=47 ]
07-25 11:35:14.998  2398  2516 E ashmem  : Pinning is deprecated since Android Q. Please use trim or other methods.
07-25 11:35:15.043  2450  2450 E ashmem  : Pinning is deprecated since Android Q. Please use trim or other methods.
07-25 11:35:15.517  1378  1520 E WorkSourceUtil: Could not find package: gms_cast_prober
07-25 11:35:15.519   773  2206 E RoleControllerServiceImpl: Default/fallback role holder package doesn't qualify for the role, package: com.google.android.gms, role: android.app.role.WALLET
07-25 11:35:15.537  1378  1520 E WorkSourceUtil: Could not find package: gms_cast_prober
07-25 11:35:15.537  1378  1520 E WorkSourceUtil: Could not find package: gms_cast_prober
07-25 11:35:15.537  1378  1520 E WorkSourceUtil: Could not find package: gms_cast_prober
07-25 11:35:15.537  1378  1520 E WorkSourceUtil: Could not find package: gms_cast_prober
07-25 11:35:15.537  1378  1520 E WorkSourceUtil: Could not find package: gms_cast_prober
07-25 11:35:15.537  1378  1520 E WorkSourceUtil: Could not find package: gms_cast_prober
07-25 11:35:15.538  1378  1520 E WorkSourceUtil: Could not find package: gms_cast_prober
07-25 11:35:15.703  1134  1275 E SystemServiceRegistry: No service published for: ethernet
07-25 11:35:15.703  1134  1275 E SystemServiceRegistry: android.os.ServiceManager$ServiceNotFoundException: No service published for: ethernet
07-25 11:35:15.703  1134  1275 E SystemServiceRegistry: 	at android.os.ServiceManager.getServiceOrThrow(ServiceManager.java:203)
07-25 11:35:15.703  1134  1275 E SystemServiceRegistry: 	at android.app.SystemServiceRegistry$149.createService(SystemServiceRegistry.java:2232)
07-25 11:35:15.703  1134  1275 E SystemServiceRegistry: 	at android.app.SystemServiceRegistry$CachedServiceFetcher.getService(SystemServiceRegistry.java:2343)
07-25 11:35:15.703  1134  1275 E SystemServiceRegistry: 	at android.app.SystemServiceRegistry.getSystemService(SystemServiceRegistry.java:1918)
07-25 11:35:15.703  1134  1275 E SystemServiceRegistry: 	at android.app.ContextImpl.getSystemService(ContextImpl.java:2315)
07-25 11:35:15.703  1134  1275 E SystemServiceRegistry: 	at android.content.ContextWrapper.getSystemService(ContextWrapper.java:964)
07-25 11:35:15.703  1134  1275 E SystemServiceRegistry: 	at com.android.networkstack.tethering.Tethering.isEthernetSupported(Tethering.java:1862)
07-25 11:35:15.703  1134  1275 E SystemServiceRegistry: 	at com.android.networkstack.tethering.Tethering.makeSupportedDownstreams(Tethering.java:2843)
07-25 11:35:15.703  1134  1275 E SystemServiceRegistry: 	at com.android.networkstack.tethering.Tethering.updateSupportedDownstreams(Tethering.java:2817)
07-25 11:35:15.703  1134  1275 E SystemServiceRegistry: 	at com.android.networkstack.tethering.Tethering.updateConfiguration(Tethering.java:564)
07-25 11:35:15.703  1134  1275 E SystemServiceRegistry: 	at com.android.networkstack.tethering.Tethering.lambda$new$4(Tethering.java:357)
07-25 11:35:15.703  1134  1275 E SystemServiceRegistry: 	at com.android.networkstack.tethering.Tethering.$r8$lambda$4V1rGOzF7AkW0XBFoABAQmt9cHM(Tethering.java:0)
07-25 11:35:15.703  1134  1275 E SystemServiceRegistry: 	at com.android.networkstack.tethering.Tethering$$ExternalSyntheticLambda10.accept(R8$$SyntheticClass:0)
07-25 11:35:15.703  1134  1275 E SystemServiceRegistry: 	at com.android.networkstack.tethering.util.VersionedBroadcastListener$Receiver.lambda$onReceive$0(VersionedBroadcastListener.java:107)
07-25 11:35:15.703  1134  1275 E SystemServiceRegistry: 	at com.android.networkstack.tethering.util.VersionedBroadcastListener$Receiver.$r8$lambda$_Z7KkSifencKcebyQaai-Spxf2M(VersionedBroadcastListener.java:0)
07-25 11:35:15.703  1134  1275 E SystemServiceRegistry: 	at com.android.networkstack.tethering.util.VersionedBroadcastListener$Receiver$$ExternalSyntheticLambda0.run(R8$$SyntheticClass:0)
07-25 11:35:15.703  1134  1275 E SystemServiceRegistry: 	at android.os.Handler.handleCallback(Handler.java:995)
07-25 11:35:15.703  1134  1275 E SystemServiceRegistry: 	at android.os.Handler.dispatchMessage(Handler.java:103)
07-25 11:35:15.703  1134  1275 E SystemServiceRegistry: 	at android.os.Looper.loopOnce(Looper.java:248)
07-25 11:35:15.703  1134  1275 E SystemServiceRegistry: 	at android.os.Looper.loop(Looper.java:338)
07-25 11:35:15.703  1134  1275 E SystemServiceRegistry: 	at android.os.HandlerThread.run(HandlerThread.java:85)
07-25 11:35:15.805  2562  2562 E viceentitlement: Not starting debugger since process cannot load the jdwp agent.
07-25 11:35:16.187   773   945 E WifiDataStall: onDataConnectionStateChanged unexpected State: 1
07-25 11:35:16.188   773   945 E MboOceController: onDataConnectionStateChanged unexpected State: 1
07-25 11:35:16.189  1667  2253 E ashmem  : Pinning is deprecated since Android Q. Please use trim or other methods.
07-25 11:35:16.534   773   951 E ConnectivityService: exception in interfaceSetMtu()android.os.ServiceSpecificException: Remote I/O error (code 121)
07-25 11:35:16.708  1667  2253 E BrdcstRcvrMsgr: SvcConn: binder null, could not send broadcast of action
07-25 11:35:17.189  1918  2196 E ashmem  : Pinning is deprecated since Android Q. Please use trim or other methods.
07-25 11:35:17.587  2636  2636 E oadcastreceiver: Not starting debugger since process cannot load the jdwp agent.
07-25 11:35:17.719   511   539 E NetlinkEvent: NetlinkEvent::FindParam(): Parameter 'INTERFACE' not found
07-25 11:35:17.719   511   539 E NetlinkEvent: NetlinkEvent::FindParam(): Parameter 'STATE' not found
07-25 11:35:17.719   511   539 E NetlinkEvent: NetlinkEvent::FindParam(): Parameter 'TIME_NS' not found
07-25 11:35:17.719   511   539 E NetlinkEvent: NetlinkEvent::FindParam(): Parameter 'UID' not found
07-25 11:35:17.826  1676  2362 E ashmem  : Pinning is deprecated since Android Q. Please use trim or other methods.
07-25 11:35:18.197  1378  2140 E WorkSourceUtil: Could not find package: com.google.android.gms.westworld
07-25 11:35:19.193  2707  2707 E android.rkpdapp: Not starting debugger since process cannot load the jdwp agent.
07-25 11:35:19.723  1378  1378 E GmsCoreLogger: Missing account for FACET_USAGE_GAIA_UNSAMPLED [CONTEXT service_id=299 ]
07-25 11:35:20.113  2707  2729 E ashmem  : Pinning is deprecated since Android Q. Please use trim or other methods.
07-25 11:35:20.477  2636  2727 E ashmem  : Pinning is deprecated since Android Q. Please use trim or other methods.
07-25 11:35:20.774  1378  2674 E AbstractGmsTracer: Traced class shouldn't be obfuscated: cykt [CONTEXT service_id=259 ]
07-25 11:35:20.990  1378  1378 E GmsCoreLogger: Missing account for FACET_USAGE_GAIA_UNSAMPLED [CONTEXT service_id=299 ]
07-25 11:35:21.343   773   945 E WifiChipAidlImpl: getUsableChannels failed with service-specific exception: android.os.ServiceSpecificException:  (code 4)
07-25 11:35:21.383  2738  2738 E rrierdefaultapp: Not starting debugger since process cannot load the jdwp agent.
07-25 11:35:21.784  2738  2738 E ashmem  : Pinning is deprecated since Android Q. Please use trim or other methods.
07-25 11:35:22.175   583   583 E WVCdm   : [oemcrypto_adapter_dynamic.cpp(1352):ValidateOrInstallL1KeyboxOrCert] L1 not initialized. Falling back to L3
07-25 11:35:22.225   583   583 E WVCdm   : [oemcrypto_adapter_dynamic.cpp(1352):ValidateOrInstallL1KeyboxOrCert] L1 not initialized. Falling back to L3
07-25 11:35:22.235  2784  2784 E android.traceur: Not starting debugger since process cannot load the jdwp agent.
07-25 11:35:22.532  2367  2391 E ashmem  : Pinning is deprecated since Android Q. Please use trim or other methods.
07-25 11:35:22.897  2813  2813 E timeinitializer: Not starting debugger since process cannot load the jdwp agent.
07-25 11:35:23.695  1378  2123 E ctxmgr  : [ShushGestureSensor] Context hub handle not found [CONTEXT service_id=47 ]
07-25 11:35:23.816   773   900 E ActivityManager: Sending non-protected broadcast android.intent.action.UPDATE_CT_LOGS from system uid 1000 pkg android
07-25 11:35:23.816   773   900 E ActivityManager: java.lang.Throwable
07-25 11:35:23.816   773   900 E ActivityManager: 	at com.android.server.am.BroadcastController.checkBroadcastFromSystem(BroadcastController.java:2145)
07-25 11:35:23.816   773   900 E ActivityManager: 	at com.android.server.am.BroadcastController.broadcastIntentLockedTraced(BroadcastController.java:1646)
07-25 11:35:23.816   773   900 E ActivityManager: 	at com.android.server.am.BroadcastController.broadcastIntentLocked(BroadcastController.java:807)
07-25 11:35:23.816   773   900 E ActivityManager: 	at com.android.server.am.BroadcastController.broadcastIntentInPackage(BroadcastController.java:774)
07-25 11:35:23.816   773   900 E ActivityManager: 	at com.android.server.am.ActivityManagerService$LocalService.broadcastIntentInPackage(ActivityManagerService.java:17221)
07-25 11:35:23.816   773   900 E ActivityManager: 	at com.android.server.am.PendingIntentRecord.sendInner(PendingIntentRecord.java:674)
07-25 11:35:23.816   773   900 E ActivityManager: 	at com.android.server.am.PendingIntentRecord.sendWithResult(PendingIntentRecord.java:380)
07-25 11:35:23.816   773   900 E ActivityManager: 	at com.android.server.am.ActivityManagerService.sendIntentSender(ActivityManagerService.java:5618)
07-25 11:35:23.816   773   900 E ActivityManager: 	at android.app.PendingIntent.sendAndReturnResult(PendingIntent.java:1116)
07-25 11:35:23.816   773   900 E ActivityManager: 	at android.app.PendingIntent.send(PendingIntent.java:1082)
07-25 11:35:23.816   773   900 E ActivityManager: 	at com.android.server.alarm.AlarmManagerService$DeliveryTracker.deliverLocked(AlarmManagerService.java:5358)
07-25 11:35:23.816   773   900 E ActivityManager: 	at com.android.server.alarm.AlarmManagerService.deliverAlarmsLocked(AlarmManagerService.java:4322)
07-25 11:35:23.816   773   900 E ActivityManager: 	at com.android.server.alarm.AlarmManagerService$AlarmThread.run(AlarmManagerService.java:4598)
07-25 11:35:24.201  1288  1288 E SmsApplication: com.google.android.apps.messaging lost android:read_cell_broadcasts:  (fixing)
07-25 11:35:24.332  1288  1288 E SmsApplication: com.google.android.apps.messaging lost android:read_cell_broadcasts:  (fixing)
07-25 11:35:24.372  1378  2123 E ctxmgr  : [ShushGestureSensor] Context hub handle not found [CONTEXT service_id=47 ]
07-25 11:35:24.478  2398  2801 E BugleRcs: RcsEngineLifecycleManagerV2: RcsServiceConnectionException was raised while waiting to connect to RcsEngineLifecycleServiceV2
07-25 11:35:24.478  2398  2801 E BugleRcs: cumf: RcsServiceConnectionException:com.google.android.rcs.client.lifecycle.RcsEngineLifecycleServiceV2:UNKNOWN
07-25 11:35:24.478  2398  2801 E BugleRcs: 	at culm.a(PG:54)
07-25 11:35:24.478  2398  2801 E BugleRcs: 	at kho.a(PG:19)
07-25 11:35:24.478  2398  2801 E BugleRcs: 	at culn.a(PG:14)
07-25 11:35:24.478  2398  2801 E BugleRcs: 	at elsk.a(PG:13)
07-25 11:35:24.478  2398  2801 E BugleRcs: 	at esfd.a(PG:3)
07-25 11:35:24.478  2398  2801 E BugleRcs: 	at eseb.run(PG:19)
07-25 11:35:24.478  2398  2801 E BugleRcs: 	at esff.run(PG:5)
07-25 11:35:24.478  2398  2801 E BugleRcs: 	at dubu.run(PG:7)
07-25 11:35:24.478  2398  2801 E BugleRcs: 	at java.util.concurrent.ThreadPoolExecutor.runWorker(ThreadPoolExecutor.java:1156)
07-25 11:35:24.478  2398  2801 E BugleRcs: 	at java.util.concurrent.ThreadPoolExecutor$Worker.run(ThreadPoolExecutor.java:651)
07-25 11:35:24.478  2398  2801 E BugleRcs: 	at dubb.run(PG:6)
07-25 11:35:24.478  2398  2801 E BugleRcs: 	at java.lang.Thread.run(Thread.java:1119)
07-25 11:35:24.478  2398  2801 E BugleRcs: 	at ducv.run(PG:61)
07-25 11:35:24.552  2398  2799 E BugleRcs: RcsEngineLifecycleManagerV2: RcsServiceConnectionException was raised while waiting to connect to RcsEngineLifecycleServiceV2
07-25 11:35:24.552  2398  2799 E BugleRcs: cumf: RcsServiceConnectionException:com.google.android.rcs.client.lifecycle.RcsEngineLifecycleServiceV2:UNKNOWN
07-25 11:35:24.552  2398  2799 E BugleRcs: 	at culm.a(PG:54)
07-25 11:35:24.552  2398  2799 E BugleRcs: 	at kho.a(PG:19)
07-25 11:35:24.552  2398  2799 E BugleRcs: 	at culn.a(PG:14)
07-25 11:35:24.552  2398  2799 E BugleRcs: 	at elsk.a(PG:13)
07-25 11:35:24.552  2398  2799 E BugleRcs: 	at esfd.a(PG:3)
07-25 11:35:24.552  2398  2799 E BugleRcs: 	at eseb.run(PG:19)
07-25 11:35:24.552  2398  2799 E BugleRcs: 	at esff.run(PG:5)
07-25 11:35:24.552  2398  2799 E BugleRcs: 	at dubu.run(PG:7)
07-25 11:35:24.552  2398  2799 E BugleRcs: 	at java.util.concurrent.ThreadPoolExecutor.runWorker(ThreadPoolExecutor.java:1156)
07-25 11:35:24.552  2398  2799 E BugleRcs: 	at java.util.concurrent.ThreadPoolExecutor$Worker.run(ThreadPoolExecutor.java:651)
07-25 11:35:24.552  2398  2799 E BugleRcs: 	at dubb.run(PG:6)
07-25 11:35:24.552  2398  2799 E BugleRcs: 	at java.lang.Thread.run(Thread.java:1119)
07-25 11:35:24.552  2398  2799 E BugleRcs: 	at ducv.run(PG:61)
07-25 11:35:24.731  2398  2637 E BugleRcs: RcsEngineLifecycleManagerV2: RcsServiceConnectionException was raised while waiting to connect to RcsEngineLifecycleServiceV2
07-25 11:35:24.731  2398  2637 E BugleRcs: cumf: RcsServiceConnectionException:com.google.android.rcs.client.lifecycle.RcsEngineLifecycleServiceV2:UNKNOWN
07-25 11:35:24.731  2398  2637 E BugleRcs: 	at culm.a(PG:54)
07-25 11:35:24.731  2398  2637 E BugleRcs: 	at kho.a(PG:19)
07-25 11:35:24.731  2398  2637 E BugleRcs: 	at culn.a(PG:14)
07-25 11:35:24.731  2398  2637 E BugleRcs: 	at elsk.a(PG:13)
07-25 11:35:24.731  2398  2637 E BugleRcs: 	at esfd.a(PG:3)
07-25 11:35:24.731  2398  2637 E BugleRcs: 	at eseb.run(PG:19)
07-25 11:35:24.731  2398  2637 E BugleRcs: 	at esff.run(PG:5)
07-25 11:35:24.731  2398  2637 E BugleRcs: 	at dubu.run(PG:7)
07-25 11:35:24.731  2398  2637 E BugleRcs: 	at java.util.concurrent.ThreadPoolExecutor.runWorker(ThreadPoolExecutor.java:1156)
07-25 11:35:24.731  2398  2637 E BugleRcs: 	at java.util.concurrent.ThreadPoolExecutor$Worker.run(ThreadPoolExecutor.java:651)
07-25 11:35:24.731  2398  2637 E BugleRcs: 	at dubb.run(PG:6)
07-25 11:35:24.731  2398  2637 E BugleRcs: 	at java.lang.Thread.run(Thread.java:1119)
07-25 11:35:24.731  2398  2637 E BugleRcs: 	at ducv.run(PG:61)
07-25 11:35:24.757  2398  2800 E BugleRcs: RcsEngineLifecycleManagerV2: RcsServiceConnectionException was raised while waiting to connect to RcsEngineLifecycleServiceV2
07-25 11:35:24.757  2398  2800 E BugleRcs: cumf: RcsServiceConnectionException:com.google.android.rcs.client.lifecycle.RcsEngineLifecycleServiceV2:UNKNOWN
07-25 11:35:24.757  2398  2800 E BugleRcs: 	at culm.a(PG:54)
07-25 11:35:24.757  2398  2800 E BugleRcs: 	at kho.a(PG:19)
07-25 11:35:24.757  2398  2800 E BugleRcs: 	at culn.a(PG:14)
07-25 11:35:24.757  2398  2800 E BugleRcs: 	at elsk.a(PG:13)
07-25 11:35:24.757  2398  2800 E BugleRcs: 	at esfd.a(PG:3)
07-25 11:35:24.757  2398  2800 E BugleRcs: 	at eseb.run(PG:19)
07-25 11:35:24.757  2398  2800 E BugleRcs: 	at esff.run(PG:5)
07-25 11:35:24.757  2398  2800 E BugleRcs: 	at dubu.run(PG:7)
07-25 11:35:24.757  2398  2800 E BugleRcs: 	at java.util.concurrent.ThreadPoolExecutor.runWorker(ThreadPoolExecutor.java:1156)
07-25 11:35:24.757  2398  2800 E BugleRcs: 	at java.util.concurrent.ThreadPoolExecutor$Worker.run(ThreadPoolExecutor.java:651)
07-25 11:35:24.757  2398  2800 E BugleRcs: 	at dubb.run(PG:6)
07-25 11:35:24.757  2398  2800 E BugleRcs: 	at java.lang.Thread.run(Thread.java:1119)
07-25 11:35:24.757  2398  2800 E BugleRcs: 	at ducv.run(PG:61)
07-25 11:35:25.031  2868  2868 E android.camera2: Not starting debugger since process cannot load the jdwp agent.
07-25 11:35:25.084  1649  2441 E AiAiEcho: Reading elements from Geller failed with cause
07-25 11:35:25.084  1649  2441 E AiAiEcho: ilw: Code: UNKNOWN, Message: Geller data fetch is not enabled
07-25 11:35:25.084  1649  2441 E AiAiEcho: 	at imn.a(PG:17)
07-25 11:35:25.084  1649  2441 E AiAiEcho: 	at lhh.b(PG:20)
07-25 11:35:25.084  1649  2441 E AiAiEcho: 	at abge.g(PG:11)
07-25 11:35:25.084  1649  2441 E AiAiEcho: 	at kotlinx.coroutines.DispatchedTask.run(PG:112)
07-25 11:35:25.084  1649  2441 E AiAiEcho: 	at java.util.concurrent.Executors$RunnableAdapter.call(Executors.java:524)
07-25 11:35:25.084  1649  2441 E AiAiEcho: 	at xjo.a(PG:3)
07-25 11:35:25.084  1649  2441 E AiAiEcho: 	at xir.run(PG:19)
07-25 11:35:25.084  1649  2441 E AiAiEcho: 	at xjp.run(PG:5)
07-25 11:35:25.084  1649  2441 E AiAiEcho: 	at java.util.concurrent.Executors$RunnableAdapter.call(Executors.java:524)
07-25 11:35:25.084  1649  2441 E AiAiEcho: 	at java.util.concurrent.FutureTask.run(FutureTask.java:317)
07-25 11:35:25.084  1649  2441 E AiAiEcho: 	at java.util.concurrent.ScheduledThreadPoolExecutor$ScheduledFutureTask.run(ScheduledThreadPoolExecutor.java:348)
07-25 11:35:25.084  1649  2441 E AiAiEcho: 	at java.util.concurrent.ThreadPoolExecutor.runWorker(ThreadPoolExecutor.java:1156)
07-25 11:35:25.084  1649  2441 E AiAiEcho: 	at java.util.concurrent.ThreadPoolExecutor$Worker.run(ThreadPoolExecutor.java:651)
07-25 11:35:25.084  1649  2441 E AiAiEcho: 	at hxw.run(PG:221)
07-25 11:35:25.084  1649  2441 E AiAiEcho: 	at java.lang.Thread.run(Thread.java:1119)
07-25 11:35:25.195  2398  2799 E BugleRcs: RcsEngineLifecycleManagerV2: RcsServiceConnectionException was raised while waiting to connect to RcsEngineLifecycleServiceV2
07-25 11:35:25.195  2398  2799 E BugleRcs: cumf: RcsServiceConnectionException:com.google.android.rcs.client.lifecycle.RcsEngineLifecycleServiceV2:UNKNOWN
07-25 11:35:25.195  2398  2799 E BugleRcs: 	at culm.a(PG:54)
07-25 11:35:25.195  2398  2799 E BugleRcs: 	at kho.a(PG:19)
07-25 11:35:25.195  2398  2799 E BugleRcs: 	at culn.a(PG:14)
07-25 11:35:25.195  2398  2799 E BugleRcs: 	at elsk.a(PG:13)
07-25 11:35:25.195  2398  2799 E BugleRcs: 	at esfd.a(PG:3)
07-25 11:35:25.195  2398  2799 E BugleRcs: 	at eseb.run(PG:19)
07-25 11:35:25.195  2398  2799 E BugleRcs: 	at esff.run(PG:5)
07-25 11:35:25.195  2398  2799 E BugleRcs: 	at dubu.run(PG:7)
07-25 11:35:25.195  2398  2799 E BugleRcs: 	at java.util.concurrent.ThreadPoolExecutor.runWorker(ThreadPoolExecutor.java:1156)
07-25 11:35:25.195  2398  2799 E BugleRcs: 	at java.util.concurrent.ThreadPoolExecutor$Worker.run(ThreadPoolExecutor.java:651)
07-25 11:35:25.195  2398  2799 E BugleRcs: 	at dubb.run(PG:6)
07-25 11:35:25.195  2398  2799 E BugleRcs: 	at java.lang.Thread.run(Thread.java:1119)
07-25 11:35:25.195  2398  2799 E BugleRcs: 	at ducv.run(PG:61)
07-25 11:35:25.199  2398  2637 E BugleRcs: RcsEngineLifecycleManagerV2: RcsServiceConnectionException was raised while waiting to connect to RcsEngineLifecycleServiceV2
07-25 11:35:25.199  2398  2637 E BugleRcs: cumf: RcsServiceConnectionException:com.google.android.rcs.client.lifecycle.RcsEngineLifecycleServiceV2:UNKNOWN
07-25 11:35:25.199  2398  2637 E BugleRcs: 	at culm.a(PG:54)
07-25 11:35:25.199  2398  2637 E BugleRcs: 	at kho.a(PG:19)
07-25 11:35:25.199  2398  2637 E BugleRcs: 	at culn.a(PG:14)
07-25 11:35:25.199  2398  2637 E BugleRcs: 	at elsk.a(PG:13)
07-25 11:35:25.199  2398  2637 E BugleRcs: 	at esfd.a(PG:3)
07-25 11:35:25.199  2398  2637 E BugleRcs: 	at eseb.run(PG:19)
07-25 11:35:25.199  2398  2637 E BugleRcs: 	at esff.run(PG:5)
07-25 11:35:25.199  2398  2637 E BugleRcs: 	at dubu.run(PG:7)
07-25 11:35:25.199  2398  2637 E BugleRcs: 	at java.util.concurrent.ThreadPoolExecutor.runWorker(ThreadPoolExecutor.java:1156)
07-25 11:35:25.199  2398  2637 E BugleRcs: 	at java.util.concurrent.ThreadPoolExecutor$Worker.run(ThreadPoolExecutor.java:651)
07-25 11:35:25.199  2398  2637 E BugleRcs: 	at dubb.run(PG:6)
07-25 11:35:25.199  2398  2637 E BugleRcs: 	at java.lang.Thread.run(Thread.java:1119)
07-25 11:35:25.199  2398  2637 E BugleRcs: 	at ducv.run(PG:61)
07-25 11:35:25.467  2889  2889 E vicediagnostics: Not starting debugger since process cannot load the jdwp agent.
07-25 11:35:26.112  2171  2462 E DialerRestVvmCarrierService: com.android.dialer.voicemail.service.impl.vvmclients.rest.RestVvmCarrierService.getMsisdn:420 Retrieved phone number in an unexpected format: +15551234567 [CONTEXT disable_client_error_logging=true ]
07-25 11:35:26.112  2171  2462 E DialerRestVvmCarrierService: zxo: MEDIUM
07-25 11:35:26.112  2171  2462 E DialerRestVvmCarrierService: 	at a.cN(PG:15)
07-25 11:35:26.112  2171  2462 E DialerRestVvmCarrierService: 	at pxq.apply(PG:489)
07-25 11:35:26.112  2171  2462 E DialerRestVvmCarrierService: 	at zcp.apply(PG:13)
07-25 11:35:26.112  2171  2462 E DialerRestVvmCarrierService: 	at aaka.d(PG:3)
07-25 11:35:26.112  2171  2462 E DialerRestVvmCarrierService: 	at aakb.run(PG:38)
07-25 11:35:26.112  2171  2462 E DialerRestVvmCarrierService: 	at umz.run(PG:7)
07-25 11:35:26.112  2171  2462 E DialerRestVvmCarrierService: 	at aadu.run(PG:44)
07-25 11:35:26.112  2171  2462 E DialerRestVvmCarrierService: 	at tdt.run(PG:78)
07-25 11:35:26.112  2171  2462 E DialerRestVvmCarrierService: 	at cp.run(PG:143)
07-25 11:35:26.112  2171  2462 E DialerRestVvmCarrierService: 	at java.lang.Thread.run(Thread.java:1119)
07-25 11:35:26.112  2171  2462 E DialerRestVvmCarrierService: 	at uoe.run(PG:61)
07-25 11:35:26.544  2925  2925 E droid.dynsystem: Not starting debugger since process cannot load the jdwp agent.
07-25 11:35:26.708  2171  2464 E DialerRestVvmCarrierService: com.android.dialer.voicemail.service.impl.vvmclients.rest.RestVvmCarrierService.getMsisdn:420 Retrieved phone number in an unexpected format: +15551234567 [CONTEXT disable_client_error_logging=true ]
07-25 11:35:26.708  2171  2464 E DialerRestVvmCarrierService: zxo: MEDIUM
07-25 11:35:26.708  2171  2464 E DialerRestVvmCarrierService: 	at a.cN(PG:15)
07-25 11:35:26.708  2171  2464 E DialerRestVvmCarrierService: 	at pxq.apply(PG:489)
07-25 11:35:26.708  2171  2464 E DialerRestVvmCarrierService: 	at zcp.apply(PG:13)
07-25 11:35:26.708  2171  2464 E DialerRestVvmCarrierService: 	at aaka.d(PG:3)
07-25 11:35:26.708  2171  2464 E DialerRestVvmCarrierService: 	at aakb.run(PG:38)
07-25 11:35:26.708  2171  2464 E DialerRestVvmCarrierService: 	at umz.run(PG:7)
07-25 11:35:26.708  2171  2464 E DialerRestVvmCarrierService: 	at aadu.run(PG:44)
07-25 11:35:26.708  2171  2464 E DialerRestVvmCarrierService: 	at tdt.run(PG:78)
07-25 11:35:26.708  2171  2464 E DialerRestVvmCarrierService: 	at cp.run(PG:143)
07-25 11:35:26.708  2171  2464 E DialerRestVvmCarrierService: 	at java.lang.Thread.run(Thread.java:1119)
07-25 11:35:26.708  2171  2464 E DialerRestVvmCarrierService: 	at uoe.run(PG:61)
07-25 11:35:27.048  1203  2857 E OneSearchSuggestProvider: Unable to get suggestions from AGA for zero state
07-25 11:35:27.048  1203  2857 E OneSearchSuggestProvider: io.grpc.StatusRuntimeException: CANCELLED
07-25 11:35:27.048  1203  2857 E OneSearchSuggestProvider: 	at U3.g.a(go/retraceme ee19ec8c009da7af1d458e7d1683a6f5bf3b93b44f6674aa108e1a3e78584fe0:54)
07-25 11:35:27.048  1203  2857 E OneSearchSuggestProvider: 	at S3.n.b(go/retraceme ee19ec8c009da7af1d458e7d1683a6f5bf3b93b44f6674aa108e1a3e78584fe0:33)
07-25 11:35:27.048  1203  2857 E OneSearchSuggestProvider: 	at S3.n.a(go/retraceme ee19ec8c009da7af1d458e7d1683a6f5bf3b93b44f6674aa108e1a3e78584fe0:20)
07-25 11:35:27.048  1203  2857 E OneSearchSuggestProvider: 	at S3.z.run(go/retraceme ee19ec8c009da7af1d458e7d1683a6f5bf3b93b44f6674aa108e1a3e78584fe0:7)
07-25 11:35:27.048  1203  2857 E OneSearchSuggestProvider: 	at S3.m2.run(go/retraceme ee19ec8c009da7af1d458e7d1683a6f5bf3b93b44f6674aa108e1a3e78584fe0:19)
07-25 11:35:27.048  1203  2857 E OneSearchSuggestProvider: 	at java.util.concurrent.ThreadPoolExecutor.runWorker(ThreadPoolExecutor.java:1156)
07-25 11:35:27.048  1203  2857 E OneSearchSuggestProvider: 	at java.util.concurrent.ThreadPoolExecutor$Worker.run(ThreadPoolExecutor.java:651)
07-25 11:35:27.048  1203  2857 E OneSearchSuggestProvider: 	at java.lang.Thread.run(Thread.java:1119)
07-25 11:35:27.425  2953  2953 E gedprovisioning: Not starting debugger since process cannot load the jdwp agent.
07-25 11:35:27.466  2961  2961 E ystem:dynsystem: Not starting debugger since process cannot load the jdwp agent.
07-25 11:35:27.545  2171  2463 E DialerRestVvmCarrierService: com.android.dialer.voicemail.service.impl.vvmclients.rest.RestVvmCarrierService.getMsisdn:420 Retrieved phone number in an unexpected format: +15551234567 [CONTEXT disable_client_error_logging=true ]
07-25 11:35:27.545  2171  2463 E DialerRestVvmCarrierService: zxo: MEDIUM
07-25 11:35:27.545  2171  2463 E DialerRestVvmCarrierService: 	at a.cN(PG:15)
07-25 11:35:27.545  2171  2463 E DialerRestVvmCarrierService: 	at pxq.apply(PG:489)
07-25 11:35:27.545  2171  2463 E DialerRestVvmCarrierService: 	at zcp.apply(PG:13)
07-25 11:35:27.545  2171  2463 E DialerRestVvmCarrierService: 	at aaka.d(PG:3)
07-25 11:35:27.545  2171  2463 E DialerRestVvmCarrierService: 	at aakb.run(PG:38)
07-25 11:35:27.545  2171  2463 E DialerRestVvmCarrierService: 	at umz.run(PG:7)
07-25 11:35:27.545  2171  2463 E DialerRestVvmCarrierService: 	at aadu.run(PG:44)
07-25 11:35:27.545  2171  2463 E DialerRestVvmCarrierService: 	at tdt.run(PG:78)
07-25 11:35:27.545  2171  2463 E DialerRestVvmCarrierService: 	at cp.run(PG:143)
07-25 11:35:27.545  2171  2463 E DialerRestVvmCarrierService: 	at java.lang.Thread.run(Thread.java:1119)
07-25 11:35:27.545  2171  2463 E DialerRestVvmCarrierService: 	at uoe.run(PG:61)
07-25 11:35:27.552  2398  2861 E SmsApplication: com.google.android.apps.messaging lost android:read_cell_broadcasts:  (no permission to fix)
07-25 11:35:27.924  2985  2985 E gle.android.tts: Not starting debugger since process cannot load the jdwp agent.
07-25 11:35:28.098  2953  2953 E ashmem  : Pinning is deprecated since Android Q. Please use trim or other methods.
07-25 11:35:28.176  2995  2995 E viders.calendar: Not starting debugger since process cannot load the jdwp agent.
07-25 11:35:28.199  1918  2572 E ajwr    : Couldn't get logged in Google account.
07-25 11:35:28.804  1918  1918 E rdv     : onError
07-25 11:35:28.804  1918  1918 E rdv     : afvv: errorCode: 65561, engine: 2
07-25 11:35:28.804  1918  1918 E rdv     : 	at auki.a(PG:23)
07-25 11:35:28.804  1918  1918 E rdv     : 	at abhl.hv(PG:13)
07-25 11:35:28.804  1918  1918 E rdv     : 	at fyqd.e(PG:9)
07-25 11:35:28.804  1918  1918 E rdv     : 	at ahbi.d(PG:154)
07-25 11:35:28.804  1918  1918 E rdv     : 	at ahbi.iW(PG:26)
07-25 11:35:28.804  1918  1918 E rdv     : 	at abhm.c(PG:102)
07-25 11:35:28.804  1918  1918 E rdv     : 	at abhn.run(PG:1)
07-25 11:35:28.804  1918  1918 E rdv     : 	at java.util.concurrent.Executors$RunnableAdapter.call(Executors.java:524)
07-25 11:35:28.804  1918  1918 E rdv     : 	at java.util.concurrent.FutureTask.run(FutureTask.java:317)
07-25 11:35:28.804  1918  1918 E rdv     : 	at aggv.run(PG:20)
07-25 11:35:28.804  1918  1918 E rdv     : 	at aght.run(PG:3)
07-25 11:35:28.804  1918  1918 E rdv     : 	at aght.run(PG:3)
07-25 11:35:28.804  1918  1918 E rdv     : 	at java.util.concurrent.ThreadPoolExecutor.runWorker(ThreadPoolExecutor.java:1156)
07-25 11:35:28.804  1918  1918 E rdv     : 	at java.util.concurrent.ThreadPoolExecutor$Worker.run(ThreadPoolExecutor.java:651)
07-25 11:35:28.804  1918  1918 E rdv     : 	at java.lang.Thread.run(Thread.java:1119)
07-25 11:35:28.804  1918  1918 E rdv     : 	at aggj.run(PG:42)
07-25 11:35:28.804  1918  1918 E rdv     : Caused by: afvx: errorCode: 65586, engine: 2
07-25 11:35:28.804  1918  1918 E rdv     : 	at abhl.hv(PG:6)
07-25 11:35:28.804  1918  1918 E rdv     : 	... 14 more
07-25 11:35:28.804  1918  1918 E rdv     : Caused by: afvt: errorCode: 401, engine: 2
07-25 11:35:28.804  1918  1918 E rdv     : 	at rds.b(PG:30)
07-25 11:35:28.804  1918  1918 E rdv     : 	at abii.hJ(PG:11)
07-25 11:35:28.804  1918  1918 E rdv     : 	at ahbi.d(PG:129)
07-25 11:35:28.804  1918  1918 E rdv     : 	... 12 more
07-25 11:35:28.845  2995  2995 E ashmem  : Pinning is deprecated since Android Q. Please use trim or other methods.
07-25 11:35:29.010  1649  2318 E AiAiEcho: EchoSearch: SettingsFetcherImpl: DB already exists.
07-25 11:35:29.456  3052  3052 E m.android.shell: Not starting debugger since process cannot load the jdwp agent.
07-25 11:35:29.481  2985  2985 E ashmem  : Pinning is deprecated since Android Q. Please use trim or other methods.
07-25 11:35:30.459  3081  3081 E .apps.safetyhub: Not starting debugger since process cannot load the jdwp agent.
07-25 11:35:30.485  1378  2338 E ggdc    : RuntimeException while executing runnable ggdr{ajmv@25beb95} with executor MoreExecutors.directExecutor()
07-25 11:35:30.485  1378  2338 E ggdc    : java.lang.NullPointerException: Attempt to get length of null array
07-25 11:35:30.485  1378  2338 E ggdc    : 	at android.util.Base64.encode(Base64.java:497)
07-25 11:35:30.485  1378  2338 E ggdc    : 	at android.util.Base64.encodeToString(Base64.java:459)
07-25 11:35:30.485  1378  2338 E ggdc    : 	at com.google.android.gms.auth.proximity.RemoteDevice.a(:com.google.android.gms@252635038@25.26.35 (260800-783060121):3)
07-25 11:35:30.485  1378  2338 E ggdc    : 	at ajmv.b(:com.google.android.gms@252635038@25.26.35 (260800-783060121):3)
07-25 11:35:30.485  1378  2338 E ggdc    : 	at ggdr.run(:com.google.android.gms@252635038@25.26.35 (260800-783060121):29)
07-25 11:35:30.485  1378  2338 E ggdc    : 	at ggcy.execute(:com.google.android.gms@252635038@25.26.35 (260800-783060121):1)
07-25 11:35:30.485  1378  2338 E ggdc    : 	at ggdc.c(:com.google.android.gms@252635038@25.26.35 (260800-783060121):1)
07-25 11:35:30.485  1378  2338 E ggdc    : 	at ggdc.b(:com.google.android.gms@252635038@25.26.35 (260800-783060121):32)
07-25 11:35:30.485  1378  2338 E ggdc    : 	at azpo.done(:com.google.android.gms@252635038@25.26.35 (260800-783060121):6)
07-25 11:35:30.485  1378  2338 E ggdc    : 	at java.util.concurrent.FutureTask.finishCompletion(FutureTask.java:434)
07-25 11:35:30.485  1378  2338 E ggdc    : 	at java.util.concurrent.FutureTask.set(FutureTask.java:285)
07-25 11:35:30.485  1378  2338 E ggdc    : 	at java.util.concurrent.FutureTask.run(FutureTask.java:325)
07-25 11:35:30.485  1378  2338 E ggdc    : 	at azpj.c(:com.google.android.gms@252635038@25.26.35 (260800-783060121):50)
07-25 11:35:30.485  1378  2338 E ggdc    : 	at azpj.run(:com.google.android.gms@252635038@25.26.35 (260800-783060121):70)
07-25 11:35:30.485  1378  2338 E ggdc    : 	at java.util.concurrent.ThreadPoolExecutor.runWorker(ThreadPoolExecutor.java:1156)
07-25 11:35:30.485  1378  2338 E ggdc    : 	at java.util.concurrent.ThreadPoolExecutor$Worker.run(ThreadPoolExecutor.java:651)
07-25 11:35:30.485  1378  2338 E ggdc    : 	at azva.run(:com.google.android.gms@252635038@25.26.35 (260800-783060121):8)
07-25 11:35:30.485  1378  2338 E ggdc    : 	at java.lang.Thread.run(Thread.java:1119)
07-25 11:35:31.192  1918  2201 E fbby    : (REDACTED) Failed to recover geofences for LBT Routines using Geller data
07-25 11:35:31.192  1918  2201 E fbby    : com.google.android.libraries.geller.portable.GellerException: Code: INVALID_ARGUMENT, Message: Account name is null.
07-25 11:35:31.192  1918  2201 E fbby    : 	at emtm.a(PG:21)
07-25 11:35:31.192  1918  2201 E fbby    : 	at emtv.a(PG:9)
07-25 11:35:31.192  1918  2201 E fbby    : 	at fcqs.a(PG:13)
07-25 11:35:31.192  1918  2201 E fbby    : 	at fmpm.a(PG:3)
07-25 11:35:31.192  1918  2201 E fbby    : 	at fmrb.run(PG:19)
07-25 11:35:31.192  1918  2201 E fbby    : 	at djui.run(PG:5)
07-25 11:35:31.192  1918  2201 E fbby    : 	at fler.run(PG:44)
07-25 11:35:31.192  1918  2201 E fbby    : 	at djtz.run(PG:42)
07-25 11:35:31.192  1918  2201 E fbby    : 	at java.lang.Thread.run(Thread.java:1119)
07-25 11:35:31.192  1918  2201 E fbby    : 	at djvl.run(PG:62)
07-25 11:35:31.448  1573  2296 E CastAuth: [CastAuthModuleInitIntent] Feature is not available, reason = CastAuth feature is disabled on this 1p device.. [CONTEXT service_id=360 ]
07-25 11:35:31.522  1573  2296 E IPCThreadState: Binder transaction failure. id: 89590, BR_*: 29201, error: -28 (No space left on device)
07-25 11:35:31.523  1573  2296 E JavaBinder: !!! FAILED BINDER TRANSACTION !!!  (parcel size = 1056768)
07-25 11:35:31.781  2985  3077 E tflite  : third_party/tensorflow/lite/core/subgraph.cc:1062 tensor.data.raw != nullptr was not true.
07-25 11:35:33.024  3081  3136 E ashmem  : Pinning is deprecated since Android Q. Please use trim or other methods.
07-25 11:35:33.203  3147  3147 E d.configupdater: Not starting debugger since process cannot load the jdwp agent.
07-25 11:35:33.646  1573  2909 E PhenotypeFlagCommitter: Retrieving snapshot for com.google.android.gms.playlog.uploader failed
07-25 11:35:33.646  1573  2909 E PhenotypeFlagCommitter: java.util.concurrent.TimeoutException: Timed out waiting for Task
07-25 11:35:33.646  1573  2909 E PhenotypeFlagCommitter: 	at eque.o(:com.google.android.gms@252635038@25.26.35 (260800-783060121):53)
07-25 11:35:33.646  1573  2909 E PhenotypeFlagCommitter: 	at eeaf.f(:com.google.android.gms@252635038@25.26.35 (260800-783060121):11)
07-25 11:35:33.646  1573  2909 E PhenotypeFlagCommitter: 	at eeaf.j(:com.google.android.gms@252635038@25.26.35 (260800-783060121):42)
07-25 11:35:33.646  1573  2909 E PhenotypeFlagCommitter: 	at eeaf.h(:com.google.android.gms@252635038@25.26.35 (260800-783060121):4)
07-25 11:35:33.646  1573  2909 E PhenotypeFlagCommitter: 	at com.google.android.gms.clearcut.init.ClearcutInitChimeraIntentService.b(:com.google.android.gms@252635038@25.26.35 (260800-783060121):60)
07-25 11:35:33.646  1573  2909 E PhenotypeFlagCommitter: 	at augs.onHandleIntent(:com.google.android.gms@252635038@25.26.35 (260800-783060121):58)
07-25 11:35:33.646  1573  2909 E PhenotypeFlagCommitter: 	at com.google.android.gms.clearcut.init.DefaultPriorityClearcutInitChimeraIntentService.onHandleIntent(:com.google.android.gms@252635038@25.26.35 (260800-783060121):11)
07-25 11:35:33.646  1573  2909 E PhenotypeFlagCommitter: 	at com.google.android.chimera.IntentOperation.onHandleIntent(:com.google.android.gms@252635038@25.26.35 (260800-783060121):2)
07-25 11:35:33.646  1573  2909 E PhenotypeFlagCommitter: 	at aumo.onHandleIntent(:com.google.android.gms@252635038@25.26.35 (260800-783060121):8)
07-25 11:35:33.646  1573  2909 E PhenotypeFlagCommitter: 	at vzd.run(:com.google.android.gms@252635038@25.26.35 (260800-783060121):64)
07-25 11:35:33.646  1573  2909 E PhenotypeFlagCommitter: 	at vzc.run(:com.google.android.gms@252635038@25.26.35 (260800-783060121):132)
07-25 11:35:33.646  1573  2909 E PhenotypeFlagCommitter: 	at fyac.run(:com.google.android.gms@252635038@25.26.35 (260800-783060121):21)
07-25 11:35:33.646  1573  2909 E PhenotypeFlagCommitter: 	at java.util.concurrent.ThreadPoolExecutor.runWorker(ThreadPoolExecutor.java:1156)
07-25 11:35:33.646  1573  2909 E PhenotypeFlagCommitter: 	at java.util.concurrent.ThreadPoolExecutor$Worker.run(ThreadPoolExecutor.java:651)
07-25 11:35:33.646  1573  2909 E PhenotypeFlagCommitter: 	at java.lang.Thread.run(Thread.java:1119)
07-25 11:35:33.869  3147  3147 E ConfigUpdater: ignoring update request
07-25 11:35:33.917  3183  3183 E ederatedcompute: Not starting debugger since process cannot load the jdwp agent.
07-25 11:35:33.968  3147  3147 E ConfigUpdater: ignoring update request
07-25 11:35:34.056  3147  3147 E ConfigUpdater: ignoring update request
07-25 11:35:34.158  3147  3147 E ConfigUpdater: ignoring update request
07-25 11:35:34.207  2398  2800 E BugleRcs: RcsEngineLifecycleManagerV2: RcsServiceConnectionException was raised while waiting to connect to RcsEngineLifecycleServiceV2
07-25 11:35:34.207  2398  2800 E BugleRcs: cumf: RcsServiceConnectionException:com.google.android.rcs.client.lifecycle.RcsEngineLifecycleServiceV2:UNKNOWN
07-25 11:35:34.207  2398  2800 E BugleRcs: 	at culm.a(PG:54)
07-25 11:35:34.207  2398  2800 E BugleRcs: 	at kho.a(PG:19)
07-25 11:35:34.207  2398  2800 E BugleRcs: 	at culn.a(PG:14)
07-25 11:35:34.207  2398  2800 E BugleRcs: 	at elsk.a(PG:13)
07-25 11:35:34.207  2398  2800 E BugleRcs: 	at esfd.a(PG:3)
07-25 11:35:34.207  2398  2800 E BugleRcs: 	at eseb.run(PG:19)
07-25 11:35:34.207  2398  2800 E BugleRcs: 	at esff.run(PG:5)
07-25 11:35:34.207  2398  2800 E BugleRcs: 	at dubu.run(PG:7)
07-25 11:35:34.207  2398  2800 E BugleRcs: 	at java.util.concurrent.ThreadPoolExecutor.runWorker(ThreadPoolExecutor.java:1156)
07-25 11:35:34.207  2398  2800 E BugleRcs: 	at java.util.concurrent.ThreadPoolExecutor$Worker.run(ThreadPoolExecutor.java:651)
07-25 11:35:34.207  2398  2800 E BugleRcs: 	at dubb.run(PG:6)
07-25 11:35:34.207  2398  2800 E BugleRcs: 	at java.lang.Thread.run(Thread.java:1119)
07-25 11:35:34.207  2398  2800 E BugleRcs: 	at ducv.run(PG:61)
07-25 11:35:34.216  2398  2800 E BugleRcs: RcsEngineLifecycleManagerV2: RcsServiceConnectionException was raised while waiting to connect to RcsEngineLifecycleServiceV2
07-25 11:35:34.216  2398  2800 E BugleRcs: cumf: RcsServiceConnectionException:com.google.android.rcs.client.lifecycle.RcsEngineLifecycleServiceV2:UNKNOWN
07-25 11:35:34.216  2398  2800 E BugleRcs: 	at culm.a(PG:54)
07-25 11:35:34.216  2398  2800 E BugleRcs: 	at kho.a(PG:19)
07-25 11:35:34.216  2398  2800 E BugleRcs: 	at culn.a(PG:14)
07-25 11:35:34.216  2398  2800 E BugleRcs: 	at elsk.a(PG:13)
07-25 11:35:34.216  2398  2800 E BugleRcs: 	at esfd.a(PG:3)
07-25 11:35:34.216  2398  2800 E BugleRcs: 	at eseb.run(PG:19)
07-25 11:35:34.216  2398  2800 E BugleRcs: 	at esff.run(PG:5)
07-25 11:35:34.216  2398  2800 E BugleRcs: 	at dubu.run(PG:7)
07-25 11:35:34.216  2398  2800 E BugleRcs: 	at java.util.concurrent.ThreadPoolExecutor.runWorker(ThreadPoolExecutor.java:1156)
07-25 11:35:34.216  2398  2800 E BugleRcs: 	at java.util.concurrent.ThreadPoolExecutor$Worker.run(ThreadPoolExecutor.java:651)
07-25 11:35:34.216  2398  2800 E BugleRcs: 	at dubb.run(PG:6)
07-25 11:35:34.216  2398  2800 E BugleRcs: 	at java.lang.Thread.run(Thread.java:1119)
07-25 11:35:34.216  2398  2800 E BugleRcs: 	at ducv.run(PG:61)
07-25 11:35:34.298  3147  3147 E ConfigUpdater: ignoring update request
07-25 11:35:34.383  3147  3147 E ConfigUpdater: ignoring update request
07-25 11:35:34.456  3147  3147 E ConfigUpdater: ignoring update request
07-25 11:35:34.507  3147  3147 E ConfigUpdater: ignoring update request
