07-25 11:34:45.047   773   773 E SettingsState: invalid override flag name storage_native_boot/dirty_reclaim_rate
07-25 11:34:45.047   773   773 E SettingsState: invalid override flag name captive_portal_login/use_any_custom_tab_provider
07-25 11:34:45.047   773   773 E SettingsState: invalid override flag name odad/phl_autofill_hint_suspicious_score
07-25 11:34:45.047   773   773 E SettingsState: invalid override flag name adservices/measurement_enable_odp_web_trigger_registration
07-25 11:34:45.047   773   773 E SettingsState: invalid override flag name adservices/enable_back_compat
07-25 11:34:45.047   773   773 E SettingsState: invalid override flag name aicore/AicModels__mdd_maintenance_at_init_enabled
07-25 11:34:45.047   773   773 E SettingsState: invalid override flag name adservices/measurement_enable_delete_reports_on_unrecoverable_exception
07-25 11:34:45.047   773   773 E SettingsState: invalid override flag name adservices/mdd_network_stats_logging_sample_interval
07-25 11:34:45.047   773   773 E SettingsState: invalid override flag name health_fitness/count_migration_state_in_progress
07-25 11:34:45.047   773   773 E SettingsState: invalid override flag name odad/phl_button_scores
07-25 11:34:45.047   773   773 E SettingsState: invalid override flag name input_method/InputMethodManager__hide_ime_when_no_editor_focus
07-25 11:34:45.047   773   773 E SettingsState: invalid override flag name odad/cp_debug_keywords
07-25 11:34:45.047   773   773 E SettingsState: invalid override flag name on_device_personalization/default_scheduling_period_secs
07-25 11:34:45.047   773   773 E SettingsState: invalid override flag name aicore/AicSafety__messages_custom_protection_enabled
07-25 11:34:45.047   773   773 E SettingsState: invalid override flag name device_personalization_services/AicModels__mdd_filter_filegroups_for_background_jobs
07-25 11:34:45.047   773   773 E SettingsState: invalid override flag name media/player_metrics_per_app_user_media_activity_allowlist
07-25 11:34:45.047   773   773 E SettingsState: invalid override flag name notification_assistant/generate_actions
07-25 11:34:45.047   773   773 E SettingsState: invalid override flag name health_fitness/migration_completion_job_run_interval_days
07-25 11:34:45.047   773   773 E SettingsState: invalid override flag name adservices/fledge_auction_server_enable_pas_unlimited_egress
07-25 11:34:45.047   773   773 E SettingsState: invalid override flag name netd_native/max_cache_entries
07-25 11:34:45.048   773   773 E SettingsState: invalid override flag name device_personalization_services/PccFlogger__enable_pcc_flogger_backend
07-25 11:34:45.048   773   773 E SettingsState: invalid override flag name privacy/safety_center_show_subpages
07-25 11:34:45.048   773   773 E SettingsState: invalid override flag name device_personalization_services/VisualCortex__enable
07-25 11:34:45.048   773   773 E SettingsState: invalid override flag name aicore/AicSafety__use_flexible_safety_magic_rewrite_classifier
07-25 11:34:45.048   773   773 E SettingsState: invalid override flag name nnapi_native/telemetry_enable
07-25 11:34:45.048   773   773 E SettingsState: invalid override flag name device_personalization_services/NowPlaying__enable_now_playing_quick_settings
07-25 11:34:45.048   773   773 E SettingsState: invalid override flag name odad/max_low_cost_scanning_apps
07-25 11:34:45.048   773   773 E SettingsState: invalid override flag name odad/max_classification_reports
07-25 11:34:45.048   773   773 E SettingsState: invalid override flag name health_fitness/RateLimiter__max_write_requests_per_24h_background
07-25 11:34:45.048   773   773 E SettingsState: invalid override flag name adservices/fledge_background_fetch_thread_pool_size
07-25 11:34:45.048   773   773 E SettingsState: invalid override flag name connectivity/ipclient_multicast_ns_version
07-25 11:34:45.048   773   773 E SettingsState: invalid override flag name health_fitness/RateLimiter__max_read_requests_per_15m_foreground
07-25 11:34:45.048   773   773 E SettingsState: invalid override flag name adservices/topics_number_of_random_topics
07-25 11:34:45.048   773   773 E SettingsState: invalid override flag name device_personalization_services/AicModels__mdd_enable_background_jobs
07-25 11:34:45.048   773   773 E SettingsState: invalid override flag name runtime_native_boot/iorap_perfetto_enable
07-25 11:34:45.048   773   773 E SettingsState: invalid override flag name odad/phl_text_box_score
07-25 11:34:45.048   773   773 E SettingsState: invalid override flag name privacy/safety_label_changes_job_interval_millis
07-25 11:34:45.048   773   773 E SettingsState: invalid override flag name on_device_personalization/fcp_enable_authentication
07-25 11:34:45.048   773   773 E SettingsState: invalid override flag name package_manager_service/Archiving__enable_archiving
07-25 11:34:45.048   773   773 E SettingsState: invalid override flag name adservices/mdd_enrollment_manifest_file_url
07-25 11:34:45.048   773   773 E SettingsState: invalid override flag name adservices/protected_signals_cleanup_enabled
07-25 11:34:45.048   773   773 E SettingsState: invalid override flag name exo/use_target_dpi
07-25 11:34:45.048   773   773 E SettingsState: invalid override flag name adservices/topics_on_device_classifier_kill_switch
07-25 11:34:45.048   773   773 E SettingsState: invalid override flag name odad/safety_center_bll_warnings_v2_enabled
07-25 11:34:45.048   773   773 E SettingsState: invalid override flag name textclassifier/manifest_download_max_attempts
07-25 11:34:45.048   773   773 E SettingsState: invalid override flag name content_capture/content_protection_optional_groups_config
07-25 11:34:45.048   773   773 E SettingsState: invalid override flag name aicore/AicFeatures__features
07-25 11:34:45.048   773   773 E SettingsState: invalid override flag name adservices/enrollment_proto_file_enabled
07-25 11:34:45.048   773   773 E SettingsState: invalid override flag name odad/old_versioned_ww_data_enabled
07-25 11:34:45.048   773   773 E SettingsState: invalid override flag name adservices/measurement_async_registration_job_trigger_max_delay_ms
07-25 11:34:45.048   773   773 E SettingsState: invalid override flag name adservices/fledge_custom_audience_per_app_max_count
07-25 11:34:45.048   773   773 E SettingsState: invalid override flag name odad/safety_center_refresh_sources_enabled
07-25 11:34:45.048   773   773 E SettingsState: invalid override flag name wifi/abnormal_connection_failure_bugreport_enabled
07-25 11:34:45.048   773   773 E SettingsState: invalid override flag name adservices/measurement_job_aggregate_reporting_kill_switch
07-25 11:34:45.048   773   773 E SettingsState: invalid override flag name device_personalization_services/SmartNotification__application_channel_verify_rules
07-25 11:34:45.049   773   773 E SettingsState: invalid override flag name aicore/AicFeatures__customer_packages
07-25 11:34:45.049   773   773 E SettingsState: invalid override flag name adservices/fledge_auction_server_key_fetch_metrics_enabled
07-25 11:34:45.049   773   773 E SettingsState: invalid override flag name odad/phl_clickable_text_view_score
07-25 11:34:45.049   773   773 E SettingsState: invalid override flag name connectivity/dhcp_init_reboot_enabled
07-25 11:34:45.049   773   773 E SettingsState: invalid override flag name adservices/measurement_enable_aggregatable_report_payload_padding
07-25 11:34:45.049   773   773 E SettingsState: invalid override flag name adservices/fledge_auction_server_join_key_fetch_uri
07-25 11:34:45.049   773   773 E SettingsState: invalid override flag name connectivity/dhcp_ip_conflict_detect_version
07-25 11:34:45.049   773   773 E SettingsState: invalid override flag name device_personalization_services/Captions__enable_drag_and_double_tap_to_resize
07-25 11:34:45.049   773   773 E SettingsState: invalid override flag name odad/bll_classifier_enabled
07-25 11:34:45.049   773   773 E SettingsState: invalid override flag name health_fitness/RateLimiter__max_read_requests_per_24h_background
07-25 11:34:45.049   773   773 E SettingsState: invalid override flag name adservices/measurement_max_sources_per_publisher
07-25 11:34:45.049   773   773 E SettingsState: invalid override flag name device_personalization_services/NowPlaying__enable_now_playing_ipc
07-25 11:34:45.049   773   773 E SettingsState: invalid override flag name privacy/safety_center_background_refresh_denied_sources
07-25 11:34:45.049   773   773 E SettingsState: invalid override flag name privacy/safety_center_background_requires_charging
07-25 11:34:45.049   773   773 E SettingsState: invalid override flag name odad/safety_center_killswitch
07-25 11:34:45.049   773   773 E SettingsState: invalid override flag name aicore/AicModels__mdd_manifest_config
07-25 11:34:45.049   773   773 E SettingsState: invalid override flag name aicore/AicCommon__serving_group_mismatch_exception_enabled
07-25 11:34:45.049   773   773 E SettingsState: invalid override flag name health_fitness/cloud_restore_enable
07-25 11:34:45.049   773   773 E SettingsState: invalid override flag name wifi/health_monitor_ratio_thr_numerator
07-25 11:34:45.049   773   773 E SettingsState: invalid override flag name credential_manager/credential_manager_service_search_uri
07-25 11:34:45.049   773   773 E SettingsState: invalid override flag name adservices/u18_ux_enabled
07-25 11:34:45.049   773   773 E SettingsState: invalid override flag name device_personalization_services/Captions__enable_augmented_modality_input
07-25 11:34:45.049   773   773 E SettingsState: invalid override flag name appsearch/contacts_indexer_enabled
07-25 11:34:45.049   773   773 E SettingsState: invalid override flag name aicore/AicSafety__messages_output_screen_classification_enabled
07-25 11:34:45.049   773   773 E SettingsState: invalid override flag name adservices/measurement_enable_event_level_epsilon_in_source
07-25 11:34:45.049   773   773 E SettingsState: invalid override flag name adservices/measurement_job_delete_uninstalled_kill_switch
07-25 11:34:45.049   773   773 E SettingsState: invalid override flag name connectivity/dhcp_rapid_commit_version
07-25 11:34:45.049   773   773 E SettingsState: invalid override flag name on_device_personalization/fcp_enable_encryption
07-25 11:34:45.049   773   773 E SettingsState: invalid override flag name device_personalization_services/NowPlaying__ambient_music_update_album_art_old_recognitions
07-25 11:34:45.049   773   773 E SettingsState: invalid override flag name adservices/measurement_max_triggers_per_destination
07-25 11:34:45.049   773   773 E SettingsState: invalid override flag name adservices/measurement_default_destination_limit_algorithm
07-25 11:34:45.049   773   773 E SettingsState: invalid override flag name adservices/fledge_debug_report_sender_job_period_ms
07-25 11:34:45.049   773   773 E SettingsState: invalid override flag name adservices/measurement_aggregate_reporting_job_required_network_type
07-25 11:34:45.049   773   773 E SettingsState: invalid override flag name odad/phl_autofill_hint_critical_score
07-25 11:34:45.049   773   773 E SettingsState: invalid override flag name adservices/fledge_background_fetch_network_connect_timeout_ms
07-25 11:34:45.049   773   773 E SettingsState: invalid override flag name device_personalization_services/NotificationAssistant__enable_service
07-25 11:34:45.049   773   773 E SettingsState: invalid override flag name on_device_personalization/web_trigger_flow_deadline_seconds
07-25 11:34:45.049   773   773 E SettingsState: invalid override flag name aicore/AicOnDeviceIntelligence__enable_fd_caching_for_lightweight_features
07-25 11:34:45.049   773   773 E SettingsState: invalid override flag name device_personalization_services/SmartNotification__excluded_packages
07-25 11:34:45.050   773   773 E SettingsState: invalid override flag name launcher_lily/HomeScreenShortcuts__enable_camera_block
07-25 11:34:45.050   773   773 E SettingsState: invalid override flag name adservices/measurement_enforce_foreground_status_register_source
07-25 11:34:45.050   773   773 E SettingsState: invalid override flag name adservices/measurement_event_reports_ctc_early_reporting_windows
07-25 11:34:45.050   773   773 E SettingsState: invalid override flag name adservices/measurement_enforce_foreground_status_register_web_source
07-25 11:34:45.050   773   773 E SettingsState: invalid override flag name device_personalization_services/NoOp__flag_for_droidfood
07-25 11:34:45.050   773   773 E SettingsState: invalid override flag name autofill/trigger_fill_request_on_unimportant_view
07-25 11:34:45.050   773   773 E SettingsState: invalid override flag name device_personalization_services/Superpacks__require_battery_not_low_by_default
07-25 11:34:45.050   773   773 E SettingsState: invalid override flag name configuration/beta_public_launch
07-25 11:34:45.050   773   773 E SettingsState: invalid override flag name device_personalization_services/ViewSemantics__model_version
07-25 11:34:45.050   773   773 E SettingsState: invalid override flag name device_personalization_services/SmartSelect__enable_smart_select_example_cache_on_suggest_selection
07-25 11:34:45.050   773   773 E SettingsState: invalid override flag name interaction_jank_monitor/trace_threshold_frame_time_millis
07-25 11:34:45.050   773   773 E SettingsState: invalid override flag name adservices/enable_appsearch_consent_data
07-25 11:34:45.050   773   773 E SettingsState: invalid override flag name uwb/device_error_bugreport_enabled
07-25 11:34:45.050   773   773 E SettingsState: invalid override flag name aicore/AicSafety__periodic_refresh_only_requested_clients_enabled
07-25 11:34:45.050   773   773 E SettingsState: invalid override flag name device_personalization_services/Overview__enable_pir_westworld_logging
07-25 11:34:45.050   773   773 E SettingsState: invalid override flag name activity_manager_native_boot/modern_queue_enabled
07-25 11:34:45.050   773   773 E SettingsState: invalid override flag name adservices/mdd_maintenance_gcm_task_period_seconds
07-25 11:34:45.050   773   773 E SettingsState: invalid override flag name media/player_metrics_per_app_use_time_allowlist
07-25 11:34:45.050   773   773 E SettingsState: invalid override flag name device_personalization_services/PccStorageStats__directory_report_known_directory_names
07-25 11:34:45.050   773   773 E SettingsState: invalid override flag name device_personalization_services/EchoSmartspace__enable_ambient_data_predictor
07-25 11:34:45.050   773   773 E SettingsState: invalid override flag name textclassifier/manifest_url_annotator_universal
07-25 11:34:45.050   773   773 E SettingsState: invalid override flag name device_personalization_services/SpeechRecognitionService__max_concurrent_recognition_sessions
07-25 11:34:45.050   773   773 E SettingsState: invalid override flag name package_manager_service/MinInstallableTargetSdkStrictMode__install_block_strict_mode_enabled
07-25 11:34:45.050   773   773 E SettingsState: invalid override flag name adservices/fledge_report_impression_api_metrics_enabled
07-25 11:34:45.050   773   773 E SettingsState: invalid override flag name connectivity/ipclient_accept_ipv6_link_local_dns_version
07-25 11:34:45.106   773   773 E ashmem  : Pinning is deprecated since Android Q. Please use trim or other methods.
07-25 11:34:45.401   773   773 E system_server: Class descriptors 'com.android.server.inputflinger.IInputFlingerRust' match during associateClass, but they are different class objects (0x716128f5ec90 vs 0x716128f64720). Class descriptor collision?
07-25 11:34:45.417   773   773 E system_server: Class descriptors 'com.android.server.inputflinger.IInputFilter' match during associateClass, but they are different class objects (0x716128f5e2f0 vs 0x716128f64a30). Class descriptor collision?
07-25 11:34:45.463   773   773 E DeviceStateManagerService: Cannot notify device state info change before the initial state has been committed.
07-25 11:34:47.167   773   773 E PowerManagerService: Tried to acquire wake lock for invalid display: 0
07-25 11:34:47.196   773   773 E SoundTriggerMiddlewareImpl: Failed to add a SoundTriggerModule instance
07-25 11:34:47.196   773   773 E SoundTriggerMiddlewareImpl: java.util.NoSuchElementException
07-25 11:34:47.196   773   773 E SoundTriggerMiddlewareImpl: 	at android.os.HwBinder.getService(Native Method)
07-25 11:34:47.196   773   773 E SoundTriggerMiddlewareImpl: 	at android.hardware.soundtrigger.V2_0.ISoundTriggerHw.getService(ISoundTriggerHw.java:57)
07-25 11:34:47.196   773   773 E SoundTriggerMiddlewareImpl: 	at android.hardware.soundtrigger.V2_0.ISoundTriggerHw.getService(ISoundTriggerHw.java:64)
07-25 11:34:47.196   773   773 E SoundTriggerMiddlewareImpl: 	at com.android.server.soundtrigger_middleware.DefaultHalFactory.create(DefaultHalFactory.java:76)
07-25 11:34:47.196   773   773 E SoundTriggerMiddlewareImpl: 	at com.android.server.soundtrigger_middleware.SoundTriggerModule.attachToHal(SoundTriggerModule.java:176)
07-25 11:34:47.196   773   773 E SoundTriggerMiddlewareImpl: 	at com.android.server.soundtrigger_middleware.SoundTriggerModule.<init>(SoundTriggerModule.java:105)
07-25 11:34:47.196   773   773 E SoundTriggerMiddlewareImpl: 	at com.android.server.soundtrigger_middleware.SoundTriggerMiddlewareImpl.<init>(SoundTriggerMiddlewareImpl.java:86)
07-25 11:34:47.196   773   773 E SoundTriggerMiddlewareImpl: 	at com.android.server.soundtrigger_middleware.SoundTriggerMiddlewareService$Lifecycle.onStart(SoundTriggerMiddlewareService.java:248)
07-25 11:34:47.196   773   773 E SoundTriggerMiddlewareImpl: 	at com.android.server.SystemServiceManager.startService(SystemServiceManager.java:280)
07-25 11:34:47.196   773   773 E SoundTriggerMiddlewareImpl: 	at com.android.server.SystemServiceManager.startService(SystemServiceManager.java:257)
07-25 11:34:47.196   773   773 E SoundTriggerMiddlewareImpl: 	at com.android.server.SystemServer.startOtherServices(SystemServer.java:2417)
07-25 11:34:47.196   773   773 E SoundTriggerMiddlewareImpl: 	at com.android.server.SystemServer.run(SystemServer.java:988)
07-25 11:34:47.196   773   773 E SoundTriggerMiddlewareImpl: 	at com.android.server.SystemServer.main(SystemServer.java:689)
07-25 11:34:47.196   773   773 E SoundTriggerMiddlewareImpl: 	at java.lang.reflect.Method.invoke(Native Method)
07-25 11:34:47.196   773   773 E SoundTriggerMiddlewareImpl: 	at com.android.internal.os.RuntimeInit$MethodAndArgsCaller.run(RuntimeInit.java:593)
07-25 11:34:47.196   773   773 E SoundTriggerMiddlewareImpl: 	at com.android.internal.os.ZygoteInit.main(ZygoteInit.java:910)
07-25 11:34:47.231   773   889 E UsbDeviceManager: connectToProxy: usb gadget hidl hal service not found.
07-25 11:34:47.231   773   889 E UsbDeviceManager: java.util.NoSuchElementException
07-25 11:34:47.231   773   889 E UsbDeviceManager: 	at android.os.HwBinder.getService(Native Method)
07-25 11:34:47.231   773   889 E UsbDeviceManager: 	at android.hardware.usb.gadget.V1_0.IUsbGadget.getService(IUsbGadget.java:57)
07-25 11:34:47.231   773   889 E UsbDeviceManager: 	at android.hardware.usb.gadget.V1_0.IUsbGadget.getService(IUsbGadget.java:64)
07-25 11:34:47.231   773   889 E UsbDeviceManager: 	at com.android.server.usb.hal.gadget.UsbGadgetHidl.isServicePresent(UsbGadgetHidl.java:128)
07-25 11:34:47.231   773   889 E UsbDeviceManager: 	at com.android.server.usb.hal.gadget.UsbGadgetHalInstance.getInstance(UsbGadgetHalInstance.java:39)
07-25 11:34:47.231   773   889 E UsbDeviceManager: 	at com.android.server.usb.UsbDeviceManager.<init>(UsbDeviceManager.java:349)
07-25 11:34:47.231   773   889 E UsbDeviceManager: 	at com.android.server.usb.UsbService.<init>(UsbService.java:219)
07-25 11:34:47.231   773   889 E UsbDeviceManager: 	at com.android.server.usb.UsbService$Lifecycle.lambda$onStart$0(UsbService.java:125)
07-25 11:34:47.231   773   889 E UsbDeviceManager: 	at com.android.server.usb.UsbService$Lifecycle.$r8$lambda$HIZVSW8uTg1XjWF6etZh-bC1WP4(UsbService.java:0)
07-25 11:34:47.231   773   889 E UsbDeviceManager: 	at com.android.server.usb.UsbService$Lifecycle$$ExternalSyntheticLambda0.run(R8$$SyntheticClass:0)
07-25 11:34:47.231   773   889 E UsbDeviceManager: 	at com.android.server.SystemServerInitThreadPool.lambda$submitTask$0(SystemServerInitThreadPool.java:107)
07-25 11:34:47.231   773   889 E UsbDeviceManager: 	at com.android.server.SystemServerInitThreadPool.$r8$lambda$KBkrFsHiqcxWyjNRg1WxRI4WNHA(SystemServerInitThreadPool.java:0)
07-25 11:34:47.231   773   889 E UsbDeviceManager: 	at com.android.server.SystemServerInitThreadPool$$ExternalSyntheticLambda1.run(R8$$SyntheticClass:0)
07-25 11:34:47.231   773   889 E UsbDeviceManager: 	at java.util.concurrent.Executors$RunnableAdapter.call(Executors.java:524)
07-25 11:34:47.231   773   889 E UsbDeviceManager: 	at java.util.concurrent.FutureTask.run(FutureTask.java:317)
07-25 11:34:47.231   773   889 E UsbDeviceManager: 	at java.util.concurrent.ThreadPoolExecutor.runWorker(ThreadPoolExecutor.java:1156)
07-25 11:34:47.231   773   889 E UsbDeviceManager: 	at java.util.concurrent.ThreadPoolExecutor$Worker.run(ThreadPoolExecutor.java:651)
07-25 11:34:47.231   773   889 E UsbDeviceManager: 	at com.android.internal.util.ConcurrentUtils$1$1.run(ConcurrentUtils.java:65)
07-25 11:34:47.231   773   889 E UsbPortManager: USB Gadget HAL AIDL/HIDL not present
07-25 11:34:47.232   773   889 E UsbDeviceManagerJNI: could not open control for mtp No such file or directory
07-25 11:34:47.232   773   889 E UsbDeviceManager: Failed to open control for mtp
07-25 11:34:47.232   773   889 E UsbDeviceManagerJNI: could not open control for ptp No such file or directory
07-25 11:34:47.232   773   889 E UsbDeviceManager: Failed to open control for ptp
07-25 11:34:47.239   773   889 E UsbDeviceManagerJNI: could not open /dev/usb_accessory
07-25 11:34:47.995   773   860 E BluetoothAdapter: Bluetooth service is null
07-25 11:34:48.084   773   773 E SystemServiceRegistry: No service published for: face
07-25 11:34:48.084   773   773 E SystemServiceRegistry: android.os.ServiceManager$ServiceNotFoundException: No service published for: face
07-25 11:34:48.084   773   773 E SystemServiceRegistry: 	at android.os.ServiceManager.getServiceOrThrow(ServiceManager.java:203)
07-25 11:34:48.084   773   773 E SystemServiceRegistry: 	at android.app.SystemServiceRegistry$72.createService(SystemServiceRegistry.java:993)
07-25 11:34:48.084   773   773 E SystemServiceRegistry: 	at android.app.SystemServiceRegistry$72.createService(SystemServiceRegistry.java:987)
07-25 11:34:48.084   773   773 E SystemServiceRegistry: 	at android.app.SystemServiceRegistry$CachedServiceFetcher.getService(SystemServiceRegistry.java:2343)
07-25 11:34:48.084   773   773 E SystemServiceRegistry: 	at android.app.SystemServiceRegistry.getSystemService(SystemServiceRegistry.java:1918)
07-25 11:34:48.084   773   773 E SystemServiceRegistry: 	at android.app.ContextImpl.getSystemService(ContextImpl.java:2315)
07-25 11:34:48.084   773   773 E SystemServiceRegistry: 	at android.content.Context.getSystemService(Context.java:4630)
07-25 11:34:48.084   773   773 E SystemServiceRegistry: 	at com.android.server.biometrics.BiometricService$Injector.getSettingObserver(BiometricService.java:1314)
07-25 11:34:48.084   773   773 E SystemServiceRegistry: 	at com.android.server.biometrics.BiometricService.<init>(BiometricService.java:1409)
07-25 11:34:48.084   773   773 E SystemServiceRegistry: 	at com.android.server.biometrics.BiometricService.<init>(BiometricService.java:1396)
07-25 11:34:48.084   773   773 E SystemServiceRegistry: 	at java.lang.reflect.Constructor.newInstance0(Native Method)
07-25 11:34:48.084   773   773 E SystemServiceRegistry: 	at java.lang.reflect.Constructor.newInstance(Constructor.java:343)
07-25 11:34:48.084   773   773 E SystemServiceRegistry: 	at com.android.server.SystemServiceManager.startService(SystemServiceManager.java:242)
07-25 11:34:48.084   773   773 E SystemServiceRegistry: 	at com.android.server.SystemServer.startOtherServices(SystemServer.java:2725)
07-25 11:34:48.084   773   773 E SystemServiceRegistry: 	at com.android.server.SystemServer.run(SystemServer.java:988)
07-25 11:34:48.084   773   773 E SystemServiceRegistry: 	at com.android.server.SystemServer.main(SystemServer.java:689)
07-25 11:34:48.084   773   773 E SystemServiceRegistry: 	at java.lang.reflect.Method.invoke(Native Method)
07-25 11:34:48.084   773   773 E SystemServiceRegistry: 	at com.android.internal.os.RuntimeInit$MethodAndArgsCaller.run(RuntimeInit.java:593)
07-25 11:34:48.084   773   773 E SystemServiceRegistry: 	at com.android.internal.os.ZygoteInit.main(ZygoteInit.java:910)
07-25 11:34:48.084   773   773 E SystemServiceRegistry: Manager wrapper not available: face
07-25 11:34:48.105   773   998 E AuthService: Face configuration exists, but FaceService is null.
07-25 11:34:48.251  1000  1002 E fingerprint-service.ranchu: openFile:48 failure: open('/data/vendor_de/0/fpdata/sensor0.bin', output=0) failed with errno=2
07-25 11:34:48.362   773   773 E AutofillManagerServiceImpl: Bad service name: com.google.android.gms/.autofill.service.AutofillService
07-25 11:34:48.362   773   773 E RemoteAugmentedAutofillService: Bad service name for flags 1048704: com.google.android.as/com.google.android.apps.miphone.aiai.app.AiAiAugmentedAutofillService
07-25 11:34:48.442   773   773 E EnergyConsumerSnapshot: Unexpected battery voltage (0 mV) when taking energy consumer snapshot
07-25 11:34:48.461   773   823 E BatteryStatsService: Unable to load Power.Stats.HAL. Setting rail availability to false
07-25 11:34:48.462   773   823 E BluetoothAdapter: Bluetooth service is null
07-25 11:34:48.468   773   823 E EnergyConsumerSnapshot: Unexpected battery voltage (0 mV) when taking energy consumer snapshot
07-25 11:34:48.508   773   773 E DisplayPowerController[0]: failed to set up display white-balance: java.lang.IllegalStateException: cannot find sensor com.google.sensor.color
07-25 11:34:48.525   773   773 E DeviceConfig: Parsing int failed for location_mode
07-25 11:34:48.549   773   812 E AppWidgetManager: Notify service of inheritance info
07-25 11:34:48.549   773   812 E AppWidgetManager: java.lang.IllegalStateException: User 0 must be unlocked for widgets to be available
07-25 11:34:48.549   773   812 E AppWidgetManager: 	at com.android.server.appwidget.AppWidgetServiceImpl.ensureGroupStateLoadedLocked(AppWidgetServiceImpl.java:1059)
07-25 11:34:48.549   773   812 E AppWidgetManager: 	at com.android.server.appwidget.AppWidgetServiceImpl.ensureGroupStateLoadedLocked(AppWidgetServiceImpl.java:1044)
07-25 11:34:48.549   773   812 E AppWidgetManager: 	at com.android.server.appwidget.AppWidgetServiceImpl.getInstalledProvidersForProfile(AppWidgetServiceImpl.java:2536)
07-25 11:34:48.549   773   812 E AppWidgetManager: 	at android.appwidget.AppWidgetManager.getInstalledProvidersForProfile(AppWidgetManager.java:1107)
07-25 11:34:48.549   773   812 E AppWidgetManager: 	at android.appwidget.AppWidgetManager.getInstalledProvidersForPackage(AppWidgetManager.java:1041)
07-25 11:34:48.549   773   812 E AppWidgetManager: 	at android.appwidget.AppWidgetManager.lambda$new$3(AppWidgetManager.java:639)
07-25 11:34:48.549   773   812 E AppWidgetManager: 	at android.appwidget.AppWidgetManager.$r8$lambda$WKLPyaeqLNLNb3560d7QJuq2DwQ(Unknown Source:0)
07-25 11:34:48.549   773   812 E AppWidgetManager: 	at android.appwidget.AppWidgetManager$$ExternalSyntheticLambda7.run(D8$$SyntheticClass:0)
07-25 11:34:48.549   773   812 E AppWidgetManager: 	at android.os.Handler.handleCallback(Handler.java:995)
07-25 11:34:48.549   773   812 E AppWidgetManager: 	at android.os.Handler.dispatchMessage(Handler.java:103)
07-25 11:34:48.549   773   812 E AppWidgetManager: 	at android.os.Looper.loopOnce(Looper.java:248)
07-25 11:34:48.549   773   812 E AppWidgetManager: 	at android.os.Looper.loop(Looper.java:338)
07-25 11:34:48.549   773   812 E AppWidgetManager: 	at android.os.HandlerThread.run(HandlerThread.java:85)
07-25 11:34:48.727   773   823 E BluetoothAdapter: Bluetooth service is null
07-25 11:34:48.727   773   823 E EnergyConsumerSnapshot: Unexpected battery voltage (0 mV) when taking energy consumer snapshot
07-25 11:34:48.776   773   773 E TestHarnessModeService: Failed to start Test Harness Mode; no implementation of PersistentDataBlockManagerInternal was bound!
07-25 11:34:48.808   773   945 E WifiConfigManager: Cannot find network with networkId -1 or configKey "AndroidWifi"NONE or upgradable security type check
07-25 11:34:48.811   773   945 E SupplicantStaIfaceHalAidlImpl: Can't call setDebugParams, ISupplicant is null
07-25 11:34:48.869   773   945 E WifiChipAidlImpl: getMode failed with service-specific exception: android.os.ServiceSpecificException:  (code 5)
07-25 11:34:48.872   536   551 E android.hardware.wifi-service: Unknown iface name: wlan0
07-25 11:34:48.872   536   551 E android.hardware.wifi-service: Unknown iface name: wlan0
07-25 11:34:48.877   773   773 E SystemServiceRegistry: No service published for: face
07-25 11:34:48.877   773   773 E SystemServiceRegistry: android.os.ServiceManager$ServiceNotFoundException: No service published for: face
07-25 11:34:48.877   773   773 E SystemServiceRegistry: 	at android.os.ServiceManager.getServiceOrThrow(ServiceManager.java:203)
07-25 11:34:48.877   773   773 E SystemServiceRegistry: 	at android.app.SystemServiceRegistry$72.createService(SystemServiceRegistry.java:993)
07-25 11:34:48.877   773   773 E SystemServiceRegistry: 	at android.app.SystemServiceRegistry$72.createService(SystemServiceRegistry.java:987)
07-25 11:34:48.877   773   773 E SystemServiceRegistry: 	at android.app.SystemServiceRegistry$CachedServiceFetcher.getService(SystemServiceRegistry.java:2343)
07-25 11:34:48.877   773   773 E SystemServiceRegistry: 	at android.app.SystemServiceRegistry.getSystemService(SystemServiceRegistry.java:1918)
07-25 11:34:48.877   773   773 E SystemServiceRegistry: 	at android.app.ContextImpl.getSystemService(ContextImpl.java:2315)
07-25 11:34:48.877   773   773 E SystemServiceRegistry: 	at android.content.Context.getSystemService(Context.java:4630)
07-25 11:34:48.877   773   773 E SystemServiceRegistry: 	at com.android.server.trust.TrustManagerService.onBootPhase(TrustManagerService.java:353)
07-25 11:34:48.877   773   773 E SystemServiceRegistry: 	at com.android.server.SystemServiceManager.startBootPhase(SystemServiceManager.java:318)
07-25 11:34:48.877   773   773 E SystemServiceRegistry: 	at com.android.server.SystemServer.startOtherServices(SystemServer.java:3039)
07-25 11:34:48.877   773   773 E SystemServiceRegistry: 	at com.android.server.SystemServer.run(SystemServer.java:988)
07-25 11:34:48.877   773   773 E SystemServiceRegistry: 	at com.android.server.SystemServer.main(SystemServer.java:689)
07-25 11:34:48.877   773   773 E SystemServiceRegistry: 	at java.lang.reflect.Method.invoke(Native Method)
07-25 11:34:48.877   773   773 E SystemServiceRegistry: 	at com.android.internal.os.RuntimeInit$MethodAndArgsCaller.run(RuntimeInit.java:593)
07-25 11:34:48.877   773   773 E SystemServiceRegistry: 	at com.android.internal.os.ZygoteInit.main(ZygoteInit.java:910)
07-25 11:34:48.878   773   773 E SystemServiceRegistry: Manager wrapper not available: face
07-25 11:34:48.885   773   945 E WifiChipAidlImpl: getMode failed with service-specific exception: android.os.ServiceSpecificException:  (code 5)
07-25 11:34:48.885   536  1029 E android.hardware.wifi-service: Unknown iface name: wlan0
07-25 11:34:48.885   536  1029 E android.hardware.wifi-service: Unknown iface name: wlan0
07-25 11:34:48.898   536  1029 E android.hardware.wifi-service: Failed to register radio mode change callback
07-25 11:34:48.904   536  1029 E android.hardware.wifi-service: Failed to get SupportedIfaceCombinations matrix from legacy HAL: NOT_SUPPORTED
07-25 11:34:48.914   773   773 E UserManagerService: Auto-lock preference updated but private space user not found
07-25 11:34:48.916   536   536 E android.hardware.wifi-service: Failed to set DFS flag; DFS channels may be unavailable.
07-25 11:34:48.927   536   536 E android.hardware.wifi-service: Failed to get chip capabilities from legacy HAL: NOT_SUPPORTED
07-25 11:34:48.928   773   945 E WifiChipAidlImpl: getWifiChipCapabilities failed with service-specific exception: android.os.ServiceSpecificException:  (code 4)
07-25 11:34:48.944   773   842 E DefaultPermGrantPolicy: Package not found: com.google.android.apps.pixelmigrate
07-25 11:34:48.945   773   842 E DefaultPermGrantPolicy: Package not found: com.google.android.adservices
07-25 11:34:48.945   773   842 E DefaultPermGrantPolicy: Package not found: com.google.android.apps.mediashell
07-25 11:34:48.945   773   842 E DefaultPermGrantPolicy: Package not found: com.google.android.apps.tips
07-25 11:34:48.945   773   842 E DefaultPermGrantPolicy: Package not found: com.google.android.apps.turbo
07-25 11:34:48.945   773   842 E DefaultPermGrantPolicy: Package not found: com.google.android.euicc
07-25 11:34:48.945   773   842 E DefaultPermGrantPolicy: Package not found: com.google.android.volta
07-25 11:34:48.949   773   945 E SupplicantStaIfaceHalAidlImpl: Can't call getKeyMgmtCapabilities, ISupplicantStaIface is null for iface=wlan0
07-25 11:34:48.949   773   945 E SupplicantStaIfaceHalAidlImpl: Can't call getWpaDriverCapabilities, ISupplicantStaIface is null for iface=wlan0
07-25 11:34:48.967   536   536 E android.hardware.wifi-service: Failed to get SupportedRadioCombinations matrix from legacy HAL: NOT_SUPPORTED
07-25 11:34:48.967   773   945 E WifiChipAidlImpl: getSupportedRadioCombinations failed with service-specific exception: android.os.ServiceSpecificException:  (code 4)
07-25 11:34:48.969   773   945 E WifiStaIfaceAidlImpl: getTwtCapabilities failed with service-specific exception: android.os.ServiceSpecificException:  (code 4)
07-25 11:34:48.972   773   945 E WifiChipAidlImpl: getUsableChannels failed with service-specific exception: android.os.ServiceSpecificException:  (code 4)
07-25 11:34:48.972  1028  1028 F ot-daemon: [C] P-SpinelDrive-: Software reset co-processor successfully
07-25 11:34:48.979   773   945 E WifiChipAidlImpl: enableStaChannelForPeerNetwork failed with service-specific exception: android.os.ServiceSpecificException:  (code 4)
07-25 11:34:49.005  1028  1028 F ot-daemon: [C] P-Resolver----: No domain name servers found in /etc/resolv.conf, default to 127.0.0.1
07-25 11:34:49.314  1043  1043 E wpa_supplicant: p2p-dev-wlan0: nl80211: kernel reports: Registration to specific type not supported
07-25 11:34:49.348   773   945 E WifiStaIfaceAidlImpl: getTwtCapabilities failed with service-specific exception: android.os.ServiceSpecificException:  (code 4)
07-25 11:34:49.349   773   945 E WifiChipAidlImpl: getUsableChannels failed with service-specific exception: android.os.ServiceSpecificException:  (code 4)
07-25 11:34:49.381   773   945 E WifiChipAidlImpl: setMultiStaUseCase failed with service-specific exception: android.os.ServiceSpecificException:  (code 4)
07-25 11:34:49.382   773   945 E WifiChipAidlImpl: setMultiStaPrimaryConnection failed with service-specific exception: android.os.ServiceSpecificException:  (code 4)
07-25 11:34:49.385   773   949 E WifiStaIfaceAidlImpl: getBackgroundScanCapabilities failed with service-specific exception: android.os.ServiceSpecificException:  (code 4)
07-25 11:34:49.410   773   887 E NativeTombstoneManager: Tombstone's UID (1002) not an app, ignoring
07-25 11:34:49.424   773   887 E NativeTombstoneManager: Tombstone's UID (1002) not an app, ignoring
07-25 11:34:49.449   773   887 E NativeTombstoneManager: Tombstone's UID (1002) not an app, ignoring
07-25 11:34:49.462   773   887 E NativeTombstoneManager: Tombstone's UID (1002) not an app, ignoring
07-25 11:34:49.490   773   887 E NativeTombstoneManager: Tombstone's UID (1002) not an app, ignoring
07-25 11:34:49.501   773   887 E NativeTombstoneManager: Tombstone's UID (1002) not an app, ignoring
07-25 11:34:49.527   773   887 E NativeTombstoneManager: Tombstone's UID (1002) not an app, ignoring
07-25 11:34:49.541   773   887 E NativeTombstoneManager: Tombstone's UID (1002) not an app, ignoring
07-25 11:34:49.564   773   887 E NativeTombstoneManager: Tombstone's UID (1002) not an app, ignoring
07-25 11:34:49.585   773   887 E NativeTombstoneManager: Tombstone's UID (1002) not an app, ignoring
07-25 11:34:49.621   773   887 E NativeTombstoneManager: Tombstone's UID (1002) not an app, ignoring
07-25 11:34:49.662   773   773 E BitmapFactory: Unable to decode file: java.io.FileNotFoundException: /data/system/users/0/wallpaper_orig: open failed: ENOENT (No such file or directory)
07-25 11:34:49.662   773   773 E WallpaperCropper: Unable to apply new wallpaper
07-25 11:34:49.705   773   887 E NativeTombstoneManager: Tombstone's UID (1002) not an app, ignoring
07-25 11:34:50.090   773  1071 E MediaCodec: Media Quality Service not found.
07-25 11:34:50.100   773  1072 E MediaCodec: Media Quality Service not found.
07-25 11:34:50.103   773  1076 E system_server: Failed to query component interface for required system resources: 6
07-25 11:34:50.120   773  1077 E system_server: Failed to query component interface for required system resources: 6
07-25 11:34:50.124   662   718 E Codec2-ComponentInterface: We have a failed config
07-25 11:34:50.134   662   734 E Codec2-ComponentInterface: We have a failed config
07-25 11:34:50.314   773   875 E AppOps  : Bad call made by uid 1000. Package "android" does not belong to uid 1037.
07-25 11:34:50.314   773   875 E AppOps  : Cannot getAppOpMode: non-application UID 1037
07-25 11:34:50.357   773  1072 E MediaCodec: Media Quality Service not found.
07-25 11:34:50.359   773  1095 E system_server: Failed to query component interface for required system resources: 6
07-25 11:34:50.363   662   718 E Codec2-ComponentInterface: We have a failed config
07-25 11:34:50.392   773  1071 E MediaCodec: Media Quality Service not found.
07-25 11:34:50.397   773  1096 E system_server: Failed to query component interface for required system resources: 6
07-25 11:34:50.411  1097  1097 E WebViewLoader-x: Not starting debugger since process cannot load the jdwp agent.
07-25 11:34:50.413   662   720 E Codec2-ComponentInterface: We have a failed config
07-25 11:34:50.567   773   773 E LocationManagerService: no population density provider found
07-25 11:34:50.568   773   773 E ActivityRecognitionHardware: activity_recognition HAL is deprecated. is_supported is effectively a no-op
07-25 11:34:50.630   773  1072 E MediaCodec: Media Quality Service not found.
07-25 11:34:50.645   773  1117 E system_server: Failed to query component interface for required system resources: 6
07-25 11:34:50.661   662  1121 E Codec2-ComponentInterface: We have a failed config
07-25 11:34:50.713   773  1071 E MediaCodec: Media Quality Service not found.
07-25 11:34:50.729   773  1118 E system_server: Failed to query component interface for required system resources: 6
07-25 11:34:50.768   662  1092 E Codec2-ComponentInterface: We have a failed config
07-25 11:34:50.834  1058  1058 E ashmem  : Pinning is deprecated since Android Q. Please use trim or other methods.
07-25 11:34:50.944   773   823 E BluetoothPowerStatsCollector: Cannot acquire BluetoothActivityEnergyInfo
07-25 11:34:50.944   773   823 E BluetoothPowerStatsCollector: java.util.concurrent.ExecutionException: java.lang.RuntimeException: error: 9
07-25 11:34:50.944   773   823 E BluetoothPowerStatsCollector: 	at java.util.concurrent.CompletableFuture.reportGet(CompletableFuture.java:372)
07-25 11:34:50.944   773   823 E BluetoothPowerStatsCollector: 	at java.util.concurrent.CompletableFuture.get(CompletableFuture.java:2072)
07-25 11:34:50.944   773   823 E BluetoothPowerStatsCollector: 	at com.android.server.power.stats.BluetoothPowerStatsCollector.collectBluetoothActivityInfo(BluetoothPowerStatsCollector.java:192)
07-25 11:34:50.944   773   823 E BluetoothPowerStatsCollector: 	at com.android.server.power.stats.BluetoothPowerStatsCollector.collectStats(BluetoothPowerStatsCollector.java:155)
07-25 11:34:50.944   773   823 E BluetoothPowerStatsCollector: 	at com.android.server.power.stats.PowerStatsCollector.collectAndDeliverStats(PowerStatsCollector.java:176)
07-25 11:34:50.944   773   823 E BluetoothPowerStatsCollector: 	at com.android.server.power.stats.PowerStatsCollector$$ExternalSyntheticLambda0.run(R8$$SyntheticClass:0)
07-25 11:34:50.944   773   823 E BluetoothPowerStatsCollector: 	at android.os.Handler.handleCallback(Handler.java:995)
07-25 11:34:50.944   773   823 E BluetoothPowerStatsCollector: 	at android.os.Handler.dispatchMessage(Handler.java:103)
07-25 11:34:50.944   773   823 E BluetoothPowerStatsCollector: 	at android.os.Looper.loopOnce(Looper.java:248)
07-25 11:34:50.944   773   823 E BluetoothPowerStatsCollector: 	at android.os.Looper.loop(Looper.java:338)
07-25 11:34:50.944   773   823 E BluetoothPowerStatsCollector: 	at android.os.HandlerThread.run(HandlerThread.java:85)
07-25 11:34:50.944   773   823 E BluetoothPowerStatsCollector: Caused by: java.lang.RuntimeException: error: 9
07-25 11:34:50.944   773   823 E BluetoothPowerStatsCollector: 	at com.android.server.power.stats.BluetoothPowerStatsCollector$1.onBluetoothActivityEnergyInfoError(BluetoothPowerStatsCollector.java:181)
07-25 11:34:50.944   773   823 E BluetoothPowerStatsCollector: 	at android.bluetooth.BluetoothAdapter$OnBluetoothActivityEnergyInfoProxy.lambda$onError$2(BluetoothAdapter.java:1059)
07-25 11:34:50.944   773   823 E BluetoothPowerStatsCollector: 	at android.bluetooth.BluetoothAdapter$OnBluetoothActivityEnergyInfoProxy$$ExternalSyntheticLambda0.run(D8$$SyntheticClass:0)
07-25 11:34:50.944   773   823 E BluetoothPowerStatsCollector: 	at android.bluetooth.BluetoothUtils.lambda$executeFromBinder$0(BluetoothUtils.java:343)
07-25 11:34:50.944   773   823 E BluetoothPowerStatsCollector: 	at android.bluetooth.BluetoothUtils$$ExternalSyntheticLambda1.run(D8$$SyntheticClass:0)
07-25 11:34:50.944   773   823 E BluetoothPowerStatsCollector: 	at com.android.server.SystemServerInitThreadPool$$ExternalSyntheticLambda0.execute(R8$$SyntheticClass:0)
07-25 11:34:50.944   773   823 E BluetoothPowerStatsCollector: 	at android.bluetooth.BluetoothUtils.executeFromBinder(BluetoothUtils.java:343)
07-25 11:34:50.944   773   823 E BluetoothPowerStatsCollector: 	at android.bluetooth.BluetoothAdapter$OnBluetoothActivityEnergyInfoProxy.onError(BluetoothAdapter.java:1058)
07-25 11:34:50.944   773   823 E BluetoothPowerStatsCollector: 	at android.bluetooth.BluetoothAdapter.requestControllerActivityEnergyInfo(BluetoothAdapter.java:2694)
07-25 11:34:50.944   773   823 E BluetoothPowerStatsCollector: 	at com.android.server.power.stats.BatteryStatsImpl$BluetoothStatsRetrieverImpl.requestControllerActivityEnergyInfo(BatteryStatsImpl.java:485)
07-25 11:34:50.944   773   823 E BluetoothPowerStatsCollector: 	at com.android.server.power.stats.BluetoothPowerStatsCollector.collectBluetoothActivityInfo(BluetoothPowerStatsCollector.java:170)
07-25 11:34:50.944   773   823 E BluetoothPowerStatsCollector: 	... 8 more
07-25 11:34:50.958  1134  1134 E rkstack.process: Not starting debugger since process cannot load the jdwp agent.
07-25 11:34:51.003   773  1129 E StatsCompanionService: Could not get installer for package: com.google.android.trichromelibrary
07-25 11:34:51.003   773  1129 E StatsCompanionService: android.content.pm.PackageManager$NameNotFoundException: com.google.android.trichromelibrary
07-25 11:34:51.003   773  1129 E StatsCompanionService: 	at android.app.ApplicationPackageManager.getInstallSourceInfo(ApplicationPackageManager.java:2687)
07-25 11:34:51.003   773  1129 E StatsCompanionService: 	at com.android.server.stats.StatsCompanionService.getInstallerPackageName(StatsCompanionService.java:153)
07-25 11:34:51.003   773  1129 E StatsCompanionService: 	at com.android.server.stats.StatsCompanionService.$r8$lambda$MBPStrBhgnmbybdtzkoTAe-YOYw(StatsCompanionService.java:229)
07-25 11:34:51.003   773  1129 E StatsCompanionService: 	at com.android.server.stats.StatsCompanionService$$ExternalSyntheticLambda1.run(R8$$SyntheticClass:0)
07-25 11:34:51.003   773  1129 E StatsCompanionService: 	at android.os.Handler.handleCallback(Handler.java:995)
07-25 11:34:51.003   773  1129 E StatsCompanionService: 	at android.os.Handler.dispatchMessage(Handler.java:103)
07-25 11:34:51.003   773  1129 E StatsCompanionService: 	at android.os.Looper.loopOnce(Looper.java:248)
07-25 11:34:51.003   773  1129 E StatsCompanionService: 	at android.os.Looper.loop(Looper.java:338)
07-25 11:34:51.003   773  1129 E StatsCompanionService: 	at android.os.HandlerThread.run(HandlerThread.java:85)
07-25 11:34:51.004   773   812 E CountryDetector: Could not instantiate the custom country detector class
07-25 11:34:51.076  1169  1169 E droid.bluetooth: Not starting debugger since process cannot load the jdwp agent.
07-25 11:34:51.147   773   773 E WiredAccessoryManager: No state change.
07-25 11:34:51.167  1179  1179 E com.android.se: Not starting debugger since process cannot load the jdwp agent.
07-25 11:34:51.171  1182  1182 E m.android.phone: Not starting debugger since process cannot load the jdwp agent.
07-25 11:34:51.241  1203  1203 E s.nexuslauncher: Not starting debugger since process cannot load the jdwp agent.
07-25 11:34:51.288  1214  1214 E id.ext.services: Not starting debugger since process cannot load the jdwp agent.
07-25 11:34:51.309  1134  1134 E ashmem  : Pinning is deprecated since Android Q. Please use trim or other methods.
07-25 11:34:51.377   773   863 E TransitionController: Set visible without transition ActivityRecord{232863471 u0 com.google.android.apps.nexuslauncher/.NexusLauncherActivity t2} playing=false caller=com.android.server.wm.ActivityRecord.makeVisibleIfNeeded:5960 
07-25 11:34:51.478  1203  1203 E ashmem  : Pinning is deprecated since Android Q. Please use trim or other methods.
07-25 11:34:51.521  1058  1058 E UdfpsOverlayInteractor: invalid pixelPitch: -1.0. Pixel pitch must be updated per device.
07-25 11:34:52.014  1203  1203 E ViewRootImpl: SensitiveContentProtectionService shouldn't be null
07-25 11:34:52.014   773   773 E AppOps  : package com.android.server.telecom.callsequencing.voip not found, can't check for attributionTag null
07-25 11:34:52.014   773   773 E AppOps  : Bad call made by uid 1000. Package "com.android.server.telecom.callsequencing.voip" does not belong to uid 1000.
07-25 11:34:52.015   773   773 E AppOps  : Cannot noteOperation: non-application UID 1000
07-25 11:34:52.018  1058  1124 E ViewRootImpl: SensitiveContentProtectionService shouldn't be null
07-25 11:34:52.087  1134  1134 E SystemServiceRegistry: No service published for: ethernet
07-25 11:34:52.087  1134  1134 E SystemServiceRegistry: android.os.ServiceManager$ServiceNotFoundException: No service published for: ethernet
07-25 11:34:52.087  1134  1134 E SystemServiceRegistry: 	at android.os.ServiceManager.getServiceOrThrow(ServiceManager.java:203)
07-25 11:34:52.087  1134  1134 E SystemServiceRegistry: 	at android.app.SystemServiceRegistry$149.createService(SystemServiceRegistry.java:2232)
07-25 11:34:52.087  1134  1134 E SystemServiceRegistry: 	at android.app.SystemServiceRegistry$CachedServiceFetcher.getService(SystemServiceRegistry.java:2343)
07-25 11:34:52.087  1134  1134 E SystemServiceRegistry: 	at android.app.SystemServiceRegistry.getSystemService(SystemServiceRegistry.java:1918)
07-25 11:34:52.087  1134  1134 E SystemServiceRegistry: 	at android.app.ContextImpl.getSystemService(ContextImpl.java:2315)
07-25 11:34:52.087  1134  1134 E SystemServiceRegistry: 	at android.content.ContextWrapper.getSystemService(ContextWrapper.java:964)
07-25 11:34:52.087  1134  1134 E SystemServiceRegistry: 	at com.android.networkstack.tethering.Tethering.isEthernetSupported(Tethering.java:1862)
07-25 11:34:52.087  1134  1134 E SystemServiceRegistry: 	at com.android.networkstack.tethering.Tethering.makeSupportedDownstreams(Tethering.java:2843)
07-25 11:34:52.087  1134  1134 E SystemServiceRegistry: 	at com.android.networkstack.tethering.Tethering.updateSupportedDownstreams(Tethering.java:2817)
07-25 11:34:52.087  1134  1134 E SystemServiceRegistry: 	at com.android.networkstack.tethering.Tethering.updateConfiguration(Tethering.java:564)
07-25 11:34:52.087  1134  1134 E SystemServiceRegistry: 	at com.android.networkstack.tethering.Tethering.<init>(Tethering.java:374)
07-25 11:34:52.087  1134  1134 E SystemServiceRegistry: 	at com.android.networkstack.tethering.TetheringService.makeTethering(TetheringService.java:95)
07-25 11:34:52.087  1134  1134 E SystemServiceRegistry: 	at com.android.networkstack.tethering.TetheringService.onCreate(TetheringService.java:84)
07-25 11:34:52.087  1134  1134 E SystemServiceRegistry: 	at android.app.ActivityThread.handleCreateService(ActivityThread.java:5282)
07-25 11:34:52.087  1134  1134 E SystemServiceRegistry: 	at android.app.ActivityThread.-$$Nest$mhandleCreateService(Unknown Source:0)
07-25 11:34:52.087  1134  1134 E SystemServiceRegistry: 	at android.app.ActivityThread$H.handleMessage(ActivityThread.java:2597)
07-25 11:34:52.087  1134  1134 E SystemServiceRegistry: 	at android.os.Handler.dispatchMessage(Handler.java:110)
07-25 11:34:52.087  1134  1134 E SystemServiceRegistry: 	at android.os.Looper.loopOnce(Looper.java:248)
07-25 11:34:52.087  1134  1134 E SystemServiceRegistry: 	at android.os.Looper.loop(Looper.java:338)
07-25 11:34:52.087  1134  1134 E SystemServiceRegistry: 	at android.app.ActivityThread.main(ActivityThread.java:9067)
07-25 11:34:52.087  1134  1134 E SystemServiceRegistry: 	at java.lang.reflect.Method.invoke(Native Method)
07-25 11:34:52.087  1134  1134 E SystemServiceRegistry: 	at com.android.internal.os.RuntimeInit$MethodAndArgsCaller.run(RuntimeInit.java:593)
