07-25 11:35:34.542  3147  3147 E ConfigUpdater: ignoring update request
07-25 11:35:34.557  3147  3147 E ConfigUpdater: ignoring update request
07-25 11:35:34.565  3147  3147 E ConfigUpdater: ignoring update request
07-25 11:35:34.570  3203  3203 E nect.controller: Not starting debugger since process cannot load the jdwp agent.
07-25 11:35:34.609  3147  3147 E ConfigUpdater: ignoring update request
07-25 11:35:35.120  3224  3224 E zation.services: Not starting debugger since process cannot load the jdwp agent.
07-25 11:35:35.237  2398  2637 E BugleRcs: RcsEngineLifecycleManagerV2: RcsServiceConnectionException was raised while waiting to connect to RcsEngineLifecycleServiceV2
07-25 11:35:35.237  2398  2637 E BugleRcs: cumf: RcsServiceConnectionException:com.google.android.rcs.client.lifecycle.RcsEngineLifecycleServiceV2:UNKNOWN
07-25 11:35:35.237  2398  2637 E BugleRcs: 	at culm.a(PG:54)
07-25 11:35:35.237  2398  2637 E BugleRcs: 	at kho.a(PG:19)
07-25 11:35:35.237  2398  2637 E BugleRcs: 	at culn.a(PG:14)
07-25 11:35:35.237  2398  2637 E BugleRcs: 	at elsk.a(PG:13)
07-25 11:35:35.237  2398  2637 E BugleRcs: 	at esfd.a(PG:3)
07-25 11:35:35.237  2398  2637 E BugleRcs: 	at eseb.run(PG:19)
07-25 11:35:35.237  2398  2637 E BugleRcs: 	at esff.run(PG:5)
07-25 11:35:35.237  2398  2637 E BugleRcs: 	at dubu.run(PG:7)
07-25 11:35:35.237  2398  2637 E BugleRcs: 	at java.util.concurrent.ThreadPoolExecutor.runWorker(ThreadPoolExecutor.java:1156)
07-25 11:35:35.237  2398  2637 E BugleRcs: 	at java.util.concurrent.ThreadPoolExecutor$Worker.run(ThreadPoolExecutor.java:651)
07-25 11:35:35.237  2398  2637 E BugleRcs: 	at dubb.run(PG:6)
07-25 11:35:35.237  2398  2637 E BugleRcs: 	at java.lang.Thread.run(Thread.java:1119)
07-25 11:35:35.237  2398  2637 E BugleRcs: 	at ducv.run(PG:61)
07-25 11:35:35.244  2398  2801 E BugleRcs: RcsEngineLifecycleManagerV2: RcsServiceConnectionException was raised while waiting to connect to RcsEngineLifecycleServiceV2
07-25 11:35:35.244  2398  2801 E BugleRcs: cumf: RcsServiceConnectionException:com.google.android.rcs.client.lifecycle.RcsEngineLifecycleServiceV2:UNKNOWN
07-25 11:35:35.244  2398  2801 E BugleRcs: 	at culm.a(PG:54)
07-25 11:35:35.244  2398  2801 E BugleRcs: 	at kho.a(PG:19)
07-25 11:35:35.244  2398  2801 E BugleRcs: 	at culn.a(PG:14)
07-25 11:35:35.244  2398  2801 E BugleRcs: 	at elsk.a(PG:13)
07-25 11:35:35.244  2398  2801 E BugleRcs: 	at esfd.a(PG:3)
07-25 11:35:35.244  2398  2801 E BugleRcs: 	at eseb.run(PG:19)
07-25 11:35:35.244  2398  2801 E BugleRcs: 	at esff.run(PG:5)
07-25 11:35:35.244  2398  2801 E BugleRcs: 	at dubu.run(PG:7)
07-25 11:35:35.244  2398  2801 E BugleRcs: 	at java.util.concurrent.ThreadPoolExecutor.runWorker(ThreadPoolExecutor.java:1156)
07-25 11:35:35.244  2398  2801 E BugleRcs: 	at java.util.concurrent.ThreadPoolExecutor$Worker.run(ThreadPoolExecutor.java:651)
07-25 11:35:35.244  2398  2801 E BugleRcs: 	at dubb.run(PG:6)
07-25 11:35:35.244  2398  2801 E BugleRcs: 	at java.lang.Thread.run(Thread.java:1119)
07-25 11:35:35.244  2398  2801 E BugleRcs: 	at ducv.run(PG:61)
07-25 11:35:35.488  3247  3247 E ackageinstaller: Not starting debugger since process cannot load the jdwp agent.
07-25 11:35:35.862  3264  3264 E id.partnersetup: Not starting debugger since process cannot load the jdwp agent.
07-25 11:35:36.308  3264  3264 E ashmem  : Pinning is deprecated since Android Q. Please use trim or other methods.
07-25 11:35:36.544  1649  1997 E SP.Service.AiAi: captions_i18n_v0_mandatory is opened by other clients. It will stay open until all clients close it.
07-25 11:35:36.604  1573  1977 E SharedPreferencesImpl: Couldn't create directory for SharedPreferences file /data/user/0/com.google.android.gsf/shared_prefs/CheckinService.xml
07-25 11:35:36.607  1649  1997 E SP.Service.AiAi: captions_i18n_v0_en-US is opened by other clients. It will stay open until all clients close it.
07-25 11:35:36.667  1573  2910 E GoogleSettingsUtils: Cannot write token, exception in Context lookup [CONTEXT service_id=130 ]
07-25 11:35:36.667  1573  2910 E GoogleSettingsUtils: java.io.FileNotFoundException: /data/user/0/com.google.android.gsf/files/security_token: open failed: ENOENT (No such file or directory)
07-25 11:35:36.667  1573  2910 E GoogleSettingsUtils: 	at libcore.io.IoBridge.open(IoBridge.java:574)
07-25 11:35:36.667  1573  2910 E GoogleSettingsUtils: 	at java.io.FileOutputStream.<init>(FileOutputStream.java:259)
07-25 11:35:36.667  1573  2910 E GoogleSettingsUtils: 	at android.app.ContextImpl.openFileOutput(ContextImpl.java:794)
07-25 11:35:36.667  1573  2910 E GoogleSettingsUtils: 	at atym.a(:com.google.android.gms@252635038@25.26.35 (260800-783060121):1738)
07-25 11:35:36.667  1573  2910 E GoogleSettingsUtils: 	at atzw.a(:com.google.android.gms@252635038@25.26.35 (260800-783060121):834)
07-25 11:35:36.667  1573  2910 E GoogleSettingsUtils: 	at com.google.android.gms.checkin.CheckinIntentOperation.onHandleIntent(:com.google.android.gms@252635038@25.26.35 (260800-783060121):30)
07-25 11:35:36.667  1573  2910 E GoogleSettingsUtils: 	at com.google.android.chimera.IntentOperation.onHandleIntent(:com.google.android.gms@252635038@25.26.35 (260800-783060121):2)
07-25 11:35:36.667  1573  2910 E GoogleSettingsUtils: 	at aumo.onHandleIntent(:com.google.android.gms@252635038@25.26.35 (260800-783060121):8)
07-25 11:35:36.667  1573  2910 E GoogleSettingsUtils: 	at vzd.run(:com.google.android.gms@252635038@25.26.35 (260800-783060121):64)
07-25 11:35:36.667  1573  2910 E GoogleSettingsUtils: 	at vzc.run(:com.google.android.gms@252635038@25.26.35 (260800-783060121):132)
07-25 11:35:36.667  1573  2910 E GoogleSettingsUtils: 	at fyac.run(:com.google.android.gms@252635038@25.26.35 (260800-783060121):21)
07-25 11:35:36.667  1573  2910 E GoogleSettingsUtils: 	at java.util.concurrent.ThreadPoolExecutor.runWorker(ThreadPoolExecutor.java:1156)
07-25 11:35:36.667  1573  2910 E GoogleSettingsUtils: 	at java.util.concurrent.ThreadPoolExecutor$Worker.run(ThreadPoolExecutor.java:651)
07-25 11:35:36.667  1573  2910 E GoogleSettingsUtils: 	at java.lang.Thread.run(Thread.java:1119)
07-25 11:35:36.667  1573  2910 E GoogleSettingsUtils: Caused by: android.system.ErrnoException: open failed: ENOENT (No such file or directory)
07-25 11:35:36.667  1573  2910 E GoogleSettingsUtils: 	at libcore.io.Linux.open(Native Method)
07-25 11:35:36.667  1573  2910 E GoogleSettingsUtils: 	at libcore.io.ForwardingOs.open(ForwardingOs.java:568)
07-25 11:35:36.667  1573  2910 E GoogleSettingsUtils: 	at libcore.io.BlockGuardOs.open(BlockGuardOs.java:274)
07-25 11:35:36.667  1573  2910 E GoogleSettingsUtils: 	at libcore.io.ForwardingOs.open(ForwardingOs.java:568)
07-25 11:35:36.667  1573  2910 E GoogleSettingsUtils: 	at android.app.ActivityThread$AndroidOs.open(ActivityThread.java:8953)
07-25 11:35:36.667  1573  2910 E GoogleSettingsUtils: 	at libcore.io.IoBridge.open(IoBridge.java:560)
07-25 11:35:36.667  1573  2910 E GoogleSettingsUtils: 	... 13 more
07-25 11:35:36.733  3303  3303 E oid.photopicker: Not starting debugger since process cannot load the jdwp agent.
07-25 11:35:36.977  1378  1788 E .gms.persistent: hiddenapi: Accessing hidden method Landroid/net/ConnectivityManager;->isNetworkSupported(I)Z (runtime_flags=0, domain=platform, api=max-target-p) from Laztk; (domain=app) using reflection: denied
07-25 11:35:37.104  3318  3318 E externalstorage: Not starting debugger since process cannot load the jdwp agent.
07-25 11:35:37.266  3318  3318 E ashmem  : Pinning is deprecated since Android Q. Please use trim or other methods.
07-25 11:35:37.329  3331  3331 E oid.apps.photos: Not starting debugger since process cannot load the jdwp agent.
07-25 11:35:38.419  3351  3351 E gs.intelligence: Not starting debugger since process cannot load the jdwp agent.
07-25 11:35:38.451   773  2206 E RoleControllerServiceImpl: Default/fallback role holder package doesn't qualify for the role, package: com.google.android.gms.supervision, role: android.app.role.SYSTEM_SUPERVISION
07-25 11:35:38.469  1182  1182 E SmsApplication: com.google.android.apps.messaging lost android:read_cell_broadcasts:  (fixing)
07-25 11:35:38.525  3331  3352 E ashmem  : Pinning is deprecated since Android Q. Please use trim or other methods.
07-25 11:35:38.836  1182  1182 E SmsApplication: com.google.android.apps.messaging lost android:read_cell_broadcasts:  (fixing)
07-25 11:35:38.908   773  2206 E RoleControllerServiceImpl: Default/fallback role holder package doesn't qualify for the role, package: com.google.android.gms, role: android.app.role.WALLET
07-25 11:35:39.326  3351  3387 E ashmem  : Pinning is deprecated since Android Q. Please use trim or other methods.
07-25 11:35:39.431   773  2206 E RoleControllerServiceImpl: Default/fallback role holder package doesn't qualify for the role, package: com.google.android.gms.supervision, role: android.app.role.SYSTEM_SUPERVISION
07-25 11:35:39.802  3397  3397 E .android.chrome: Not starting debugger since process cannot load the jdwp agent.
07-25 11:35:39.988   773  2206 E RoleControllerServiceImpl: Default/fallback role holder package doesn't qualify for the role, package: com.google.android.gms, role: android.app.role.WALLET
07-25 11:35:40.368  1058  1245 E ServiceManager: error in isDeclared
07-25 11:35:40.368  1058  1245 E ServiceManager: java.lang.SecurityException: SELinux denied for service.
07-25 11:35:40.368  1058  1245 E ServiceManager: 	at android.os.Parcel.createExceptionOrNull(Parcel.java:3340)
07-25 11:35:40.368  1058  1245 E ServiceManager: 	at android.os.Parcel.createException(Parcel.java:3324)
07-25 11:35:40.368  1058  1245 E ServiceManager: 	at android.os.Parcel.readException(Parcel.java:3307)
07-25 11:35:40.368  1058  1245 E ServiceManager: 	at android.os.Parcel.readException(Parcel.java:3249)
07-25 11:35:40.368  1058  1245 E ServiceManager: 	at android.os.IServiceManager$Stub$Proxy.isDeclared(IServiceManager.java:656)
07-25 11:35:40.368  1058  1245 E ServiceManager: 	at android.os.ServiceManagerProxy.isDeclared(ServiceManagerNative.java:104)
07-25 11:35:40.368  1058  1245 E ServiceManager: 	at android.os.ServiceManager.isDeclared(ServiceManager.java:297)
07-25 11:35:40.368  1058  1245 E ServiceManager: 	at android.os.ServiceManager.waitForDeclaredService(ServiceManager.java:353)
07-25 11:35:40.368  1058  1245 E ServiceManager: 	at com.google.android.systemui.googlebattery.GoogleBatteryManager.initHalInterface(go/retraceme 316c53c62461507ee9b40f0e6e2156db24503126c549859fa5c1f90453cee85b:16)
07-25 11:35:40.368  1058  1245 E ServiceManager: 	at com.google.android.systemui.power.batteryhealth.HealthManager$initHalInterface$2.invokeSuspend(go/retraceme 316c53c62461507ee9b40f0e6e2156db24503126c549859fa5c1f90453cee85b:21)
07-25 11:35:40.368  1058  1245 E ServiceManager: 	at com.google.android.systemui.power.batteryhealth.HealthManager$initHalInterface$2.invoke(go/retraceme 316c53c62461507ee9b40f0e6e2156db24503126c549859fa5c1f90453cee85b:13)
07-25 11:35:40.368  1058  1245 E ServiceManager: 	at com.google.android.systemui.power.batteryhealth.HealthManager$runOnBackground$2.invokeSuspend(go/retraceme 316c53c62461507ee9b40f0e6e2156db24503126c549859fa5c1f90453cee85b:33)
07-25 11:35:40.368  1058  1245 E ServiceManager: 	at kotlin.coroutines.jvm.internal.BaseContinuationImpl.resumeWith(go/retraceme 316c53c62461507ee9b40f0e6e2156db24503126c549859fa5c1f90453cee85b:8)
07-25 11:35:40.368  1058  1245 E ServiceManager: 	at kotlinx.coroutines.DispatchedTask.run(go/retraceme 316c53c62461507ee9b40f0e6e2156db24503126c549859fa5c1f90453cee85b:112)
07-25 11:35:40.368  1058  1245 E ServiceManager: 	at java.util.concurrent.Executors$RunnableAdapter.call(Executors.java:524)
07-25 11:35:40.368  1058  1245 E ServiceManager: 	at java.util.concurrent.FutureTask.run(FutureTask.java:317)
07-25 11:35:40.368  1058  1245 E ServiceManager: 	at java.util.concurrent.ScheduledThreadPoolExecutor$ScheduledFutureTask.run(ScheduledThreadPoolExecutor.java:348)
07-25 11:35:40.368  1058  1245 E ServiceManager: 	at java.util.concurrent.ThreadPoolExecutor.runWorker(ThreadPoolExecutor.java:1156)
07-25 11:35:40.368  1058  1245 E ServiceManager: 	at java.util.concurrent.ThreadPoolExecutor$Worker.run(ThreadPoolExecutor.java:651)
07-25 11:35:40.368  1058  1245 E ServiceManager: 	at java.lang.Thread.run(Thread.java:1119)
07-25 11:35:41.510  1288  1299 E SystemServiceRegistry: No service published for: ethernet
07-25 11:35:41.510  1288  1299 E SystemServiceRegistry: android.os.ServiceManager$ServiceNotFoundException: No service published for: ethernet
07-25 11:35:41.510  1288  1299 E SystemServiceRegistry: 	at android.os.ServiceManager.getServiceOrThrow(ServiceManager.java:203)
07-25 11:35:41.510  1288  1299 E SystemServiceRegistry: 	at android.app.SystemServiceRegistry$149.createService(SystemServiceRegistry.java:2232)
07-25 11:35:41.510  1288  1299 E SystemServiceRegistry: 	at android.app.SystemServiceRegistry$CachedServiceFetcher.getService(SystemServiceRegistry.java:2343)
07-25 11:35:41.510  1288  1299 E SystemServiceRegistry: 	at android.app.SystemServiceRegistry.getSystemService(SystemServiceRegistry.java:1918)
07-25 11:35:41.510  1288  1299 E SystemServiceRegistry: 	at android.app.ContextImpl.getSystemService(ContextImpl.java:2315)
07-25 11:35:41.510  1288  1299 E SystemServiceRegistry: 	at android.content.ContextWrapper.getSystemService(ContextWrapper.java:964)
07-25 11:35:41.510  1288  1299 E SystemServiceRegistry: 	at android.content.Context.getSystemService(Context.java:4630)
07-25 11:35:41.510  1288  1299 E SystemServiceRegistry: 	at com.android.settings.network.tether.TetherSettings$2.getNonIndexableKeys(TetherSettings.java:673)
07-25 11:35:41.510  1288  1299 E SystemServiceRegistry: 	at com.android.settings.search.SettingsSearchIndexablesProvider.getNonIndexableKeysFromProvider(SettingsSearchIndexablesProvider.java:285)
07-25 11:35:41.510  1288  1299 E SystemServiceRegistry: 	at com.android.settings.search.SettingsSearchIndexablesProvider.queryNonIndexableKeys(SettingsSearchIndexablesProvider.java:158)
07-25 11:35:41.510  1288  1299 E SystemServiceRegistry: 	at android.provider.SearchIndexablesProvider.query(SearchIndexablesProvider.java:127)
07-25 11:35:41.510  1288  1299 E SystemServiceRegistry: 	at android.content.ContentProvider.query(ContentProvider.java:1625)
07-25 11:35:41.510  1288  1299 E SystemServiceRegistry: 	at android.content.ContentProvider.query(ContentProvider.java:1721)
07-25 11:35:41.510  1288  1299 E SystemServiceRegistry: 	at android.content.ContentProvider$Transport.query(ContentProvider.java:296)
07-25 11:35:41.510  1288  1299 E SystemServiceRegistry: 	at android.content.ContentProviderNative.onTransact(ContentProviderNative.java:107)
07-25 11:35:41.510  1288  1299 E SystemServiceRegistry: 	at android.os.Binder.execTransactInternal(Binder.java:1421)
07-25 11:35:41.510  1288  1299 E SystemServiceRegistry: 	at android.os.Binder.execTransact(Binder.java:1365)
07-25 11:35:41.703  1573  2986 E Pay     : NfcAdapter is null while obtaining CardEmulation instance. [CONTEXT service_id=198 ]
07-25 11:35:41.703  1573  2986 E Pay     : CardEmulation is null while checking aid registration. [CONTEXT service_id=198 ]
07-25 11:35:42.199  1288  1301 E FeatureFlagsImplExport: android.os.flagging.AconfigStorageReadException: ERROR_PACKAGE_NOT_FOUND: package com.android.settingslib.widget.theme.flags cannot be found on the device
07-25 11:35:42.872  1288  1301 E ScreenResolutionController: No support
07-25 11:35:42.881  1288  1301 E HardwareInfoFeatureProviderImpl: Could not parse manufactured year from serial.
07-25 11:35:42.881  1288  1301 E HardwareInfoFeatureProviderImpl: java.lang.NumberFormatException: For input string: "E"
07-25 11:35:42.881  1288  1301 E HardwareInfoFeatureProviderImpl: 	at java.lang.Integer.parseInt(Integer.java:781)
07-25 11:35:42.881  1288  1301 E HardwareInfoFeatureProviderImpl: 	at java.lang.Integer.valueOf(Integer.java:1108)
07-25 11:35:42.881  1288  1301 E HardwareInfoFeatureProviderImpl: 	at com.google.android.settings.hardwareinfo.HardwareInfoFeatureProviderGoogleImpl.getManufacturedYear(HardwareInfoFeatureProviderGoogleImpl.kt:24)
07-25 11:35:42.881  1288  1301 E HardwareInfoFeatureProviderImpl: 	at com.android.settings.deviceinfo.hardwareinfo.ManufacturedYearPreferenceController.<init>(ManufacturedYearPreferenceController.kt:26)
07-25 11:35:42.881  1288  1301 E HardwareInfoFeatureProviderImpl: 	at java.lang.reflect.Constructor.newInstance0(Native Method)
07-25 11:35:42.881  1288  1301 E HardwareInfoFeatureProviderImpl: 	at java.lang.reflect.Constructor.newInstance(Constructor.java:343)
07-25 11:35:42.881  1288  1301 E HardwareInfoFeatureProviderImpl: 	at com.android.settings.core.BasePreferenceController.createInstance(BasePreferenceController.java:190)
07-25 11:35:42.881  1288  1301 E HardwareInfoFeatureProviderImpl: 	at com.android.settings.core.PreferenceControllerListHelper.getPreferenceControllersFromXml(PreferenceControllerListHelper.java:86)
07-25 11:35:42.881  1288  1301 E HardwareInfoFeatureProviderImpl: 	at com.android.settings.search.BaseSearchIndexProvider.getPreferenceControllers(BaseSearchIndexProvider.java:195)
07-25 11:35:42.881  1288  1301 E HardwareInfoFeatureProviderImpl: 	at com.android.settings.search.BaseSearchIndexProvider.getDynamicRawDataToIndex(BaseSearchIndexProvider.java:102)
07-25 11:35:42.881  1288  1301 E HardwareInfoFeatureProviderImpl: 	at com.android.settings.search.SettingsSearchIndexablesProvider.getDynamicSearchIndexableRawData(SettingsSearchIndexablesProvider.java:379)
07-25 11:35:42.881  1288  1301 E HardwareInfoFeatureProviderImpl: 	at com.android.settings.search.SettingsSearchIndexablesProvider.queryDynamicRawData(SettingsSearchIndexablesProvider.java:181)
07-25 11:35:42.881  1288  1301 E HardwareInfoFeatureProviderImpl: 	at android.provider.SearchIndexablesProvider.query(SearchIndexablesProvider.java:133)
07-25 11:35:42.881  1288  1301 E HardwareInfoFeatureProviderImpl: 	at android.content.ContentProvider.query(ContentProvider.java:1625)
07-25 11:35:42.881  1288  1301 E HardwareInfoFeatureProviderImpl: 	at android.content.ContentProvider.query(ContentProvider.java:1721)
07-25 11:35:42.881  1288  1301 E HardwareInfoFeatureProviderImpl: 	at android.content.ContentProvider$Transport.query(ContentProvider.java:296)
07-25 11:35:42.881  1288  1301 E HardwareInfoFeatureProviderImpl: 	at android.content.ContentProviderNative.onTransact(ContentProviderNative.java:107)
07-25 11:35:42.881  1288  1301 E HardwareInfoFeatureProviderImpl: 	at android.os.Binder.execTransactInternal(Binder.java:1421)
07-25 11:35:42.881  1288  1301 E HardwareInfoFeatureProviderImpl: 	at android.os.Binder.execTransact(Binder.java:1365)
07-25 11:35:43.050  1288  1301 E ScreenResolutionController: No support
07-25 11:35:43.083  1288  1299 E BaseSearchIndex: Error trying to get non-indexable keys from: com.android.settings.network.telephony.satellite.SatelliteSettingsPreferenceCategoryController@def0e51
07-25 11:35:43.083  1288  1299 E BaseSearchIndex: java.lang.NullPointerException: Attempt to invoke virtual method 'android.os.PersistableBundle com.android.settings.network.CarrierConfigCache.getConfigForSubId(int)' on a null object reference
07-25 11:35:43.083  1288  1299 E BaseSearchIndex: 	at com.android.settings.network.telephony.satellite.SatelliteSettingsPreferenceCategoryController.getAvailabilityStatus(SatelliteSettingsPreferenceCategoryController.java:102)
07-25 11:35:43.083  1288  1299 E BaseSearchIndex: 	at com.android.settings.network.telephony.TelephonyBasePreferenceController$$ExternalSyntheticLambda0.getAvailabilityStatus(R8$$SyntheticClass:0)
07-25 11:35:43.083  1288  1299 E BaseSearchIndex: 	at com.android.settings.network.telephony.MobileNetworkUtils.getAvailability(MobileNetworkUtils.java:509)
07-25 11:35:43.083  1288  1299 E BaseSearchIndex: 	at com.android.settings.network.telephony.TelephonyBasePreferenceController.getAvailabilityStatus(TelephonyBasePreferenceController.java:44)
07-25 11:35:43.083  1288  1299 E BaseSearchIndex: 	at com.android.settings.core.BasePreferenceController.isAvailableForSearch(BasePreferenceController.java:274)
07-25 11:35:43.083  1288  1299 E BaseSearchIndex: 	at com.android.settings.core.BasePreferenceController.updateNonIndexableKeys(BasePreferenceController.java:324)
07-25 11:35:43.083  1288  1299 E BaseSearchIndex: 	at com.android.settings.search.BaseSearchIndexProvider.updateNonIndexableKeysFromController(BaseSearchIndexProvider.java:156)
07-25 11:35:43.083  1288  1299 E BaseSearchIndex: 	at com.android.settings.search.BaseSearchIndexProvider.updateNonIndexableKeysFromControllers(BaseSearchIndexProvider.java:145)
07-25 11:35:43.083  1288  1299 E BaseSearchIndex: 	at com.android.settings.search.BaseSearchIndexProvider.getNonIndexableKeys(BaseSearchIndexProvider.java:136)
07-25 11:35:43.083  1288  1299 E BaseSearchIndex: 	at com.android.settings.search.SettingsSearchIndexablesProvider.getNonIndexableKeysFromProvider(SettingsSearchIndexablesProvider.java:285)
07-25 11:35:43.083  1288  1299 E BaseSearchIndex: 	at com.android.settings.search.SettingsSearchIndexablesProvider.queryNonIndexableKeys(SettingsSearchIndexablesProvider.java:158)
07-25 11:35:43.083  1288  1299 E BaseSearchIndex: 	at android.provider.SearchIndexablesProvider.query(SearchIndexablesProvider.java:127)
07-25 11:35:43.083  1288  1299 E BaseSearchIndex: 	at android.content.ContentProvider.query(ContentProvider.java:1625)
07-25 11:35:43.083  1288  1299 E BaseSearchIndex: 	at android.content.ContentProvider.query(ContentProvider.java:1721)
07-25 11:35:43.083  1288  1299 E BaseSearchIndex: 	at android.content.ContentProvider$Transport.query(ContentProvider.java:296)
07-25 11:35:43.083  1288  1299 E BaseSearchIndex: 	at android.content.ContentProviderNative.onTransact(ContentProviderNative.java:107)
07-25 11:35:43.083  1288  1299 E BaseSearchIndex: 	at android.os.Binder.execTransactInternal(Binder.java:1421)
07-25 11:35:43.083  1288  1299 E BaseSearchIndex: 	at android.os.Binder.execTransact(Binder.java:1365)
07-25 11:35:43.119  1288  1299 E ConvertToEsimPreference: Fail to check pSIM conversion supported carrier: Attempt to invoke virtual method 'boolean android.telephony.euicc.EuiccManager.isPsimConversionSupported(int)' on a null object reference
07-25 11:35:43.121  1288  1299 E ConvertToEsimPreference: Fail to check pSIM conversion supported carrier: Attempt to invoke virtual method 'boolean android.telephony.euicc.EuiccManager.isPsimConversionSupported(int)' on a null object reference
07-25 11:35:43.225  1288  1301 E DSRotLockSettingsMngr: No matching device state for posture: 0
07-25 11:35:43.227  1288  1301 E DSRotLockSettingsMngr: No matching device state for posture: 2
07-25 11:35:43.228  1288  1301 E DSRotLockSettingsMngr: No matching device state for posture: 1
07-25 11:35:43.444  1288  1299 E ScreenResolutionController: No support
07-25 11:35:43.448  1288  1299 E HardwareInfoFeatureProviderImpl: Could not parse manufactured year from serial.
07-25 11:35:43.448  1288  1299 E HardwareInfoFeatureProviderImpl: java.lang.NumberFormatException: For input string: "E"
07-25 11:35:43.448  1288  1299 E HardwareInfoFeatureProviderImpl: 	at java.lang.Integer.parseInt(Integer.java:781)
07-25 11:35:43.448  1288  1299 E HardwareInfoFeatureProviderImpl: 	at java.lang.Integer.valueOf(Integer.java:1108)
07-25 11:35:43.448  1288  1299 E HardwareInfoFeatureProviderImpl: 	at com.google.android.settings.hardwareinfo.HardwareInfoFeatureProviderGoogleImpl.getManufacturedYear(HardwareInfoFeatureProviderGoogleImpl.kt:24)
07-25 11:35:43.448  1288  1299 E HardwareInfoFeatureProviderImpl: 	at com.android.settings.deviceinfo.hardwareinfo.ManufacturedYearPreferenceController.<init>(ManufacturedYearPreferenceController.kt:26)
07-25 11:35:43.448  1288  1299 E HardwareInfoFeatureProviderImpl: 	at java.lang.reflect.Constructor.newInstance0(Native Method)
07-25 11:35:43.448  1288  1299 E HardwareInfoFeatureProviderImpl: 	at java.lang.reflect.Constructor.newInstance(Constructor.java:343)
07-25 11:35:43.448  1288  1299 E HardwareInfoFeatureProviderImpl: 	at com.android.settings.core.BasePreferenceController.createInstance(BasePreferenceController.java:190)
07-25 11:35:43.448  1288  1299 E HardwareInfoFeatureProviderImpl: 	at com.android.settings.core.PreferenceControllerListHelper.getPreferenceControllersFromXml(PreferenceControllerListHelper.java:86)
07-25 11:35:43.448  1288  1299 E HardwareInfoFeatureProviderImpl: 	at com.android.settings.search.BaseSearchIndexProvider.getPreferenceControllers(BaseSearchIndexProvider.java:195)
07-25 11:35:43.448  1288  1299 E HardwareInfoFeatureProviderImpl: 	at com.android.settings.search.BaseSearchIndexProvider.updateNonIndexableKeysFromControllers(BaseSearchIndexProvider.java:142)
07-25 11:35:43.448  1288  1299 E HardwareInfoFeatureProviderImpl: 	at com.android.settings.search.BaseSearchIndexProvider.getNonIndexableKeys(BaseSearchIndexProvider.java:136)
07-25 11:35:43.448  1288  1299 E HardwareInfoFeatureProviderImpl: 	at com.android.settings.search.SettingsSearchIndexablesProvider.getNonIndexableKeysFromProvider(SettingsSearchIndexablesProvider.java:285)
07-25 11:35:43.448  1288  1299 E HardwareInfoFeatureProviderImpl: 	at com.android.settings.search.SettingsSearchIndexablesProvider.queryNonIndexableKeys(SettingsSearchIndexablesProvider.java:158)
07-25 11:35:43.448  1288  1299 E HardwareInfoFeatureProviderImpl: 	at android.provider.SearchIndexablesProvider.query(SearchIndexablesProvider.java:127)
07-25 11:35:43.448  1288  1299 E HardwareInfoFeatureProviderImpl: 	at android.content.ContentProvider.query(ContentProvider.java:1625)
07-25 11:35:43.448  1288  1299 E HardwareInfoFeatureProviderImpl: 	at android.content.ContentProvider.query(ContentProvider.java:1721)
07-25 11:35:43.448  1288  1299 E HardwareInfoFeatureProviderImpl: 	at android.content.ContentProvider$Transport.query(ContentProvider.java:296)
07-25 11:35:43.448  1288  1299 E HardwareInfoFeatureProviderImpl: 	at android.content.ContentProviderNative.onTransact(ContentProviderNative.java:107)
07-25 11:35:43.448  1288  1299 E HardwareInfoFeatureProviderImpl: 	at android.os.Binder.execTransactInternal(Binder.java:1421)
07-25 11:35:43.448  1288  1299 E HardwareInfoFeatureProviderImpl: 	at android.os.Binder.execTransact(Binder.java:1365)
07-25 11:35:43.593  1288  1299 E ScreenResolutionController: No support
07-25 11:35:43.820  2784  2796 E ashmem  : Pinning is deprecated since Android Q. Please use trim or other methods.
07-25 11:35:44.119  3493  3493 E .android.gms.ui: Not starting debugger since process cannot load the jdwp agent.
07-25 11:35:44.168  3500  3500 E marvin.talkback: Not starting debugger since process cannot load the jdwp agent.
07-25 11:35:44.741  1918  1918 E rdv     : onError
07-25 11:35:44.741  1918  1918 E rdv     : afvv: errorCode: 65561, engine: 2
07-25 11:35:44.741  1918  1918 E rdv     : 	at auki.a(PG:23)
07-25 11:35:44.741  1918  1918 E rdv     : 	at abhl.hv(PG:13)
07-25 11:35:44.741  1918  1918 E rdv     : 	at fyqd.e(PG:9)
07-25 11:35:44.741  1918  1918 E rdv     : 	at ahbi.d(PG:154)
07-25 11:35:44.741  1918  1918 E rdv     : 	at ahbi.iW(PG:26)
07-25 11:35:44.741  1918  1918 E rdv     : 	at abhm.c(PG:102)
07-25 11:35:44.741  1918  1918 E rdv     : 	at abhn.run(PG:1)
07-25 11:35:44.741  1918  1918 E rdv     : 	at java.util.concurrent.Executors$RunnableAdapter.call(Executors.java:524)
07-25 11:35:44.741  1918  1918 E rdv     : 	at java.util.concurrent.FutureTask.run(FutureTask.java:317)
07-25 11:35:44.741  1918  1918 E rdv     : 	at aggv.run(PG:20)
07-25 11:35:44.741  1918  1918 E rdv     : 	at aght.run(PG:3)
07-25 11:35:44.741  1918  1918 E rdv     : 	at aght.run(PG:3)
07-25 11:35:44.741  1918  1918 E rdv     : 	at java.util.concurrent.ThreadPoolExecutor.runWorker(ThreadPoolExecutor.java:1156)
07-25 11:35:44.741  1918  1918 E rdv     : 	at java.util.concurrent.ThreadPoolExecutor$Worker.run(ThreadPoolExecutor.java:651)
07-25 11:35:44.741  1918  1918 E rdv     : 	at java.lang.Thread.run(Thread.java:1119)
07-25 11:35:44.741  1918  1918 E rdv     : 	at aggj.run(PG:42)
07-25 11:35:44.741  1918  1918 E rdv     : Caused by: afvx: errorCode: 65586, engine: 2
07-25 11:35:44.741  1918  1918 E rdv     : 	at abhl.hv(PG:6)
07-25 11:35:44.741  1918  1918 E rdv     : 	... 14 more
07-25 11:35:44.741  1918  1918 E rdv     : Caused by: afvt: errorCode: 401, engine: 2
07-25 11:35:44.741  1918  1918 E rdv     : 	at rds.b(PG:30)
07-25 11:35:44.741  1918  1918 E rdv     : 	at abii.hJ(PG:11)
07-25 11:35:44.741  1918  1918 E rdv     : 	at ahbi.d(PG:129)
07-25 11:35:44.741  1918  1918 E rdv     : 	... 12 more
07-25 11:35:44.862  3500  3561 E ashmem  : Pinning is deprecated since Android Q. Please use trim or other methods.
07-25 11:35:45.528  3493  3596 E ashmem  : Pinning is deprecated since Android Q. Please use trim or other methods.
07-25 11:35:47.246  1918  2572 E ajwr    : Couldn't get logged in Google account.
07-25 11:35:47.721  1288  3656 E WifiScanner: listener does not exist
07-25 11:36:09.011  2171  2463 E DialerRestVvmCarrierService: com.android.dialer.voicemail.service.impl.vvmclients.rest.RestVvmCarrierService.getMsisdn:420 Retrieved phone number in an unexpected format: +15551234567 [CONTEXT disable_client_error_logging=true ]
07-25 11:36:09.011  2171  2463 E DialerRestVvmCarrierService: zxo: MEDIUM
07-25 11:36:09.011  2171  2463 E DialerRestVvmCarrierService: 	at a.cN(PG:15)
07-25 11:36:09.011  2171  2463 E DialerRestVvmCarrierService: 	at pxq.apply(PG:489)
07-25 11:36:09.011  2171  2463 E DialerRestVvmCarrierService: 	at zcp.apply(PG:13)
07-25 11:36:09.011  2171  2463 E DialerRestVvmCarrierService: 	at aaka.d(PG:3)
07-25 11:36:09.011  2171  2463 E DialerRestVvmCarrierService: 	at aakb.run(PG:38)
07-25 11:36:09.011  2171  2463 E DialerRestVvmCarrierService: 	at umz.run(PG:7)
07-25 11:36:09.011  2171  2463 E DialerRestVvmCarrierService: 	at aadu.run(PG:44)
07-25 11:36:09.011  2171  2463 E DialerRestVvmCarrierService: 	at tdt.run(PG:78)
07-25 11:36:09.011  2171  2463 E DialerRestVvmCarrierService: 	at cp.run(PG:143)
07-25 11:36:09.011  2171  2463 E DialerRestVvmCarrierService: 	at java.lang.Thread.run(Thread.java:1119)
07-25 11:36:09.011  2171  2463 E DialerRestVvmCarrierService: 	at uoe.run(PG:61)
07-25 11:36:09.205  2171  2397 E DialerRestVvmCarrierService: com.android.dialer.voicemail.service.impl.vvmclients.rest.RestVvmCarrierService.getMsisdn:420 Retrieved phone number in an unexpected format: +15551234567 [CONTEXT disable_client_error_logging=true ]
07-25 11:36:09.205  2171  2397 E DialerRestVvmCarrierService: zxo: MEDIUM
07-25 11:36:09.205  2171  2397 E DialerRestVvmCarrierService: 	at a.cN(PG:15)
07-25 11:36:09.205  2171  2397 E DialerRestVvmCarrierService: 	at pxq.apply(PG:489)
07-25 11:36:09.205  2171  2397 E DialerRestVvmCarrierService: 	at zcp.apply(PG:13)
07-25 11:36:09.205  2171  2397 E DialerRestVvmCarrierService: 	at aaka.d(PG:3)
07-25 11:36:09.205  2171  2397 E DialerRestVvmCarrierService: 	at aakb.run(PG:38)
07-25 11:36:09.205  2171  2397 E DialerRestVvmCarrierService: 	at umz.run(PG:7)
07-25 11:36:09.205  2171  2397 E DialerRestVvmCarrierService: 	at aadu.run(PG:44)
07-25 11:36:09.205  2171  2397 E DialerRestVvmCarrierService: 	at tdt.run(PG:78)
07-25 11:36:09.205  2171  2397 E DialerRestVvmCarrierService: 	at cp.run(PG:143)
07-25 11:36:09.205  2171  2397 E DialerRestVvmCarrierService: 	at java.lang.Thread.run(Thread.java:1119)
07-25 11:36:09.205  2171  2397 E DialerRestVvmCarrierService: 	at uoe.run(PG:61)
07-25 11:36:09.324  2171  2464 E DialerRestVvmCarrierService: com.android.dialer.voicemail.service.impl.vvmclients.rest.RestVvmCarrierService.getMsisdn:420 Retrieved phone number in an unexpected format: +15551234567 [CONTEXT disable_client_error_logging=true ]
07-25 11:36:09.324  2171  2464 E DialerRestVvmCarrierService: zxo: MEDIUM
07-25 11:36:09.324  2171  2464 E DialerRestVvmCarrierService: 	at a.cN(PG:15)
07-25 11:36:09.324  2171  2464 E DialerRestVvmCarrierService: 	at pxq.apply(PG:489)
07-25 11:36:09.324  2171  2464 E DialerRestVvmCarrierService: 	at zcp.apply(PG:13)
07-25 11:36:09.324  2171  2464 E DialerRestVvmCarrierService: 	at aaka.d(PG:3)
07-25 11:36:09.324  2171  2464 E DialerRestVvmCarrierService: 	at aakb.run(PG:38)
07-25 11:36:09.324  2171  2464 E DialerRestVvmCarrierService: 	at umz.run(PG:7)
07-25 11:36:09.324  2171  2464 E DialerRestVvmCarrierService: 	at aadu.run(PG:44)
07-25 11:36:09.324  2171  2464 E DialerRestVvmCarrierService: 	at tdt.run(PG:78)
07-25 11:36:09.324  2171  2464 E DialerRestVvmCarrierService: 	at cp.run(PG:143)
07-25 11:36:09.324  2171  2464 E DialerRestVvmCarrierService: 	at java.lang.Thread.run(Thread.java:1119)
07-25 11:36:09.324  2171  2464 E DialerRestVvmCarrierService: 	at uoe.run(PG:61)
07-25 11:36:09.728  1573  2986 E humv    : *~*~*~ Previous channel {0} was garbage collected without being shut down! ~*~*~*
07-25 11:36:09.728  1573  2986 E humv    :     Make sure to call shutdown()/shutdownNow()
07-25 11:36:09.728  1573  2986 E humv    : java.lang.RuntimeException: ManagedChannel allocation site
07-25 11:36:09.728  1573  2986 E humv    : 	at humu.<init>(:com.google.android.gms@252635038@25.26.35 (260800-783060121):21)
07-25 11:36:09.728  1573  2986 E humv    : 	at humv.<init>(:com.google.android.gms@252635038@25.26.35 (260800-783060121):10)
07-25 11:36:09.728  1573  2986 E humv    : 	at humt.a(:com.google.android.gms@252635038@25.26.35 (260800-783060121):250)
07-25 11:36:09.728  1573  2986 E humv    : 	at htxu.a(:com.google.android.gms@252635038@25.26.35 (260800-783060121):5)
07-25 11:36:09.728  1573  2986 E humv    : 	at azji.a(:com.google.android.gms@252635038@25.26.35 (260800-783060121):70)
07-25 11:36:09.728  1573  2986 E humv    : 	at aziz.u(:com.google.android.gms@252635038@25.26.35 (260800-783060121):119)
07-25 11:36:09.728  1573  2986 E humv    : 	at aziz.e(:com.google.android.gms@252635038@25.26.35 (260800-783060121):5)
07-25 11:36:09.728  1573  2986 E humv    : 	at enei.a(:com.google.android.gms@252635038@25.26.35 (260800-783060121):45)
07-25 11:36:09.728  1573  2986 E humv    : 	at endn.c(:com.google.android.gms@252635038@25.26.35 (260800-783060121):20)
07-25 11:36:09.728  1573  2986 E humv    : 	at endn.a(:com.google.android.gms@252635038@25.26.35 (260800-783060121):3)
07-25 11:36:09.728  1573  2986 E humv    : 	at augc.run(:com.google.android.gms@252635038@25.26.35 (260800-783060121):5)
07-25 11:36:09.728  1573  2986 E humv    : 	at azpj.c(:com.google.android.gms@252635038@25.26.35 (260800-783060121):50)
07-25 11:36:09.728  1573  2986 E humv    : 	at azpj.run(:com.google.android.gms@252635038@25.26.35 (260800-783060121):70)
07-25 11:36:09.728  1573  2986 E humv    : 	at java.util.concurrent.ThreadPoolExecutor.runWorker(ThreadPoolExecutor.java:1156)
07-25 11:36:09.728  1573  2986 E humv    : 	at java.util.concurrent.ThreadPoolExecutor$Worker.run(ThreadPoolExecutor.java:651)
07-25 11:36:09.728  1573  2986 E humv    : 	at azva.run(:com.google.android.gms@252635038@25.26.35 (260800-783060121):8)
07-25 11:36:09.728  1573  2986 E humv    : 	at java.lang.Thread.run(Thread.java:1119)
07-25 11:36:19.459  2250  2695 E PlayCommon: [85] Error reading the content of the response body: java.io.EOFException
07-25 11:36:37.452  1918  1918 E rdv     : onError
07-25 11:36:37.452  1918  1918 E rdv     : afvv: errorCode: 65561, engine: 2
07-25 11:36:37.452  1918  1918 E rdv     : 	at auki.a(PG:23)
07-25 11:36:37.452  1918  1918 E rdv     : 	at abhl.hv(PG:13)
07-25 11:36:37.452  1918  1918 E rdv     : 	at fyqd.e(PG:9)
07-25 11:36:37.452  1918  1918 E rdv     : 	at ahbi.d(PG:154)
07-25 11:36:37.452  1918  1918 E rdv     : 	at ahbi.iW(PG:26)
07-25 11:36:37.452  1918  1918 E rdv     : 	at abhm.c(PG:102)
07-25 11:36:37.452  1918  1918 E rdv     : 	at abhn.run(PG:1)
07-25 11:36:37.452  1918  1918 E rdv     : 	at java.util.concurrent.Executors$RunnableAdapter.call(Executors.java:524)
07-25 11:36:37.452  1918  1918 E rdv     : 	at java.util.concurrent.FutureTask.run(FutureTask.java:317)
07-25 11:36:37.452  1918  1918 E rdv     : 	at aggv.run(PG:20)
07-25 11:36:37.452  1918  1918 E rdv     : 	at aght.run(PG:3)
07-25 11:36:37.452  1918  1918 E rdv     : 	at aght.run(PG:3)
07-25 11:36:37.452  1918  1918 E rdv     : 	at java.util.concurrent.ThreadPoolExecutor.runWorker(ThreadPoolExecutor.java:1156)
07-25 11:36:37.452  1918  1918 E rdv     : 	at java.util.concurrent.ThreadPoolExecutor$Worker.run(ThreadPoolExecutor.java:651)
07-25 11:36:37.452  1918  1918 E rdv     : 	at java.lang.Thread.run(Thread.java:1119)
07-25 11:36:37.452  1918  1918 E rdv     : 	at aggj.run(PG:42)
07-25 11:36:37.452  1918  1918 E rdv     : Caused by: afvx: errorCode: 65586, engine: 2
07-25 11:36:37.452  1918  1918 E rdv     : 	at abhl.hv(PG:6)
07-25 11:36:37.452  1918  1918 E rdv     : 	... 14 more
07-25 11:36:37.452  1918  1918 E rdv     : Caused by: afvt: errorCode: 401, engine: 2
07-25 11:36:37.452  1918  1918 E rdv     : 	at rds.b(PG:30)
07-25 11:36:37.452  1918  1918 E rdv     : 	at abii.hJ(PG:11)
07-25 11:36:37.452  1918  1918 E rdv     : 	at ahbi.d(PG:129)
07-25 11:36:37.452  1918  1918 E rdv     : 	... 12 more
07-25 11:36:42.938  2171  2463 E DialerRestVvmCarrierService: com.android.dialer.voicemail.service.impl.vvmclients.rest.RestVvmCarrierService.getMsisdn:420 Retrieved phone number in an unexpected format: +15551234567 [CONTEXT disable_client_error_logging=true ]
07-25 11:36:42.938  2171  2463 E DialerRestVvmCarrierService: zxo: MEDIUM
07-25 11:36:42.938  2171  2463 E DialerRestVvmCarrierService: 	at a.cN(PG:15)
07-25 11:36:42.938  2171  2463 E DialerRestVvmCarrierService: 	at pxq.apply(PG:489)
07-25 11:36:42.938  2171  2463 E DialerRestVvmCarrierService: 	at zcp.apply(PG:13)
07-25 11:36:42.938  2171  2463 E DialerRestVvmCarrierService: 	at aaka.d(PG:3)
07-25 11:36:42.938  2171  2463 E DialerRestVvmCarrierService: 	at aakb.run(PG:38)
07-25 11:36:42.938  2171  2463 E DialerRestVvmCarrierService: 	at umz.run(PG:7)
07-25 11:36:42.938  2171  2463 E DialerRestVvmCarrierService: 	at aadu.run(PG:44)
07-25 11:36:42.938  2171  2463 E DialerRestVvmCarrierService: 	at tdt.run(PG:78)
07-25 11:36:42.938  2171  2463 E DialerRestVvmCarrierService: 	at cp.run(PG:143)
07-25 11:36:42.938  2171  2463 E DialerRestVvmCarrierService: 	at java.lang.Thread.run(Thread.java:1119)
07-25 11:36:42.938  2171  2463 E DialerRestVvmCarrierService: 	at uoe.run(PG:61)
07-25 11:36:43.193  1288  3656 E WifiScanner: listener does not exist
07-25 11:36:43.229   773  3067 E WifiService: Attempt to retrieve passpoint with invalid scanResult List
07-25 11:37:19.300  2171  2463 E DialerRestVvmCarrierService: com.android.dialer.voicemail.service.impl.vvmclients.rest.RestVvmCarrierService.getMsisdn:420 Retrieved phone number in an unexpected format: +15551234567 [CONTEXT disable_client_error_logging=true ]
07-25 11:37:19.300  2171  2463 E DialerRestVvmCarrierService: zxo: MEDIUM
07-25 11:37:19.300  2171  2463 E DialerRestVvmCarrierService: 	at a.cN(PG:15)
07-25 11:37:19.300  2171  2463 E DialerRestVvmCarrierService: 	at pxq.apply(PG:489)
07-25 11:37:19.300  2171  2463 E DialerRestVvmCarrierService: 	at zcp.apply(PG:13)
07-25 11:37:19.300  2171  2463 E DialerRestVvmCarrierService: 	at aaka.d(PG:3)
07-25 11:37:19.300  2171  2463 E DialerRestVvmCarrierService: 	at aakb.run(PG:38)
07-25 11:37:19.300  2171  2463 E DialerRestVvmCarrierService: 	at umz.run(PG:7)
07-25 11:37:19.300  2171  2463 E DialerRestVvmCarrierService: 	at aadu.run(PG:44)
07-25 11:37:19.300  2171  2463 E DialerRestVvmCarrierService: 	at tdt.run(PG:78)
07-25 11:37:19.300  2171  2463 E DialerRestVvmCarrierService: 	at cp.run(PG:143)
07-25 11:37:19.300  2171  2463 E DialerRestVvmCarrierService: 	at java.lang.Thread.run(Thread.java:1119)
07-25 11:37:19.300  2171  2463 E DialerRestVvmCarrierService: 	at uoe.run(PG:61)
07-25 11:37:19.356  2171  2397 E DialerRestVvmCarrierService: com.android.dialer.voicemail.service.impl.vvmclients.rest.RestVvmCarrierService.getMsisdn:420 Retrieved phone number in an unexpected format: +15551234567 [CONTEXT disable_client_error_logging=true ]
07-25 11:37:19.356  2171  2397 E DialerRestVvmCarrierService: zxo: MEDIUM
07-25 11:37:19.356  2171  2397 E DialerRestVvmCarrierService: 	at a.cN(PG:15)
07-25 11:37:19.356  2171  2397 E DialerRestVvmCarrierService: 	at pxq.apply(PG:489)
07-25 11:37:19.356  2171  2397 E DialerRestVvmCarrierService: 	at zcp.apply(PG:13)
07-25 11:37:19.356  2171  2397 E DialerRestVvmCarrierService: 	at aaka.d(PG:3)
07-25 11:37:19.356  2171  2397 E DialerRestVvmCarrierService: 	at aakb.run(PG:38)
07-25 11:37:19.356  2171  2397 E DialerRestVvmCarrierService: 	at umz.run(PG:7)
07-25 11:37:19.356  2171  2397 E DialerRestVvmCarrierService: 	at aadu.run(PG:44)
07-25 11:37:19.356  2171  2397 E DialerRestVvmCarrierService: 	at tdt.run(PG:78)
07-25 11:37:19.356  2171  2397 E DialerRestVvmCarrierService: 	at cp.run(PG:143)
07-25 11:37:19.356  2171  2397 E DialerRestVvmCarrierService: 	at java.lang.Thread.run(Thread.java:1119)
07-25 11:37:19.356  2171  2397 E DialerRestVvmCarrierService: 	at uoe.run(PG:61)
07-25 11:37:19.437  2171  2462 E DialerRestVvmCarrierService: com.android.dialer.voicemail.service.impl.vvmclients.rest.RestVvmCarrierService.getMsisdn:420 Retrieved phone number in an unexpected format: +15551234567 [CONTEXT disable_client_error_logging=true ]
07-25 11:37:19.437  2171  2462 E DialerRestVvmCarrierService: zxo: MEDIUM
07-25 11:37:19.437  2171  2462 E DialerRestVvmCarrierService: 	at a.cN(PG:15)
07-25 11:37:19.437  2171  2462 E DialerRestVvmCarrierService: 	at pxq.apply(PG:489)
07-25 11:37:19.437  2171  2462 E DialerRestVvmCarrierService: 	at zcp.apply(PG:13)
07-25 11:37:19.437  2171  2462 E DialerRestVvmCarrierService: 	at aaka.d(PG:3)
07-25 11:37:19.437  2171  2462 E DialerRestVvmCarrierService: 	at aakb.run(PG:38)
07-25 11:37:19.437  2171  2462 E DialerRestVvmCarrierService: 	at umz.run(PG:7)
07-25 11:37:19.437  2171  2462 E DialerRestVvmCarrierService: 	at aadu.run(PG:44)
07-25 11:37:19.437  2171  2462 E DialerRestVvmCarrierService: 	at tdt.run(PG:78)
07-25 11:37:19.437  2171  2462 E DialerRestVvmCarrierService: 	at cp.run(PG:143)
07-25 11:37:19.437  2171  2462 E DialerRestVvmCarrierService: 	at java.lang.Thread.run(Thread.java:1119)
07-25 11:37:19.437  2171  2462 E DialerRestVvmCarrierService: 	at uoe.run(PG:61)
07-25 11:37:19.509  2171  2397 E DialerRestVvmCarrierService: com.android.dialer.voicemail.service.impl.vvmclients.rest.RestVvmCarrierService.getMsisdn:420 Retrieved phone number in an unexpected format: +15551234567 [CONTEXT disable_client_error_logging=true ]
07-25 11:37:19.509  2171  2397 E DialerRestVvmCarrierService: zxo: MEDIUM
07-25 11:37:19.509  2171  2397 E DialerRestVvmCarrierService: 	at a.cN(PG:15)
07-25 11:37:19.509  2171  2397 E DialerRestVvmCarrierService: 	at pxq.apply(PG:489)
07-25 11:37:19.509  2171  2397 E DialerRestVvmCarrierService: 	at zcp.apply(PG:13)
07-25 11:37:19.509  2171  2397 E DialerRestVvmCarrierService: 	at aaka.d(PG:3)
07-25 11:37:19.509  2171  2397 E DialerRestVvmCarrierService: 	at aakb.run(PG:38)
07-25 11:37:19.509  2171  2397 E DialerRestVvmCarrierService: 	at umz.run(PG:7)
07-25 11:37:19.509  2171  2397 E DialerRestVvmCarrierService: 	at aadu.run(PG:44)
07-25 11:37:19.509  2171  2397 E DialerRestVvmCarrierService: 	at tdt.run(PG:78)
07-25 11:37:19.509  2171  2397 E DialerRestVvmCarrierService: 	at cp.run(PG:143)
07-25 11:37:19.509  2171  2397 E DialerRestVvmCarrierService: 	at java.lang.Thread.run(Thread.java:1119)
07-25 11:37:19.509  2171  2397 E DialerRestVvmCarrierService: 	at uoe.run(PG:61)
07-25 11:37:25.279  1573  1958 E humv    : *~*~*~ Previous channel {0} was garbage collected without being shut down! ~*~*~*
07-25 11:37:25.279  1573  1958 E humv    :     Make sure to call shutdown()/shutdownNow()
07-25 11:37:25.279  1573  1958 E humv    : java.lang.RuntimeException: ManagedChannel allocation site
07-25 11:37:25.279  1573  1958 E humv    : 	at humu.<init>(:com.google.android.gms@252635038@25.26.35 (260800-783060121):21)
07-25 11:37:25.279  1573  1958 E humv    : 	at humv.<init>(:com.google.android.gms@252635038@25.26.35 (260800-783060121):10)
07-25 11:37:25.279  1573  1958 E humv    : 	at humt.a(:com.google.android.gms@252635038@25.26.35 (260800-783060121):250)
07-25 11:37:25.279  1573  1958 E humv    : 	at htxu.a(:com.google.android.gms@252635038@25.26.35 (260800-783060121):5)
07-25 11:37:25.279  1573  1958 E humv    : 	at cjvj.h(:com.google.android.gms@252635038@25.26.35 (260800-783060121):81)
07-25 11:37:25.279  1573  1958 E humv    : 	at gjoq.a(:com.google.android.gms@252635038@25.26.35 (260800-783060121):182)
07-25 11:37:25.279  1573  1958 E humv    : 	at fxzx.a(:com.google.android.gms@252635038@25.26.35 (260800-783060121):13)
07-25 11:37:25.279  1573  1958 E humv    : 	at ggfj.a(:com.google.android.gms@252635038@25.26.35 (260800-783060121):3)
07-25 11:37:25.279  1573  1958 E humv    : 	at ggek.run(:com.google.android.gms@252635038@25.26.35 (260800-783060121):19)
07-25 11:37:25.279  1573  1958 E humv    : 	at ggfl.run(:com.google.android.gms@252635038@25.26.35 (260800-783060121):5)
07-25 11:37:25.279  1573  1958 E humv    : 	at azpj.c(:com.google.android.gms@252635038@25.26.35 (260800-783060121):50)
07-25 11:37:25.279  1573  1958 E humv    : 	at azpj.run(:com.google.android.gms@252635038@25.26.35 (260800-783060121):70)
07-25 11:37:25.279  1573  1958 E humv    : 	at java.util.concurrent.ThreadPoolExecutor.runWorker(ThreadPoolExecutor.java:1156)
07-25 11:37:25.279  1573  1958 E humv    : 	at java.util.concurrent.ThreadPoolExecutor$Worker.run(ThreadPoolExecutor.java:651)
07-25 11:37:25.279  1573  1958 E humv    : 	at azva.run(:com.google.android.gms@252635038@25.26.35 (260800-783060121):8)
07-25 11:37:25.279  1573  1958 E humv    : 	at java.lang.Thread.run(Thread.java:1119)
07-25 11:37:25.280  1573  1958 E humv    : *~*~*~ Previous channel {0} was garbage collected without being shut down! ~*~*~*
07-25 11:37:25.280  1573  1958 E humv    :     Make sure to call shutdown()/shutdownNow()
07-25 11:37:25.280  1573  1958 E humv    : java.lang.RuntimeException: ManagedChannel allocation site
07-25 11:37:25.280  1573  1958 E humv    : 	at humu.<init>(:com.google.android.gms@252635038@25.26.35 (260800-783060121):21)
07-25 11:37:25.280  1573  1958 E humv    : 	at humv.<init>(:com.google.android.gms@252635038@25.26.35 (260800-783060121):10)
07-25 11:37:25.280  1573  1958 E humv    : 	at humt.a(:com.google.android.gms@252635038@25.26.35 (260800-783060121):250)
07-25 11:37:25.280  1573  1958 E humv    : 	at htxu.a(:com.google.android.gms@252635038@25.26.35 (260800-783060121):5)
07-25 11:37:25.280  1573  1958 E humv    : 	at cjvj.h(:com.google.android.gms@252635038@25.26.35 (260800-783060121):81)
07-25 11:37:25.280  1573  1958 E humv    : 	at gjoq.a(:com.google.android.gms@252635038@25.26.35 (260800-783060121):182)
07-25 11:37:25.280  1573  1958 E humv    : 	at fxzx.a(:com.google.android.gms@252635038@25.26.35 (260800-783060121):13)
07-25 11:37:25.280  1573  1958 E humv    : 	at ggfj.a(:com.google.android.gms@252635038@25.26.35 (260800-783060121):3)
07-25 11:37:25.280  1573  1958 E humv    : 	at ggek.run(:com.google.android.gms@252635038@25.26.35 (260800-783060121):19)
07-25 11:37:25.280  1573  1958 E humv    : 	at ggfl.run(:com.google.android.gms@252635038@25.26.35 (260800-783060121):5)
07-25 11:37:25.280  1573  1958 E humv    : 	at azpj.c(:com.google.android.gms@252635038@25.26.35 (260800-783060121):50)
07-25 11:37:25.280  1573  1958 E humv    : 	at azpj.run(:com.google.android.gms@252635038@25.26.35 (260800-783060121):70)
07-25 11:37:25.280  1573  1958 E humv    : 	at java.util.concurrent.ThreadPoolExecutor.runWorker(ThreadPoolExecutor.java:1156)
07-25 11:37:25.280  1573  1958 E humv    : 	at java.util.concurrent.ThreadPoolExecutor$Worker.run(ThreadPoolExecutor.java:651)
07-25 11:37:25.280  1573  1958 E humv    : 	at azva.run(:com.google.android.gms@252635038@25.26.35 (260800-783060121):8)
07-25 11:37:25.280  1573  1958 E humv    : 	at java.lang.Thread.run(Thread.java:1119)
07-25 11:38:11.751  1918  1918 E rdv     : onError
07-25 11:38:11.751  1918  1918 E rdv     : afvv: errorCode: 65561, engine: 2
07-25 11:38:11.751  1918  1918 E rdv     : 	at auki.a(PG:23)
07-25 11:38:11.751  1918  1918 E rdv     : 	at abhl.hv(PG:13)
07-25 11:38:11.751  1918  1918 E rdv     : 	at fyqd.e(PG:9)
07-25 11:38:11.751  1918  1918 E rdv     : 	at ahbi.d(PG:154)
07-25 11:38:11.751  1918  1918 E rdv     : 	at ahbi.iW(PG:26)
07-25 11:38:11.751  1918  1918 E rdv     : 	at abhm.c(PG:102)
07-25 11:38:11.751  1918  1918 E rdv     : 	at abhn.run(PG:1)
07-25 11:38:11.751  1918  1918 E rdv     : 	at java.util.concurrent.Executors$RunnableAdapter.call(Executors.java:524)
07-25 11:38:11.751  1918  1918 E rdv     : 	at java.util.concurrent.FutureTask.run(FutureTask.java:317)
07-25 11:38:11.751  1918  1918 E rdv     : 	at aggv.run(PG:20)
07-25 11:38:11.751  1918  1918 E rdv     : 	at aght.run(PG:3)
07-25 11:38:11.751  1918  1918 E rdv     : 	at aght.run(PG:3)
07-25 11:38:11.751  1918  1918 E rdv     : 	at java.util.concurrent.ThreadPoolExecutor.runWorker(ThreadPoolExecutor.java:1156)
07-25 11:38:11.751  1918  1918 E rdv     : 	at java.util.concurrent.ThreadPoolExecutor$Worker.run(ThreadPoolExecutor.java:651)
07-25 11:38:11.751  1918  1918 E rdv     : 	at java.lang.Thread.run(Thread.java:1119)
07-25 11:38:11.751  1918  1918 E rdv     : 	at aggj.run(PG:42)
07-25 11:38:11.751  1918  1918 E rdv     : Caused by: afvx: errorCode: 65586, engine: 2
07-25 11:38:11.751  1918  1918 E rdv     : 	at abhl.hv(PG:6)
07-25 11:38:11.751  1918  1918 E rdv     : 	... 14 more
07-25 11:38:11.751  1918  1918 E rdv     : Caused by: afvt: errorCode: 401, engine: 2
07-25 11:38:11.751  1918  1918 E rdv     : 	at rds.b(PG:30)
07-25 11:38:11.751  1918  1918 E rdv     : 	at abii.hJ(PG:11)
07-25 11:38:11.751  1918  1918 E rdv     : 	at ahbi.d(PG:129)
07-25 11:38:11.751  1918  1918 E rdv     : 	... 12 more
